08-25 21:09:22.425  2074 11988 D BufferPoolAccessor2.0: bufferpool2 0xb400007b6e66a728 : 66(375567 size) total buffers - 1(27929 size) used buffers - 727/3586 (recycle/alloc) - 2870/3585 (fetch/transfer)
08-25 21:09:22.425  2074 11988 D C2SoftVpxEnc: bytes generated 27929
08-25 21:09:22.426  2609  3182 I ImeTracker: com.android.launcher3:97d243b: onRequestHide at ORIGIN_SERVER_HIDE_INPUT reason HIDE_UNSPECIFIED_WINDOW
08-25 21:09:22.426  1365  6639 D AGM: graph: graph_prepare: 885 exit, ret 0
08-25 21:09:22.426  1365  6639 D AGM: graph: graph_start: 899 entry graph_handle 0x147534c
08-25 21:09:22.427  2609  3182 I ImeTracker: com.android.launcher3:97d243b: onCancelled at PHASE_SERVER_SHOULD_HIDE
08-25 21:09:22.427  1365  6639 D AGM: graph: graph_start: 912 exit, ret 0
08-25 21:09:22.427  5636  5636 I GoogleInputMethodService: GoogleInputMethodService.onStartInput():1950 onStartInput(EditorInfo{EditorInfo{packageName=com.android.launcher3, inputType=0, inputTypeString=NULL, enableLearning=false, autoCorrection=false, autoComplete=false, imeOptions=0, privateImeOptions=null, actionName=UNSPECIFIED, actionLabel=null, initialSelStart=-1, initialSelEnd=-1, initialCapsMode=0, label=null, fieldId=0, fieldName=null, extras=null, hintText=null, hintLocales=[]}}, false)
08-25 21:09:22.428  5636  5636 I GoogleInputMethodService: GoogleInputMethodService.updateDeviceLockedStatus():2210 repeatCheckTimes = 1, locked = false
08-25 21:09:22.428  5636  5636 I AndroidIME: InputBundleManager.loadActiveInputBundleId():450 loadActiveInputBundleId: und-Latn-x-password, password
08-25 21:09:22.429  2609  6485 W PackageConfigPersister: App-specific configuration not found for packageName: com.android.launcher3 and userId: 0
08-25 21:09:22.430  3009  3009 D KeyguardViewMediator: handleSetOccluded(false)
08-25 21:09:22.430  3396  4031 W qdgralloc: getInterlacedFlag: getMetaData returned 3, defaulting to interlaced_flag = 0
08-25 21:09:22.434  1365  6639 I PAL: PayloadBuilder: findKVs: 2727: key: 0xa3000000 value: 0xa300000e
08-25 21:09:22.434  1365  6639 I AGM: device: device_set_metadata: 708 Setting device metadata for CODEC_DMA-LPAIF_WSA-TX-2
08-25 21:09:22.434  1365  6639 D AGM: metadata: metadata_print: 79 *************************Metadata*************************
08-25 21:09:22.434  1365  6639 D AGM: metadata: metadata_print: 80 GKV size:1
08-25 21:09:22.434  1365  6639 D AGM: metadata: metadata_print: 83 key:0xa3000000, value:0xa300000e 
08-25 21:09:22.434  1365  6639 D AGM: metadata: metadata_print: 87 
08-25 21:09:22.434  1365  6639 D AGM: metadata: CKV count:1
08-25 21:09:22.434  1365  6639 D AGM: metadata: metadata_print: 90 key:0xe3000000, value:0x2 
08-25 21:09:22.434  1365  6639 D AGM: metadata: metadata_print: 92 
08-25 21:09:22.434  1365  6639 D AGM: metadata: metadata_print: 94 Property ID:134217744
08-25 21:09:22.434  1365  6639 D AGM: metadata: metadata_print: 95 property count:1
08-25 21:09:22.434  1365  6639 D AGM: metadata: metadata_print: 98 Property Values: 
08-25 21:09:22.434  1365  6639 D AGM: metadata: metadata_print: 100 0x2 
08-25 21:09:22.434  1365  6639 D AGM: metadata: metadata_print: 102 
08-25 21:09:22.434  1365  6639 D AGM: metadata: metadata_print: 103 ****************Metadata Done***************************
08-25 21:09:22.434  1365  6639 D AGM: metadata: 
08-25 21:09:22.434  2074 11988 D C2SoftVpxEnc: bytes generated 1869
08-25 21:09:22.435  1365  6639 I PAL: SessionAlsaUtils: setDeviceMediaConfig: 1074: CODEC_DMA-LPAIF_WSA-TX-2 rate ch fmt data_fmt 24000 2 10 1
08-25 21:09:22.435  1365  6639 I PAL: ResourceManager: allocateFrontEndIds: 7151: allocateFrontEndIds: front end 120
08-25 21:09:22.435  1365  6639 D agm_server_wrapper: Aif id 15 already added to session list of 120
08-25 21:09:22.435  1365  6639 I AGM: API: agm_session_aif_connect: 625 connecting aifid:15 with session id=120
08-25 21:09:22.435  1365  6639 I PAL: Device: updateCustomPayload: 431: customPayloadSize = 72
08-25 21:09:22.436  1365  6639 D agm_client_wrapper: agm_session_open called with handle = 17e711c0 , *handle = 0
08-25 21:09:22.436  1365  6639 D AGM: device: device_open: 358 Unsupported PCM rate 24000 changing to default rate 48000
08-25 21:09:22.437  3396  4031 W qdgralloc: getInterlacedFlag: getMetaData returned 3, defaulting to interlaced_flag = 0
08-25 21:09:22.438  1365  6639 D AGM: graph: graph_open: 549 entry
08-25 21:09:22.438  1365  6639 D AGM: metadata: metadata_print: 79 *************************Metadata*************************
08-25 21:09:22.439  1365  6639 D AGM: metadata: metadata_print: 80 GKV size:1
08-25 21:09:22.439  1365  6639 D AGM: metadata: metadata_print: 83 key:0xa3000000, value:0xa300000e 
08-25 21:09:22.439  1365  6639 D AGM: metadata: metadata_print: 87 
08-25 21:09:22.439  1365  6639 D AGM: metadata: CKV count:1
08-25 21:09:22.439  1365  6639 D AGM: metadata: metadata_print: 90 key:0xe3000000, value:0x2 
08-25 21:09:22.439  1365  6639 D AGM: metadata: metadata_print: 92 
08-25 21:09:22.439  1365  6639 D AGM: metadata: metadata_print: 94 Property ID:134217744
08-25 21:09:22.439  1365  6639 D AGM: metadata: metadata_print: 95 property count:1
08-25 21:09:22.439  1365  6639 D AGM: metadata: metadata_print: 98 Property Values: 
08-25 21:09:22.439  1365  6639 D AGM: metadata: metadata_print: 100 0x2 
08-25 21:09:22.439  1365  6639 D AGM: metadata: metadata_print: 102 
08-25 21:09:22.439  1365  6639 D AGM: metadata: metadata_print: 103 ****************Metadata Done***************************
08-25 21:09:22.439  1365  6639 D AGM: metadata: 
08-25 21:09:22.439  1365  6639 D AGM: graph: print_graph_alias: 2334 GKV Alias 74 | DeviceTX_CPS_TX
08-25 21:09:22.439  1365  6639 D AGM: graph: graph_open: 677 miid 407f mid 7001024 tag c0000005
08-25 21:09:22.439  1365  6639 I GPR:    : vendor/qcom/proprietary/args/gpr/core/src/gpr_drv.c:__gpr_cmd_register_v2:931 GPR Register: Source Port is 8210 heap_index: 0
08-25 21:09:22.445     1     1 I init    : starting service 'vendor.secure_element'...
08-25 21:09:22.440  2074 11988 D C2SoftVpxEnc: bytes generated 6913
08-25 21:09:22.440   499  2283 D audioadsprpcd: vendor/qcom/proprietary/adsprpc/src/apps_std_imp.c:381: apps_std_fopen_fd done for ./cps_module.so.1 with       fopen:11us, read:0us, rpc_alloc:0us,       mmap:0us fd 0x0 error_code 0x2
08-25 21:09:22.440   499  2283 D audioadsprpcd: vendor/qcom/proprietary/adsprpc/src/apps_std_imp.c:381: apps_std_fopen_fd done for ./cps_module.so.1 with       fopen:8us, read:0us, rpc_alloc:0us,       mmap:0us fd 0x0 error_code 0x2
08-25 21:09:22.440   499  2283 D audioadsprpcd: vendor/qcom/proprietary/adsprpc/src/apps_std_imp.c:381: apps_std_fopen_fd done for /vendor/lib64/rfs/dsp/adsp/./cps_module.so.1 with       fopen:13us, read:0us, rpc_alloc:0us,       mmap:0us fd 0x0 error_code 0x2
08-25 21:09:22.440   499  2283 D audioadsprpcd: vendor/qcom/proprietary/adsprpc/src/apps_std_imp.c:381: apps_std_fopen_fd done for /vendor/lib64/rfs/dsp/./cps_module.so.1 with       fopen:3us, read:0us, rpc_alloc:0us,       mmap:0us fd 0x0 error_code 0x2
08-25 21:09:22.440   499  2283 D audioadsprpcd: vendor/qcom/proprietary/adsprpc/src/apps_std_imp.c:381: apps_std_fopen_fd done for /vendor/lib/rfsa/adsp/adsp/./cps_module.so.1 with       fopen:107us, read:0us, rpc_alloc:0us,       mmap:0us fd 0x0 error_code 0x2
08-25 21:09:22.440   499  2283 D audioadsprpcd: vendor/qcom/proprietary/adsprpc/src/apps_std_imp.c:381: apps_std_fopen_fd done for /vendor/lib/rfsa/adsp/./cps_module.so.1 with       fopen:104us, read:0us, rpc_alloc:0us,       mmap:0us fd 0x0 error_code 0x2
08-25 21:09:22.441   499  2283 D audioadsprpcd: vendor/qcom/proprietary/adsprpc/src/apps_std_imp.c:381: apps_std_fopen_fd done for /vendor/lib/rfsa/dsp/adsp/./cps_module.so.1 with       fopen:10us, read:0us, rpc_alloc:0us,       mmap:0us fd 0x0 error_code 0x2
08-25 21:09:22.441   499  2283 D audioadsprpcd: vendor/qcom/proprietary/adsprpc/src/apps_std_imp.c:381: apps_std_fopen_fd done for /vendor/lib/rfsa/dsp/./cps_module.so.1 with       fopen:6us, read:0us, rpc_alloc:0us,       mmap:0us fd 0x0 error_code 0x2
08-25 21:09:22.441  3009  3009 D CentralSurfaces: Received new disable state: enaihbcrso.qingr (unchanged)
08-25 21:09:22.441   499  2283 D audioadsprpcd: vendor/qcom/proprietary/adsprpc/src/apps_std_imp.c:381: apps_std_fopen_fd done for /vendor/dsp/adsp/./cps_module.so.1 with       fopen:17us, read:103us, rpc_alloc:42us,       mmap:512us fd 0xe error_code 0x0
08-25 21:09:22.441   499  2283 I audioadsprpcd: vendor/qcom/proprietary/adsprpc/src/apps_std_imp.c:1132: Successfully opened file /vendor/dsp/adsp/./cps_module.so.1
08-25 21:09:22.448     1     1 I init    : ... started service 'vendor.secure_element' has pid 14105
08-25 21:09:22.444  3396  4031 W qdgralloc: getInterlacedFlag: getMetaData returned 3, defaulting to interlaced_flag = 0
08-25 21:09:22.445  2074 11988 D C2SoftVpxEnc: bytes generated 4425
08-25 21:09:22.448  1365  6639 E ACDB    : vendor/qcom/proprietary/args/acdb/src/acdb_command.c:AcdbCmdGetProcSubgraphCalDataPersist:8250 Error[19]: No calibration found
08-25 21:09:22.448  1365  6639 D AGM: graph: graph_open: 709 graph_handle 0x247534c
08-25 21:09:22.448  1365  6639 D AGM: graph: graph_open: 745 exit, ret 0
08-25 21:09:22.448  1365  6639 D agm_client_wrapper: agm_session_open Received handle = 0x6e17e711c0 , *handle = b400007082257390
08-25 21:09:22.448  1365  6639 D PLUGIN: pcm: agm_pcm_hw_params: 500 agm_pcm_hw_params: mode: 268435456
08-25 21:09:22.448  1365  6639 D audio_route: Apply path: cps-feedback
08-25 21:09:22.448  2074 11988 D C2SoftVpxEnc: bytes generated 2725
08-25 21:09:22.448  1365  6639 D AGM: graph: graph_prepare: 807 entry graph_handle 0x247534c
08-25 21:09:22.448  1365  6639 D AGM: graph_module: configure_hw_ep_media_config: 697 entry mod tag c0000005 miid 407f mid 7001024
08-25 21:09:22.448  1365  6639 D AGM: graph_module: configure_hw_ep_media_config: 727 rate 24000 bw 32 ch 2, data_fmt 1
08-25 21:09:22.449  1365  6639 D AGM: graph_module: configure_hw_ep_media_config: 737 exit, ret 0
08-25 21:09:22.449  1365  6639 D AGM: graph_module: configure_codec_dma_ep: 314 cdc_dma intf cfg lpaif 2 indx 3 ch_msk 3
08-25 21:09:22.449  1365  6639 D AGM: graph_module: configure_codec_dma_ep: 329 exit, ret 0
08-25 21:09:22.449  1365  6639 D AGM: graph: graph_prepare: 885 exit, ret 0
08-25 21:09:22.449  1365  6639 D AGM: graph: graph_start: 899 entry graph_handle 0x247534c
08-25 21:09:22.450 14105 14105 D GPTEE   : [TEE_client_api.cpp:56 initTEEC] initTEEC
08-25 21:09:22.444 14105 14105 I android.hardwar: type=1400 audit(0.0:274924): avc:  denied  { read } for  name="u:object_r:init_service_status_private_prop:s0" dev="tmpfs" ino=240 scontext=u:r:hal_secure_element_default:s0 tcontext=u:object_r:init_service_status_private_prop:s0 tclass=file permissive=1
08-25 21:09:22.444 14105 14105 I android.hardwar: type=1400 audit(0.0:274925): avc:  denied  { open } for  path="/dev/__properties__/u:object_r:init_service_status_private_prop:s0" dev="tmpfs" ino=240 scontext=u:r:hal_secure_element_default:s0 tcontext=u:object_r:init_service_status_private_prop:s0 tclass=file permissive=1
08-25 21:09:22.444 14105 14105 I android.hardwar: type=1400 audit(0.0:274926): avc:  denied  { getattr } for  path="/dev/__properties__/u:object_r:init_service_status_private_prop:s0" dev="tmpfs" ino=240 scontext=u:r:hal_secure_element_default:s0 tcontext=u:object_r:init_service_status_private_prop:s0 tclass=file permissive=1
08-25 21:09:22.444 14105 14105 I android.hardwar: type=1400 audit(0.0:274927): avc:  denied  { map } for  path="/dev/__properties__/u:object_r:init_service_status_private_prop:s0" dev="tmpfs" ino=240 scontext=u:r:hal_secure_element_default:s0 tcontext=u:object_r:init_service_status_private_prop:s0 tclass=file permissive=1
08-25 21:09:22.451 14105 14105 E android.hardware.secure_element-service.qti: eseGetVendorId: Unknown eSE HW
08-25 21:09:22.457  6639  6639 I adsp_sleepmon: Audio: num_sessions=1,num_lpi_sessions=0,timer_pending=0
08-25 21:09:22.458     1     1 I init    : Service 'vendor.secure_element' (pid 14105) exited with status 1
08-25 21:09:22.458     1     1 I init    : Sending signal 9 to service 'vendor.secure_element' (pid 14105) process group...
08-25 21:09:22.458     1     1 I libprocessgroup: Successfully killed process cgroup uid 1000 pid 14105 in 0ms
08-25 21:09:22.458     1     1 E init    : process with updatable components 'vendor.secure_element' exited 4 times in 4 minutes
08-25 21:09:22.451 14105 14105 E GPQeSE-HAL: Unknown ese vendor
08-25 21:09:22.451 14105 14105 E GPQeSE-HAL: Failed on initalize eSE TA
08-25 21:09:22.451  1365  6639 D AGM: graph: graph_start: 912 exit, ret 0
08-25 21:09:22.451  1365  6639 I PAL: SessionAlsaUtils: setDeviceMediaConfig: 1074: CODEC_DMA-LPAIF_WSA-RX-0 rate ch fmt data_fmt 48000 2 2 1
08-25 21:09:22.451  1365  6639 I PAL: ResourceManager: voteSleepMonitor: 2124: Voting done for nlpi use case, lpi votes 0, nlpi votes : 1
08-25 21:09:22.451  1365  6639 D agm_client_wrapper: agm_session_open called with handle = 17e71c30 , *handle = 0
08-25 21:09:22.452  3797  4620 I NearbySharing: Screen is unlocked
08-25 21:09:22.452  3797  4620 I NearbySharing: Uwb feature is off.
08-25 21:09:22.452  3797  4620 I NearbySharing: Uwb feature is off.
08-25 21:09:22.452  1365  6639 D AGM: graph: graph_open: 549 entry
08-25 21:09:22.452  1365  6639 D AGM: metadata: metadata_print: 79 *************************Metadata*************************
08-25 21:09:22.452  1365  6639 D AGM: metadata: metadata_print: 80 GKV size:4
08-25 21:09:22.452  3797  4876 I NearbyDiscovery: FastPairHandler: Received action android.intent.action.USER_PRESENT [CONTEXT service_id=265 ]
08-25 21:09:22.452  1365  6639 D AGM: metadata: metadata_print: 83 key:0xa1000000, value:0xa100000e 
08-25 21:09:22.452  1365  6639 D AGM: metadata: metadata_print: 83 key:0xab000000, value:0x1 
08-25 21:09:22.452  3396  4031 W qdgralloc: getInterlacedFlag: getMetaData returned 3, defaulting to interlaced_flag = 0
08-25 21:09:22.452  1365  6639 D AGM: metadata: metadata_print: 83 key:0xa2000000, value:0xa2000001 
08-25 21:09:22.452  3797  4876 I NearbyDiscovery: FastPairController: onSystemStateChanged: skip due to flag disabled [CONTEXT service_id=265 ]
08-25 21:09:22.452  1365  6639 D AGM: metadata: metadata_print: 83 key:0xac000000, value:0xac000002 
08-25 21:09:22.452  1365  6639 D AGM: metadata: metadata_print: 87 
08-25 21:09:22.452  1365  6639 D AGM: metadata: CKV count:3
08-25 21:09:22.452  1365  6639 D AGM: metadata: metadata_print: 90 key:0xa4000000, value:0xf 
08-25 21:09:22.452  1365  6639 D AGM: metadata: metadata_print: 90 key:0xd2000000, value:0x0 
08-25 21:09:22.453  1365  6639 D AGM: metadata: metadata_print: 90 key:0xbe000000, value:0x3 
08-25 21:09:22.453  1365  6639 D AGM: metadata: metadata_print: 92 
08-25 21:09:22.453  1365  6639 D AGM: metadata: metadata_print: 94 Property ID:134217744
08-25 21:09:22.453  1365  6639 D AGM: metadata: metadata_print: 95 property count:4
08-25 21:09:22.453  1365  6639 D AGM: metadata: metadata_print: 98 Property Values: 
08-25 21:09:22.453  1365  6639 D AGM: metadata: metadata_print: 100 0x1 
08-25 21:09:22.453  1365  6639 D AGM: metadata: metadata_print: 100 0x3 
08-25 21:09:22.453  1365  6639 D AGM: metadata: metadata_print: 100 0x2 
08-25 21:09:22.453  1365  6639 D AGM: metadata: metadata_print: 100 0x5 
08-25 21:09:22.453  1365  6639 D AGM: metadata: metadata_print: 102 
08-25 21:09:22.453  1365  6639 D AGM: metadata: metadata_print: 103 ****************Metadata Done***************************
08-25 21:09:22.453  1365  6639 D AGM: metadata: 
08-25 21:09:22.453  1365  6639 D AGM: graph: print_graph_alias: 2334 GKV Alias 429 | StreamRX_PCM_LL_Playback_DeviceRX_Speaker_Instance_Instance_1_DevicePP_Rx_Audio_MBDRC
08-25 21:09:22.453  1365  6639 D AGM: graph: graph_open: 629 miid 40bd mid 7001000 tag c0000002
08-25 21:09:22.453  1365  6639 D AGM: graph: graph_open: 677 miid 4023 mid 7001023 tag c0000004
08-25 21:09:22.453  1365  6639 D AGM: graph: graph_open: 629 miid 40c4 mid 7001019 tag c0000006
08-25 21:09:22.453  3797  4620 I NearbySharing: Stopping scanning because Nearby Sharing is disabled.
08-25 21:09:22.453  1365  6639 D AGM: graph: graph_open: 629 miid 40bf mid 7001005 tag c000000e
08-25 21:09:22.453  1365  6639 D AGM: graph: graph_open: 629 miid 40c0 mid 7001003 tag c0000010
08-25 21:09:22.453  1365  6639 D AGM: graph: graph_open: 629 miid 4165 mid 7001032 tag c0000013
08-25 21:09:22.453  1365  6639 I GPR:    : vendor/qcom/proprietary/args/gpr/core/src/gpr_drv.c:__gpr_cmd_register_v2:931 GPR Register: Source Port is 8211 heap_index: 0
08-25 21:09:22.453  3797  4620 I NearbySharing: Stopping Fast Init advertisement because we're not scanning in the foreground.
08-25 21:09:22.453  3797  4620 I NearbySharing: Stopping advertising because Nearby Sharing is disabled.
08-25 21:09:22.453  3797  4620 I NearbySharing: Stopping FastInitiation scanning because visibility is hidden.
08-25 21:09:22.453  3797  4620 I NearbySharing: Fast Initiation Scanning has stopped
08-25 21:09:22.454  3797  4620 I NearbySharing: Dismissing HUN as there's no device nearby.
08-25 21:09:22.460     1     1 I init    : processing action (sys.init.updatable_crashing=1) from (/system/etc/init/flags_health_check.rc:10)
08-25 21:09:22.460     1     1 I init    : starting service 'exec 459 (/system/bin/flags_health_check UPDATABLE_CRASHING)'...
08-25 21:09:22.455   499  2283 D audioadsprpcd: vendor/qcom/proprietary/adsprpc/src/apps_std_imp.c:381: apps_std_fopen_fd done for ./CFCM.so.1 with       fopen:10us, read:0us, rpc_alloc:0us,       mmap:0us fd 0x0 error_code 0x2
08-25 21:09:22.455   499  2283 D audioadsprpcd: vendor/qcom/proprietary/adsprpc/src/apps_std_imp.c:381: apps_std_fopen_fd done for ./CFCM.so.1 with       fopen:1us, read:0us, rpc_alloc:0us,       mmap:0us fd 0x0 error_code 0x2
08-25 21:09:22.455   499  2283 D audioadsprpcd: vendor/qcom/proprietary/adsprpc/src/apps_std_imp.c:381: apps_std_fopen_fd done for /vendor/lib64/rfs/dsp/adsp/./CFCM.so.1 with       fopen:10us, read:0us, rpc_alloc:0us,       mmap:0us fd 0x0 error_code 0x2
08-25 21:09:22.455   499  2283 D audioadsprpcd: vendor/qcom/proprietary/adsprpc/src/apps_std_imp.c:381: apps_std_fopen_fd done for /vendor/lib64/rfs/dsp/./CFCM.so.1 with       fopen:5us, read:0us, rpc_alloc:0us,       mmap:0us fd 0x0 error_code 0x2
08-25 21:09:22.455   499  2283 D audioadsprpcd: vendor/qcom/proprietary/adsprpc/src/apps_std_imp.c:381: apps_std_fopen_fd done for /vendor/lib/rfsa/adsp/adsp/./CFCM.so.1 with       fopen:22us, read:0us, rpc_alloc:0us,       mmap:0us fd 0x0 error_code 0x2
08-25 21:09:22.455   499  2283 D audioadsprpcd: vendor/qcom/proprietary/adsprpc/src/apps_std_imp.c:381: apps_std_fopen_fd done for /vendor/lib/rfsa/adsp/./CFCM.so.1 with       fopen:8us, read:0us, rpc_alloc:0us,       mmap:0us fd 0x0 error_code 0x2
08-25 21:09:22.455   499  2283 D audioadsprpcd: vendor/qcom/proprietary/adsprpc/src/apps_std_imp.c:381: apps_std_fopen_fd done for /vendor/lib/rfsa/dsp/adsp/./CFCM.so.1 with       fopen:3us, read:0us, rpc_alloc:0us,       mmap:0us fd 0x0 error_code 0x2
08-25 21:09:22.455   499  2283 D audioadsprpcd: vendor/qcom/proprietary/adsprpc/src/apps_std_imp.c:381: apps_std_fopen_fd done for /vendor/lib/rfsa/dsp/./CFCM.so.1 with       fopen:2us, read:0us, rpc_alloc:0us,       mmap:0us fd 0x0 error_code 0x2
08-25 21:09:22.462     1     1 I init    : ... started service 'exec 459 (/system/bin/flags_health_check UPDATABLE_CRASHING)' has pid 14107
08-25 21:09:22.462     1     1 I init    : SVC_EXEC service 'exec 459 (/system/bin/flags_health_check UPDATABLE_CRASHING)' pid 14107 (uid 1000 gid 1000+0 context default) started; waiting...
08-25 21:09:22.455   499  2283 D audioadsprpcd: vendor/qcom/proprietary/adsprpc/src/apps_std_imp.c:381: apps_std_fopen_fd done for /vendor/dsp/adsp/./CFCM.so.1 with       fopen:36us, read:9us, rpc_alloc:42us,       mmap:354us fd 0xe error_code 0x0
08-25 21:09:22.456   499  2283 I audioadsprpcd: vendor/qcom/proprietary/adsprpc/src/apps_std_imp.c:1132: Successfully opened file /vendor/dsp/adsp/./CFCM.so.1
08-25 21:09:22.459  1365  6639 E ACDB    : vendor/qcom/proprietary/args/acdb/src/acdb_command.c:AcdbCmdGetProcSubgraphCalDataPersist:8250 Error[19]: No calibration found
08-25 21:09:22.459  2074 11988 D C2SoftVpxEnc: bytes generated 1797
08-25 21:09:22.459  1365  6639 E ACDB    : vendor/qcom/proprietary/args/acdb/src/acdb_command.c:AcdbCmdGetProcSubgraphCalDataPersist:8250 Error[19]: No calibration found
08-25 21:09:22.459  1365  6639 E ACDB    : vendor/qcom/proprietary/args/acdb/src/acdb_command.c:AcdbCmdGetProcSubgraphCalDataPersist:8250 Error[19]: No calibration found
08-25 21:09:22.459  1365  6639 E ACDB    : vendor/qcom/proprietary/args/acdb/src/acdb_command.c:AcdbCmdGetProcSubgraphCalDataPersist:8250 Error[19]: No calibration found
08-25 21:09:22.459  1365  6639 D AGM: graph: graph_open: 709 graph_handle 0x347534c
08-25 21:09:22.459  1365  6639 D AGM: graph: graph_open: 745 exit, ret 0
08-25 21:09:22.459  1365  6639 D AGM: graph: graph_set_config: 1111 entry graph_handle 0x347534c
08-25 21:09:22.459  1365  6639 D AGM: graph: graph_set_config: 1119 exit, graph handle 0x347534c, ret 0
08-25 21:09:22.459  1365  6639 D agm_client_wrapper: agm_session_open Received handle = 0x6e17e71c30 , *handle = b400007082259bd0
08-25 21:09:22.460  1365  6639 D PLUGIN: pcm: agm_pcm_hw_params: 500 agm_pcm_hw_params: mode: 0
08-25 21:09:22.460  1365  6639 I PAL: Session: updateCustomPayload: 617: customPayloadSize = 32
08-25 21:09:22.460  1365  6639 D AGM: graph: graph_set_config: 1111 entry graph_handle 0x347534c
08-25 21:09:22.460  1365  6639 D AGM: graph: graph_set_config: 1119 exit, graph handle 0x347534c, ret 0
08-25 21:09:22.460  1365  6639 I PAL: Session: updateCustomPayload: 617: customPayloadSize = 40
08-25 21:09:22.460  1365  6639 D AGM: graph: graph_set_config: 1111 entry graph_handle 0x347534c
08-25 21:09:22.460  1365  6639 D AGM: graph: graph_set_config: 1119 exit, graph handle 0x347534c, ret 0
08-25 21:09:22.461  1365  6639 E ACDB    : vendor/qcom/proprietary/args/acdb/src/acdb_command.c:AcdbCmdGetProcSubgraphCalDataPersist:8250 Error[19]: No calibration found
08-25 21:09:22.461  1365  6639 E ACDB    : vendor/qcom/proprietary/args/acdb/src/acdb_command.c:AcdbCmdGetProcSubgraphCalDataPersist:8250 Error[19]: No calibration found
08-25 21:09:22.461  1365  6639 E ACDB    : vendor/qcom/proprietary/args/acdb/src/acdb_command.c:AcdbCmdGetProcSubgraphCalDataPersist:8250 Error[19]: No calibration found
08-25 21:09:22.461  1365  6639 E ACDB    : vendor/qcom/proprietary/args/acdb/src/acdb_command.c:AcdbCmdGetProcSubgraphCalDataPersist:8250 Error[19]: No calibration found
08-25 21:09:22.461  1365  6639 D audio_route: Apply path: PM_QOS_Vote
08-25 21:09:22.461  1365  6639 D AGM: graph: graph_prepare: 807 entry graph_handle 0x347534c
08-25 21:09:22.461  1365  6639 D AGM: graph_module: configure_pcm_shared_mem_ep: 1761 entry mod tag c0000002 miid 40bd mid 7001000
08-25 21:09:22.461  1365  6639 D AGM: graph_module: configure_pcm_shared_mem_ep: 1837 exit, ret 0
08-25 21:09:22.461  1365  6639 D AGM: graph_module: configure_hw_ep_media_config: 697 entry mod tag c0000004 miid 4023 mid 7001023
08-25 21:09:22.461  1365  6639 D AGM: graph_module: configure_hw_ep_media_config: 727 rate 48000 bw 16 ch 2, data_fmt 1
08-25 21:09:22.462  1365  6639 D AGM: graph_module: configure_hw_ep_media_config: 737 exit, ret 0
08-25 21:09:22.462  1365  6639 D AGM: graph_module: configure_codec_dma_ep: 314 cdc_dma intf cfg lpaif 2 indx 1 ch_msk 3
08-25 21:09:22.462  1365  6639 D AGM: graph_module: configure_codec_dma_ep: 329 exit, ret 0
08-25 21:09:22.462  1365  6639 D AGM: graph_module: configure_output_media_format: 820 entry mod tag c000000e miid 40bf mid 7001005
08-25 21:09:22.462  2609  3182 D ActivityManager: sync unfroze 4340 com.google.android.gms for 6
08-25 21:09:22.462  1365  6639 D AGM: graph_module: configure_output_media_format: 951 exit, ret 0
08-25 21:09:22.462  1365  6639 D AGM: graph_module: configure_output_media_format: 820 entry mod tag c0000010 miid 40c0 mid 7001003
08-25 21:09:22.462  1365  6639 D AGM: graph_module: configure_output_media_format: 951 exit, ret 0
08-25 21:09:22.462  1365  6639 D AGM: graph_module: configure_spr: 1965 SPR module IID 4165
08-25 21:09:22.462  1365  6639 D AGM: graph_module: configure_spr: 1988 HW EP module IID 4023
08-25 21:09:22.462  1365  6639 D AGM: graph: configure_buffer_params: 200 Enter
08-25 21:09:22.462  1365  6639 D AGM: graph: configure_buffer_params: 263 Playback sess buf_sz 768 num_bufs 2
08-25 21:09:22.462  1365  6639 E AGM: graph: configure_buffer_params: 296 Unsupported buffer mode : 0, Default to Blocking
08-25 21:09:22.462  1365  6639 D AGM: graph: configure_buffer_params: 316 exit, ret 0
08-25 21:09:22.463 14107 14107 I flags_health_check: ServerConfigurableFlagsReset reset_mode value: 1
08-25 21:09:22.463 14107 14107 I flags_health_check: ServerConfigurableFlagsReset updatable crashing detected, resetting flags.
08-25 21:09:22.463  2074 11988 D C2SoftVpxEnc: bytes generated 1759
08-25 21:09:22.460 14107 14107 I flags_health_ch: type=1400 audit(0.0:274928): avc:  denied  { open } for  path="/dev/__properties__/u:object_r:aac_drc_prop:s0" dev="tmpfs" ino=87 scontext=u:r:flags_health_check:s0 tcontext=u:object_r:aac_drc_prop:s0 tclass=file permissive=1
08-25 21:09:22.460 14107 14107 I flags_health_ch: type=1400 audit(0.0:274929): avc:  denied  { getattr } for  path="/dev/__properties__/u:object_r:aac_drc_prop:s0" dev="tmpfs" ino=87 scontext=u:r:flags_health_check:s0 tcontext=u:object_r:aac_drc_prop:s0 tclass=file permissive=1
08-25 21:09:22.460 14107 14107 I flags_health_ch: type=1400 audit(0.0:274930): avc:  denied  { map } for  path="/dev/__properties__/u:object_r:aac_drc_prop:s0" dev="tmpfs" ino=87 scontext=u:r:flags_health_check:s0 tcontext=u:object_r:aac_drc_prop:s0 tclass=file permissive=1
08-25 21:09:22.460 14107 14107 I flags_health_ch: type=1400 audit(0.0:274931): avc:  denied  { open } for  path="/dev/__properties__/u:object_r:ab_update_gki_prop:s0" dev="tmpfs" ino=89 scontext=u:r:flags_health_check:s0 tcontext=u:object_r:ab_update_gki_prop:s0 tclass=file permissive=1
08-25 21:09:22.460 14107 14107 I flags_health_ch: type=1400 audit(0.0:274932): avc:  denied  { getattr } for  path="/dev/__properties__/u:object_r:ab_update_gki_prop:s0" dev="tmpfs" ino=89 scontext=u:r:flags_health_check:s0 tcontext=u:object_r:ab_update_gki_prop:s0 tclass=file permissive=1
08-25 21:09:22.465  1365  6639 D AGM: graph: graph_prepare: 885 exit, ret 0
08-25 21:09:22.465  1365  6639 D AGM: graph: graph_start: 899 entry graph_handle 0x347534c
08-25 21:09:22.469 14107 14107 W audit   : audit_lost=272262 audit_rate_limit=5 audit_backlog_limit=64
08-25 21:09:22.469 14107 14107 E audit   : rate limit exceeded
08-25 21:09:22.467  1365  6639 D AGM: graph: graph_start: 912 exit, ret 0
08-25 21:09:22.468  3797 14108 I NearbyMediums: ModuleInitializer handles incoming intent android.intent.action.USER_PRESENT
08-25 21:09:22.469  1536  1536 I vendor.qti.hardware.servicetrackeraidl-service: bindService is called for service : com.google.android.gms/.chimera.PersistentApiService and for client com.google.android.gms.persistent
08-25 21:09:22.469  1536  1536 I vendor.qti.hardware.servicetrackeraidl-service: total connections for service : com.google.android.gms/.chimera.PersistentApiServiceare :6
08-25 21:09:22.469  1536  1536 I vendor.qti.hardware.servicetrackeraidl-service: total connections for client : com.google.android.gms.persistentare :4
08-25 21:09:22.470  3797  3797 I RCNIntentOperation: RCN is disabled on this network.
08-25 21:09:22.470  3797  4620 I Nearby  : Beginning attempt #1 out of 3 for RestoreDeviceName... [CONTEXT service_id=49 ]
08-25 21:09:22.471  3797  4620 I NearbyMediums: BluetoothAdapter's name was not set by Nearby Connections, ignoring call to restore default scan mode.
08-25 21:09:22.477  2428  2428 W swr_mstr_interrupt: 2 callbacks suppressed
08-25 21:09:22.471  1536  1536 I vendor.qti.hardware.servicetrackeraidl-service: bindService is called for service : com.google.android.gms/.chimera.GmsApiService and for client com.google.android.gms.persistent
08-25 21:09:22.471  1536  1536 I vendor.qti.hardware.servicetrackeraidl-service: total connections for service : com.google.android.gms/.chimera.GmsApiServiceare :1
08-25 21:09:22.471  1536  1536 I vendor.qti.hardware.servicetrackeraidl-service: total connections for client : com.google.android.gms.persistentare :5
08-25 21:09:22.471  2609 10907 W ProcessStats: Tracking association SourceState{470e558 com.google.android.gms.persistent/10107 BFgs #3591} whose proc state 4 is better than process ProcessState{5ceab4f com.google.android.gms/10107 pkg=com.google.android.gms} proc state 8 (34 skipped)
08-25 21:09:22.473  2074 11988 D C2SoftVpxEnc: bytes generated 2144
08-25 21:09:22.475  4340  4340 D BoundBrokerSvc: Loading bound service for intent: Intent { act=com.google.android.gms.pay.service.BIND dat=chimera-action:/... cmp=com.google.android.gms/.chimera.GmsApiService }
08-25 21:09:22.477  2074 11988 D C2SoftVpxEnc: bytes generated 1449
08-25 21:09:22.480  3797  4620 I NearbyMediums: BluetoothAdapter's name was not set by Nearby Connections, ignoring call to restore device name
08-25 21:09:22.481  4340 14116 I PersonalSafety: ConnectivityProtectionLockingIntentOperation: cancelled task [CONTEXT service_id=310 ]
08-25 21:09:22.486  2428  2428 E swr-mgr wsa_swr_ctrl: swr_mstr_interrupt: SWR CMD Ignored, fifo status 0x40000001
08-25 21:09:22.490  2428  2428 E swr-mgr wsa_swr_ctrl: swr_mstr_interrupt: SWR CMD Ignored, fifo status 0x40002006
08-25 21:09:22.486  2074 11988 D C2SoftVpxEnc: bytes generated 2038
08-25 21:09:22.495  2428  2428 E swr-mgr wsa_swr_ctrl: swr_mstr_interrupt: SWR CMD Ignored, fifo status 0x4000000b
08-25 21:09:22.489  2074 11988 D C2SoftVpxEnc: bytes generated 1964
08-25 21:09:22.499  2428  2428 E swr-mgr wsa_swr_ctrl: swr_mstr_interrupt: SWR CMD Ignored, fifo status 0x4000000d
08-25 21:09:22.499  2074 11988 D C2SoftVpxEnc: bytes generated 1922
08-25 21:09:22.502  2074 11988 D C2SoftVpxEnc: bytes generated 1918
08-25 21:09:22.510     0     0 E         : [    C1] qcom,gpr 3000000.remoteproc-adsp:glink-edge.adsp_apps.-1.-1: gpr_callback: Acquire wakelock in case of module event with timeout 200
08-25 21:09:22.504  1365  2713 I PAL: ResourceManager: mixerEventWaitThreadLoop: 5221: Event Received PCM121 event
08-25 21:09:22.507  1365  6639 I PAL: API: pal_stream_start: 388: Exit. status 0
08-25 21:09:22.507  1365  6639 I AHAL: AudioStream: configurePalOutputStream: 3705: notify GEF client of device config
08-25 21:09:22.507  1365  6639 D generic_effect_ar: gef_device_config_cb: stream type=6 sample_rate=48000 device=2
08-25 21:09:22.507  1365  6639 D AHAL: AudioStream: ~AutoPerfLock: 146: (release) perf_lock_handle: 0x125, count: 1
08-25 21:09:22.507  1365  6639 D AHAL: AudioStream: ~AutoPerfLock: 150: Releasing perf_lock_handle: 0x125
08-25 21:09:22.519  2074 11988 D C2SoftVpxEnc: bytes generated 1873
08-25 21:09:22.523  2074 11988 D C2SoftVpxEnc: bytes generated 1875
08-25 21:09:22.539  3009  3080 D ControlsListingControllerImpl: Unsubscribing callback
08-25 21:09:22.540  3009  3080 D ControlsListingControllerImpl: Unsubscribing callback
08-25 21:09:22.541  3009  3080 D ControlsListingControllerImpl: Unsubscribing callback
08-25 21:09:22.543  2074 11988 D C2SoftVpxEnc: bytes generated 11655
08-25 21:09:22.550  2074 11988 D C2SoftVpxEnc: bytes generated 21680
08-25 21:09:22.554  2074 11988 D BufferPoolAccessor2.0: bufferpool2 0xb400007b6e66a728 : 66(348133 size) total buffers - 1(5062 size) used buffers - 727/3603 (recycle/alloc) - 2887/3602 (fetch/transfer)
08-25 21:09:22.554  2074 11988 D C2SoftVpxEnc: bytes generated 5062
08-25 21:09:22.557  2074 11988 D C2SoftVpxEnc: bytes generated 2704
08-25 21:09:22.562  2074 11988 D C2SoftVpxEnc: bytes generated 2045
08-25 21:09:22.566  2074 11988 D C2SoftVpxEnc: bytes generated 1026
08-25 21:09:22.570  2074 11988 D C2SoftVpxEnc: bytes generated 2036
08-25 21:09:22.575  2074 11988 D C2SoftVpxEnc: bytes generated 1497
08-25 21:09:22.605  2074 11988 D C2SoftVpxEnc: bytes generated 1453
08-25 21:09:22.641  1511  1705 I SDM     : DisplayBase::CommitThread: Received idle timeout, panel: cmd, timeout: 70000 us
08-25 21:09:22.676  2074 11988 D C2SoftVpxEnc: bytes generated 1294
08-25 21:09:22.698  1522  5432 E ANDR-PERF-LM: SilkyScrolls: emptyContentDetection() 762: empty Content found
08-25 21:09:22.704  1366  5210 I vendor.qti.bluetooth@1.1-ibs_handler: ProcessIbsCmd: Received IBS_WAKE_IND: 0xFD
08-25 21:09:22.704  1366  5210 I vendor.qti.bluetooth@1.1-ibs_handler: ProcessIbsCmd: Writing IBS_WAKE_ACK
08-25 21:09:22.710  3116  5215 I bt_stack: [INFO:btm_ble_gap.cc(3326)] btm_ble_process_adv_pkt_cont Data Complete c0:04:b1:82:c7:10
08-25 21:09:22.711  3116  5215 I bt_stack: [INFO:btm_ble_gap.cc(3326)] btm_ble_process_adv_pkt_cont Data Complete c0:04:b1:82:c7:10
08-25 21:09:22.711  3116  5215 D bt_btm_ble: bool parse_adv_audio_uuids_from_adv_pkt(const uint8_t *, size_t, uint8_t): tmap_cap_pts: false
08-25 21:09:22.712  3116  3406 D BluetoothRemoteDevices: Property type: 1
08-25 21:09:22.712  3116  3406 D BluetoothRemoteDevices: Skip name update for C0:04:B1:82:C7:10
08-25 21:09:22.712  3116  3406 D BluetoothRemoteDevices: Property type: 4
08-25 21:09:22.712  2074 11988 D C2SoftVpxEnc: bytes generated 1263
08-25 21:09:22.712  3116  3406 D BluetoothRemoteDevices: Skip class update for C0:04:B1:82:C7:10
08-25 21:09:22.712  3116  3406 D BluetoothRemoteDevices: Property type: 5
08-25 21:09:22.712  3116  3406 D BluetoothRemoteDevices: BT_PROPERTY_TYPE_OF_DEVICE C0:04:B1:82:C7:10
08-25 21:09:22.713  3116  3481 D BluetoothRemoteDevices:  getMappingAddr null
08-25 21:09:22.713  3116  3481 D BluetoothAdapterService: getIdentityAddress null retruning C0:04:B1:82:C7:10
08-25 21:09:22.725  2074 11988 D C2SoftVpxEnc: bytes generated 1263
08-25 21:09:22.730  2074 11988 D C2SoftVpxEnc: bytes generated 1263
08-25 21:09:22.736  2074 11988 D C2SoftVpxEnc: bytes generated 1263
08-25 21:09:22.742  2074 11988 D C2SoftVpxEnc: bytes generated 1413
08-25 21:09:22.745  1366  5210 I vendor.qti.bluetooth@1.1-ibs_handler: ProcessIbsCmd: Received IBS_SLEEP_IND: 0xFE
08-25 21:09:22.749  2074 11988 D C2SoftVpxEnc: bytes generated 1369
08-25 21:09:22.760     0     0 E         : [    C1] qcom,gpr 3000000.remoteproc-adsp:glink-edge.adsp_apps.-1.-1: gpr_callback: Acquire wakelock in case of module event with timeout 200
08-25 21:09:22.754  1365  2713 I PAL: ResourceManager: mixerEventWaitThreadLoop: 5221: Event Received PCM121 event
08-25 21:09:22.754  2074 11988 D C2SoftVpxEnc: bytes generated 1405
08-25 21:09:22.755  1365  2713 I PAL: ResourceManager: mixerEventWaitThreadLoop: 5221: Event Received PCM121 event
08-25 21:09:22.761     0     0 E         : [    C1] qcom,gpr 3000000.remoteproc-adsp:glink-edge.adsp_apps.-1.-1: gpr_callback: Acquire wakelock in case of module event with timeout 200
08-25 21:09:22.762  1366  5223 I vendor.qti.bluetooth@1.1-ibs_handler: DeviceSleep: TX Awake, Sending SLEEP_IND
08-25 21:09:22.762  1366  5223 D vendor.qti.bluetooth@1.1-ibs_handler: SerialClockVote: vote for UART CLK OFF
08-25 21:09:22.763  2074 11988 D C2SoftVpxEnc: bytes generated 1583
08-25 21:09:22.768  2074 11988 D C2SoftVpxEnc: bytes generated 1437
08-25 21:09:22.769  1613  2729 D audioserver: FGS Logger Transaction failed
08-25 21:09:22.769  1613  2729 D audioserver: -129
08-25 21:09:22.777  2074 11988 D C2SoftVpxEnc: bytes generated 1468
08-25 21:09:22.783  2074 11988 D C2SoftVpxEnc: bytes generated 1577
08-25 21:09:22.794     0     0 E         : [    C1] qcom,gpr 3000000.remoteproc-adsp:glink-edge.adsp_apps.-1.-1: gpr_callback: Acquire wakelock in case of module event with timeout 200
08-25 21:09:22.788  1365  2713 I PAL: ResourceManager: mixerEventWaitThreadLoop: 5221: Event Received PCM121 event
08-25 21:09:22.789  1365  2713 I PAL: ResourceManager: mixerEventWaitThreadLoop: 5221: Event Received PCM121 event
08-25 21:09:22.790  2074 11988 D C2SoftVpxEnc: bytes generated 1586
08-25 21:09:22.795     0     0 E         : [    C1] qcom,gpr 3000000.remoteproc-adsp:glink-edge.adsp_apps.-1.-1: gpr_callback: Acquire wakelock in case of module event with timeout 200
08-25 21:09:22.797  1365  2942 D AHAL: AudioStream: out_update_source_metadata_v7: 1189: track count is 0 for usecase(1: low-latency-playback)
08-25 21:09:22.798  2074 11988 D BufferPoolAccessor2.0: bufferpool2 0xb400007b6e66a728 : 66(273043 size) total buffers - 1(1702 size) used buffers - 730/3623 (recycle/alloc) - 2904/3622 (fetch/transfer)
08-25 21:09:22.798  2074 11988 D C2SoftVpxEnc: bytes generated 1702
08-25 21:09:22.804  2074 11988 D C2SoftVpxEnc: bytes generated 1804
08-25 21:09:22.811  2074 11988 D C2SoftVpxEnc: bytes generated 1739
08-25 21:09:22.818  2074 11988 D C2SoftVpxEnc: bytes generated 1713
08-25 21:09:22.823  2074 11988 D C2SoftVpxEnc: bytes generated 1786
08-25 21:09:22.831  2074 11988 D C2SoftVpxEnc: bytes generated 1694
08-25 21:09:22.835  2074 11988 D C2SoftVpxEnc: bytes generated 1805
08-25 21:09:22.841  2074 11988 D C2SoftVpxEnc: bytes generated 1931
08-25 21:09:22.855  2074 11988 D C2SoftVpxEnc: bytes generated 2017
08-25 21:09:22.860  2074 11988 D C2SoftVpxEnc: bytes generated 2007
08-25 21:09:22.868  3009  3295 D ResourceTrimmer: Sending TRIM_MEMORY_UI_HIDDEN.
08-25 21:09:22.868  2074 11988 D C2SoftVpxEnc: bytes generated 2063
08-25 21:09:22.873  2074 11988 D C2SoftVpxEnc: bytes generated 2122
08-25 21:09:22.879  2074 11988 D C2SoftVpxEnc: bytes generated 1170
08-25 21:09:22.884  2074 11988 D C2SoftVpxEnc: bytes generated 2291
08-25 21:09:22.892  2074 11988 D C2SoftVpxEnc: bytes generated 2185
08-25 21:09:22.896  3857  3857 I GsaVoiceInteractionSrv: (REDACTED) O received %s
08-25 21:09:22.897  2074 11988 D C2SoftVpxEnc: bytes generated 2142
08-25 21:09:22.904  1536  1536 I vendor.qti.hardware.servicetrackeraidl-service: bindService is called for service : com.google.android.googlequicksearchbox/com.google.android.apps.gsa.search.core.service.SearchService and for client com.google.android.googlequicksearchbox:interactor
08-25 21:09:22.904  1536  1536 I vendor.qti.hardware.servicetrackeraidl-service: total connections for service : com.google.android.googlequicksearchbox/com.google.android.apps.gsa.search.core.service.SearchServiceare :1
08-25 21:09:22.904  1536  1536 I vendor.qti.hardware.servicetrackeraidl-service: total connections for client : com.google.android.googlequicksearchbox:interactorare :3
08-25 21:09:22.908  2074 11988 D C2SoftVpxEnc: bytes generated 2091
08-25 21:09:22.911  2609  3182 D ActivityManager: sync unfroze 4068 com.google.android.googlequicksearchbox:search for 6
08-25 21:09:22.913  1366  3496 D vendor.qti.bluetooth@1.1-wake_lock: Release wakelock is released 
08-25 21:09:22.913  2074 11988 D BufferPoolAccessor2.0: bufferpool2 0xb400007b6e66a728 : 66(222632 size) total buffers - 1(2334 size) used buffers - 730/3640 (recycle/alloc) - 2921/3639 (fetch/transfer)
08-25 21:09:22.913  2074 11988 D C2SoftVpxEnc: bytes generated 2334
08-25 21:09:22.920  2074 11988 D C2SoftVpxEnc: bytes generated 2189
08-25 21:09:22.925  2074 11988 D C2SoftVpxEnc: bytes generated 2162
08-25 21:09:22.936  2074 11988 D C2SoftVpxEnc: bytes generated 2224
08-25 21:09:22.940  1536  1536 I vendor.qti.hardware.servicetrackeraidl-service: unbindService is called for service : com.google.android.googlequicksearchbox/com.google.android.apps.gsa.search.core.service.SearchService and for client com.google.android.googlequicksearchbox:interactor
08-25 21:09:22.940  1536  1536 I vendor.qti.hardware.servicetrackeraidl-service: size of service connections for service: com.google.android.googlequicksearchbox/com.google.android.apps.gsa.search.core.service.SearchServiceafter removal is 0
08-25 21:09:22.940  1536  1536 I vendor.qti.hardware.servicetrackeraidl-service: size of client connections for client: com.google.android.googlequicksearchbox:interactorafter removal is 2
08-25 21:09:22.940  1536  1536 I vendor.qti.hardware.servicetrackeraidl-service: destroyService is called for service : com.google.android.googlequicksearchbox/com.google.android.apps.gsa.search.core.service.SearchService
08-25 21:09:22.944  2074 11988 D C2SoftVpxEnc: bytes generated 2369
08-25 21:09:22.948  2074 11988 D C2SoftVpxEnc: bytes generated 2250
08-25 21:09:22.955  2074 11988 D C2SoftVpxEnc: bytes generated 2404
08-25 21:09:22.962  2074 11988 D C2SoftVpxEnc: bytes generated 2241
08-25 21:09:22.965  2074 11988 D C2SoftVpxEnc: bytes generated 2304
08-25 21:09:22.972  2074 11988 D C2SoftVpxEnc: bytes generated 2308
08-25 21:09:22.984  2074 11988 D C2SoftVpxEnc: bytes generated 2267
08-25 21:09:22.991  2074 11988 D C2SoftVpxEnc: bytes generated 2423
08-25 21:09:22.999  2074 11988 D C2SoftVpxEnc: bytes generated 2294
08-25 21:09:23.004  2074 11988 D C2SoftVpxEnc: bytes generated 2347
08-25 21:09:23.012  2074 11988 D C2SoftVpxEnc: bytes generated 2209
08-25 21:09:23.018  2074 11988 D C2SoftVpxEnc: bytes generated 2481
08-25 21:09:23.024  2074 11988 D C2SoftVpxEnc: bytes generated 2216
08-25 21:09:23.029  2074 11988 D BufferPoolAccessor2.0: bufferpool2 0xb400007b6e66a728 : 66(163067 size) total buffers - 1(2341 size) used buffers - 730/3657 (recycle/alloc) - 2938/3656 (fetch/transfer)
08-25 21:09:23.029  2074 11988 D C2SoftVpxEnc: bytes generated 2341
08-25 21:09:23.039  2074 11988 D C2SoftVpxEnc: bytes generated 2463
08-25 21:09:23.043  2074 11988 D C2SoftVpxEnc: bytes generated 2327
08-25 21:09:23.054  2074 11988 D C2SoftVpxEnc: bytes generated 2289
08-25 21:09:23.059  2074 11988 D C2SoftVpxEnc: bytes generated 1343
08-25 21:09:23.062  2609  2733 I DropBoxManagerService: add tag=system_server_strictmode isTagEnabled=true flags=0x2
08-25 21:09:23.065  2074 11988 D C2SoftVpxEnc: bytes generated 2671
08-25 21:09:23.069  2074 11988 D C2SoftVpxEnc: bytes generated 1381
08-25 21:09:23.078  2074 11988 D C2SoftVpxEnc: bytes generated 2678
08-25 21:09:23.083  2074 11988 D C2SoftVpxEnc: bytes generated 2474
08-25 21:09:23.092  2074 11988 D C2SoftVpxEnc: bytes generated 2484
08-25 21:09:23.097  2074 11988 D C2SoftVpxEnc: bytes generated 2410
08-25 21:09:23.107  2074 11988 D C2SoftVpxEnc: bytes generated 2554
08-25 21:09:23.112  2074 11988 D C2SoftVpxEnc: bytes generated 2647
08-25 21:09:23.125  2074 11988 D C2SoftVpxEnc: bytes generated 2423
08-25 21:09:23.133  2074 11988 D C2SoftVpxEnc: bytes generated 2490
08-25 21:09:23.137  2074 11988 D C2SoftVpxEnc: bytes generated 2454
08-25 21:09:23.140  2074 11988 D C2SoftVpxEnc: bytes generated 2470
08-25 21:09:23.148  2074 11988 D C2SoftVpxEnc: bytes generated 2376
08-25 21:09:23.152  2074 11988 D BufferPoolAccessor2.0: bufferpool2 0xb400007b6e66a728 : 66(133925 size) total buffers - 1(2382 size) used buffers - 731/3675 (recycle/alloc) - 2955/3674 (fetch/transfer)
08-25 21:09:23.153  2074 11988 D C2SoftVpxEnc: bytes generated 2382
08-25 21:09:23.161  2074 11988 D C2SoftVpxEnc: bytes generated 2441
08-25 21:09:23.166  2074 11988 D C2SoftVpxEnc: bytes generated 2477
08-25 21:09:23.177  2074 11988 D C2SoftVpxEnc: bytes generated 2606
08-25 21:09:23.184  2074 11988 D C2SoftVpxEnc: bytes generated 2367
08-25 21:09:23.191  2074 11988 D C2SoftVpxEnc: bytes generated 2431
08-25 21:09:23.196  2074 11988 D C2SoftVpxEnc: bytes generated 2357
08-25 21:09:23.202  2074 11988 D C2SoftVpxEnc: bytes generated 2438
08-25 21:09:23.208  2074 11988 D C2SoftVpxEnc: bytes generated 2233
08-25 21:09:23.214  2074 11988 D C2SoftVpxEnc: bytes generated 2354
08-25 21:09:23.223  2074 11988 D C2SoftVpxEnc: bytes generated 1321
08-25 21:09:23.227  2074 11988 D C2SoftVpxEnc: bytes generated 2726
08-25 21:09:23.237  2074 11988 D C2SoftVpxEnc: bytes generated 2507
08-25 21:09:23.242  2074 11988 D C2SoftVpxEnc: bytes generated 2146
08-25 21:09:23.248  2074 11988 D C2SoftVpxEnc: bytes generated 2073
08-25 21:09:23.259  2074 11988 D C2SoftVpxEnc: bytes generated 1843
08-25 21:09:23.265  2074 11988 D C2SoftVpxEnc: bytes generated 2048
08-25 21:09:23.279  2074 11988 D BufferPoolAccessor2.0: bufferpool2 0xb400007b6e66a728 : 66(146493 size) total buffers - 1(1852 size) used buffers - 731/3692 (recycle/alloc) - 2972/3691 (fetch/transfer)
08-25 21:09:23.279  2074 11988 D C2SoftVpxEnc: bytes generated 1852
08-25 21:09:23.286  2074 11988 D C2SoftVpxEnc: bytes generated 1830
08-25 21:09:23.291  2074 11988 D C2SoftVpxEnc: bytes generated 1209
08-25 21:09:23.295  2074 11988 D C2SoftVpxEnc: bytes generated 1134
08-25 21:09:23.298  2074 11988 D C2SoftVpxEnc: bytes generated 1880
08-25 21:09:23.302  2074 11988 D C2SoftVpxEnc: bytes generated 1600
08-25 21:09:23.306 14070 14070 W ServiceManagerCppClient: Waited one second for android.hardware.secure_element.ISecureElement/eSE1 (is service started? Number of threads started in the threadpool: 15. Are binder threads started and available?)
08-25 21:09:23.312   789   789 I servicemanager: Since 'android.hardware.secure_element.ISecureElement/eSE1' could not be found, trying to start it as a lazy AIDL service. (if it's not configured to be a lazy service, it may be stuck starting or still starting).
08-25 21:09:23.307   789 14123 W libc    : Unable to set property "ctl.interface_start" to "aidl/android.hardware.secure_element.ISecureElement/eSE1": error code: 0x20
08-25 21:09:23.314 14123 14123 I servicemanager: Tried to start aidl service android.hardware.secure_element.ISecureElement/eSE1 as a lazy service, but was unable to. Usually this happens when a service is not installed, but if the service is intended to be used as a lazy service, then it may be configured incorrectly.
08-25 21:09:23.323  2074 11988 D C2SoftVpxEnc: bytes generated 1523
08-25 21:09:23.371  1511  1705 I SDM     : DisplayBase::CommitThread: Received idle timeout, panel: cmd, timeout: 70000 us
08-25 21:09:23.407  2074 11988 D C2SoftVpxEnc: bytes generated 1472
08-25 21:09:23.424  1366  5210 I vendor.qti.bluetooth@1.1-ibs_handler: ProcessIbsCmd: Received IBS_WAKE_IND: 0xFD
08-25 21:09:23.424  1366  5210 D vendor.qti.bluetooth@1.1-ibs_handler: SerialClockVote: vote for UART CLK ON
08-25 21:09:23.424  1366  5210 D vendor.qti.bluetooth@1.1-wake_lock: Acquire wakelock is acquired 
08-25 21:09:23.424  1366  5210 I vendor.qti.bluetooth@1.1-ibs_handler: ProcessIbsCmd: Writing IBS_WAKE_ACK
08-25 21:09:23.427  3116  5215 I bt_stack: [INFO:btm_ble_gap.cc(3326)] btm_ble_process_adv_pkt_cont Data Complete 42:e2:3e:80:c9:d2
08-25 21:09:23.433  3116  5215 I bt_stack: [INFO:btm_ble_gap.cc(3326)] btm_ble_process_adv_pkt_cont Data Complete c0:04:b1:82:c7:10
08-25 21:09:23.433  3116  5215 I bt_stack: [INFO:btm_ble_gap.cc(3326)] btm_ble_process_adv_pkt_cont Data Complete c0:04:b1:82:c7:10
08-25 21:09:23.433  3116  5215 D bt_btm_ble: bool parse_adv_audio_uuids_from_adv_pkt(const uint8_t *, size_t, uint8_t): tmap_cap_pts: false
08-25 21:09:23.434  3116  3481 D BluetoothRemoteDevices:  getMappingAddr null
08-25 21:09:23.434  3116  3481 D BluetoothAdapterService: getIdentityAddress null retruning C0:04:B1:82:C7:10
08-25 21:09:23.460  3116  5215 I bt_stack: [INFO:btm_ble_gap.cc(3326)] btm_ble_process_adv_pkt_cont Data Complete 7f:65:b6:fb:6e:eb
08-25 21:09:23.499  1366  5210 I vendor.qti.bluetooth@1.1-ibs_handler: ProcessIbsCmd: Received IBS_SLEEP_IND: 0xFE
08-25 21:09:23.499  1366  5210 D vendor.qti.bluetooth@1.1-ibs_handler: SerialClockVote: vote for UART CLK OFF
08-25 21:09:23.511  2074 11988 D C2SoftVpxEnc: bytes generated 1437
08-25 21:09:23.513  1366  5210 I vendor.qti.bluetooth@1.1-ibs_handler: ProcessIbsCmd: Received IBS_WAKE_IND: 0xFD
08-25 21:09:23.513  1366  5210 D vendor.qti.bluetooth@1.1-ibs_handler: SerialClockVote: vote for UART CLK ON
08-25 21:09:23.513  1366  5210 I vendor.qti.bluetooth@1.1-ibs_handler: ProcessIbsCmd: Writing IBS_WAKE_ACK
08-25 21:09:23.515  3116  5215 I bt_stack: [INFO:btm_ble_gap.cc(3326)] btm_ble_process_adv_pkt_cont Data Complete 42:e2:3e:80:c9:d2
08-25 21:09:23.515  3116  5215 I bt_stack: [INFO:btm_ble_gap.cc(3326)] btm_ble_process_adv_pkt_cont Data Complete 42:e2:3e:80:c9:d2
08-25 21:09:23.515  3116  5215 D bt_btm_ble: bool parse_adv_audio_uuids_from_adv_pkt(const uint8_t *, size_t, uint8_t): tmap_cap_pts: false
08-25 21:09:23.516  3116  3481 D BluetoothAdapterService: getIdentityAddress null retruning 42:E2:3E:80:C9:D2
08-25 21:09:23.520  3116  6835 D BroadcastService: getBroadcastAddress
08-25 21:09:23.520  3116  6835 D BroadcastService: isBroadcastActive: Broadcast is turned to off
08-25 21:09:23.525  3797  4876 I NearbyDiscovery: DiscoveryLogger: cuj-state=UPDATE LoggedNearbyDiscovery{FAST_PAIR_SEEKER_CAPABILITIES_SERVER_REQUEST_SENT, deviceType=PHONE, isSeekerLeExtendedAdvertisingSupported=true} [CONTEXT service_id=265 ]
08-25 21:09:23.530  1536  1536 I vendor.qti.hardware.servicetrackeraidl-service: bindService is called for service : com.google.android.gms/.auth.be.appcert.AppCertService and for client com.google.android.gms.persistent
08-25 21:09:23.530  1536  1536 I vendor.qti.hardware.servicetrackeraidl-service: total connections for service : com.google.android.gms/.auth.be.appcert.AppCertServiceare :1
08-25 21:09:23.530  1536  1536 I vendor.qti.hardware.servicetrackeraidl-service: total connections for client : com.google.android.gms.persistentare :6
08-25 21:09:23.536  3797  4876 W NearbyDiscovery: FastPair: Failed to get seeker capabilities [CONTEXT service_id=265 ]
08-25 21:09:23.536  3797  4876 W NearbyDiscovery: [trigger-id=ScanC84576D2] FastPairCache: Failed to get seeker capabilities result from server [CONTEXT service_id=265 ]
08-25 21:09:23.537  3797  4876 I NearbyDiscovery: DiscoveryLogger: cuj-state=UPDATE LoggedNearbyDiscovery{FAST_PAIR_SEEKER_CAPABILITIES_SERVER_ERROR_RESPONSE, deviceType=PHONE, isSeekerLeExtendedAdvertisingSupported=true} [CONTEXT service_id=265 ]
