08-25 21:09:23.540  3797  4876 I NearbyDiscovery: [trigger-id=ScanC84576D2] FastPairCache: First time advertise data with bloom filter, mac=XX:XX:XX:XX:C9:D2, fp-advert=1050170c4034742159b7144646340bbaf1, scan-mode=balanced [CONTEXT service_id=265 ]
08-25 21:09:23.554  1366  5210 I vendor.qti.bluetooth@1.1-ibs_handler: ProcessIbsCmd: Received IBS_SLEEP_IND: 0xFE
08-25 21:09:23.554  1366  5210 D vendor.qti.bluetooth@1.1-ibs_handler: SerialClockVote: vote for UART CLK OFF
08-25 21:09:23.572  2074 11988 D C2SoftVpxEnc: bytes generated 1516
08-25 21:09:23.590  2074 11988 D C2SoftVpxEnc: bytes generated 16630
08-25 21:09:23.597  2074 11988 D C2SoftVpxEnc: bytes generated 10053
08-25 21:09:23.605  2074 11988 D C2SoftVpxEnc: bytes generated 12951
08-25 21:09:23.610  2074 11988 D C2SoftVpxEnc: bytes generated 13093
08-25 21:09:23.615  2074 11988 D C2SoftVpxEnc: bytes generated 15499
08-25 21:09:23.619  2074 11988 D C2SoftVpxEnc: bytes generated 9704
08-25 21:09:23.623  2074 11988 D C2SoftVpxEnc: bytes generated 11278
08-25 21:09:23.628  2074 11988 D BufferPoolAccessor2.0: bufferpool2 0xb400007b6e66a728 : 66(225736 size) total buffers - 1(10136 size) used buffers - 731/3709 (recycle/alloc) - 2989/3708 (fetch/transfer)
08-25 21:09:23.628  2074 11988 D C2SoftVpxEnc: bytes generated 10136
08-25 21:09:23.633  2074 11988 D C2SoftVpxEnc: bytes generated 12160
08-25 21:09:23.637  2074 11988 D C2SoftVpxEnc: bytes generated 8748
08-25 21:09:23.641  2074 11988 D C2SoftVpxEnc: bytes generated 9773
08-25 21:09:23.649  2074 11988 D C2SoftVpxEnc: bytes generated 13402
08-25 21:09:23.653  2074 11988 D C2SoftVpxEnc: bytes generated 10168
08-25 21:09:23.662  2074 11988 D C2SoftVpxEnc: bytes generated 14875
08-25 21:09:23.678  2074 11988 D C2SoftVpxEnc: bytes generated 7200
08-25 21:09:23.685  2074 11988 D C2SoftVpxEnc: bytes generated 14498
08-25 21:09:23.692  2074 11988 D C2SoftVpxEnc: bytes generated 13669
08-25 21:09:23.697  2074 11988 D C2SoftVpxEnc: bytes generated 8256
08-25 21:09:23.701  2074 11988 D C2SoftVpxEnc: bytes generated 16259
08-25 21:09:23.704  1366  3496 D vendor.qti.bluetooth@1.1-wake_lock: Release wakelock is released 
08-25 21:09:23.709  2074 11988 D C2SoftVpxEnc: bytes generated 8544
08-25 21:09:23.713  2074 11988 D C2SoftVpxEnc: bytes generated 16964
08-25 21:09:23.726  2074 11988 D C2SoftVpxEnc: bytes generated 13401
08-25 21:09:23.733  2074 11988 D C2SoftVpxEnc: bytes generated 11256
08-25 21:09:23.742  2074 11988 D C2SoftVpxEnc: bytes generated 18001
08-25 21:09:23.746  2074 11988 D BufferPoolAccessor2.0: bufferpool2 0xb400007b6e66a728 : 66(392033 size) total buffers - 1(8591 size) used buffers - 731/3726 (recycle/alloc) - 3006/3725 (fetch/transfer)
08-25 21:09:23.746  2074 11988 D C2SoftVpxEnc: bytes generated 8591
08-25 21:09:23.750  2074 11988 D C2SoftVpxEnc: bytes generated 12225
08-25 21:09:23.754  2074 11988 D C2SoftVpxEnc: bytes generated 10596
08-25 21:09:23.758  2074 11988 D C2SoftVpxEnc: bytes generated 8810
08-25 21:09:23.770  2074 11988 D C2SoftVpxEnc: bytes generated 12209
08-25 21:09:23.775  2074 11988 D C2SoftVpxEnc: bytes generated 16905
08-25 21:09:23.780  2074 11988 D C2SoftVpxEnc: bytes generated 12891
08-25 21:09:23.784  2074 11988 D C2SoftVpxEnc: bytes generated 12488
08-25 21:09:23.798  2074 11988 D C2SoftVpxEnc: bytes generated 12266
08-25 21:09:23.803  2074 11988 D C2SoftVpxEnc: bytes generated 11201
08-25 21:09:23.818  2074 11988 D C2SoftVpxEnc: bytes generated 17903
08-25 21:09:23.824  2074 11988 D C2SoftVpxEnc: bytes generated 13774
08-25 21:09:23.828  2074 11988 D C2SoftVpxEnc: bytes generated 11873
08-25 21:09:23.833  2074 11988 D C2SoftVpxEnc: bytes generated 17540
08-25 21:09:23.837  2074 11988 D C2SoftVpxEnc: bytes generated 10295
08-25 21:09:23.840  2074 11988 D C2SoftVpxEnc: bytes generated 11101
08-25 21:09:23.855  2074 11988 D C2SoftVpxEnc: bytes generated 7841
08-25 21:09:23.863  2074 11988 D BufferPoolAccessor2.0: bufferpool2 0xb400007b6e66a728 : 66(569297 size) total buffers - 1(17367 size) used buffers - 731/3743 (recycle/alloc) - 3023/3742 (fetch/transfer)
08-25 21:09:23.863  2074 11988 D C2SoftVpxEnc: bytes generated 17367
08-25 21:09:23.867  2074 11988 D C2SoftVpxEnc: bytes generated 5654
08-25 21:09:23.871  2074 11988 D C2SoftVpxEnc: bytes generated 8766
08-25 21:09:23.876  2074 11988 D C2SoftVpxEnc: bytes generated 6800
08-25 21:09:23.880  2074 11988 D C2SoftVpxEnc: bytes generated 9517
08-25 21:09:23.897  2074 11988 D C2SoftVpxEnc: bytes generated 6620
08-25 21:09:23.904  2074 11988 D C2SoftVpxEnc: bytes generated 16330
08-25 21:09:23.911  2074 11988 D C2SoftVpxEnc: bytes generated 11675
08-25 21:09:23.915  2074 11988 D C2SoftVpxEnc: bytes generated 7830
08-25 21:09:23.920  2074 11988 D C2SoftVpxEnc: bytes generated 7336
08-25 21:09:23.924  2074 11988 D C2SoftVpxEnc: bytes generated 12983
08-25 21:09:23.942  2074 11988 D C2SoftVpxEnc: bytes generated 6153
08-25 21:09:23.946  2074 11988 D C2SoftVpxEnc: bytes generated 11685
08-25 21:09:23.951  2074 11988 D C2SoftVpxEnc: bytes generated 9749
08-25 21:09:23.956  2074 11988 D C2SoftVpxEnc: bytes generated 12022
08-25 21:09:23.963  2074 11988 D C2SoftVpxEnc: bytes generated 4982
08-25 21:09:23.983  2074 11988 D C2SoftVpxEnc: bytes generated 3724
08-25 21:09:23.999  2074 11988 D BufferPoolAccessor2.0: bufferpool2 0xb400007b6e66a728 : 66(687098 size) total buffers - 1(12316 size) used buffers - 731/3760 (recycle/alloc) - 3040/3759 (fetch/transfer)
08-25 21:09:24.000  2074 11988 D C2SoftVpxEnc: bytes generated 12316
08-25 21:09:24.011  2074 11988 D C2SoftVpxEnc: bytes generated 10468
08-25 21:09:24.020  2074 11988 D C2SoftVpxEnc: bytes generated 11839
08-25 21:09:24.028  2074 11988 D C2SoftVpxEnc: bytes generated 13356
08-25 21:09:24.036  2074 11988 D C2SoftVpxEnc: bytes generated 11071
08-25 21:09:24.045  2074 11988 D C2SoftVpxEnc: bytes generated 15011
08-25 21:09:24.050  2074 11988 D C2SoftVpxEnc: bytes generated 13738
08-25 21:09:24.055  2074 11988 D C2SoftVpxEnc: bytes generated 20221
08-25 21:09:24.060  2074 11988 D C2SoftVpxEnc: bytes generated 24192
08-25 21:09:24.066  2074 11988 D C2SoftVpxEnc: bytes generated 24673
08-25 21:09:24.072  2074 11988 D C2SoftVpxEnc: bytes generated 20703
08-25 21:09:24.077  2074 11988 D C2SoftVpxEnc: bytes generated 16248
08-25 21:09:24.085  2074 11988 D C2SoftVpxEnc: bytes generated 9511
08-25 21:09:24.090  2074 11988 D C2SoftVpxEnc: bytes generated 12523
08-25 21:09:24.094  2074 11988 D C2SoftVpxEnc: bytes generated 10975
08-25 21:09:24.100  2074 11988 D C2SoftVpxEnc: bytes generated 15202
08-25 21:09:24.104  2074 11988 D C2SoftVpxEnc: bytes generated 8452
08-25 21:09:24.112  2074 11988 D BufferPoolAccessor2.0: bufferpool2 0xb400007b6e66a728 : 66(802175 size) total buffers - 1(7708 size) used buffers - 731/3777 (recycle/alloc) - 3057/3776 (fetch/transfer)
08-25 21:09:24.112  2074 11988 D C2SoftVpxEnc: bytes generated 7708
08-25 21:09:24.122  2074 11988 D C2SoftVpxEnc: bytes generated 11252
08-25 21:09:24.129  2074 11988 D C2SoftVpxEnc: bytes generated 7570
08-25 21:09:24.138  2074 11988 D C2SoftVpxEnc: bytes generated 6467
08-25 21:09:24.147  2074 11988 D C2SoftVpxEnc: bytes generated 12224
08-25 21:09:24.152  2074 11988 D C2SoftVpxEnc: bytes generated 7509
08-25 21:09:24.155  2074 11988 D C2SoftVpxEnc: bytes generated 6412
08-25 21:09:24.159  2074 11988 D C2SoftVpxEnc: bytes generated 9161
08-25 21:09:24.162  2074 11988 D C2SoftVpxEnc: bytes generated 5161
08-25 21:09:24.172  2074 11988 D C2SoftVpxEnc: bytes generated 4766
08-25 21:09:24.176  2074 11988 D C2SoftVpxEnc: bytes generated 7833
08-25 21:09:24.193  2074 11988 D C2SoftVpxEnc: bytes generated 12619
08-25 21:09:24.199  2074 11988 D C2SoftVpxEnc: bytes generated 1873
08-25 21:09:24.202  2074 11988 D C2SoftVpxEnc: bytes generated 5578
08-25 21:09:24.206  2074 11988 D C2SoftVpxEnc: bytes generated 5064
08-25 21:09:24.213  2074 11988 D C2SoftVpxEnc: bytes generated 3040
08-25 21:09:24.216  2074 11988 D C2SoftVpxEnc: bytes generated 2018
08-25 21:09:24.232  2074 11988 D BufferPoolAccessor2.0: bufferpool2 0xb400007b6e66a728 : 66(704892 size) total buffers - 1(1848 size) used buffers - 731/3794 (recycle/alloc) - 3074/3793 (fetch/transfer)
08-25 21:09:24.232  2074 11988 D C2SoftVpxEnc: bytes generated 1848
08-25 21:09:24.238  2074 11988 D C2SoftVpxEnc: bytes generated 1820
08-25 21:09:24.241  2074 11988 D C2SoftVpxEnc: bytes generated 1325
08-25 21:09:24.244  2074 11988 D C2SoftVpxEnc: bytes generated 1266
08-25 21:09:24.260  2074 11988 D C2SoftVpxEnc: bytes generated 1897
08-25 21:09:24.263  2074 11988 D C2SoftVpxEnc: bytes generated 1845
08-25 21:09:24.268  2074 11988 D C2SoftVpxEnc: bytes generated 1819
08-25 21:09:24.271  2074 11988 D C2SoftVpxEnc: bytes generated 1830
08-25 21:09:24.287  2074 11988 D C2SoftVpxEnc: bytes generated 1834
08-25 21:09:24.291  2074 11988 D C2SoftVpxEnc: bytes generated 1833
08-25 21:09:24.296  2074 11988 D C2SoftVpxEnc: bytes generated 1841
08-25 21:09:24.299  2074 11988 D C2SoftVpxEnc: bytes generated 1959
08-25 21:09:24.305  2074 11988 D C2SoftVpxEnc: bytes generated 1803
08-25 21:09:24.307 14070 14070 W ServiceManagerCppClient: Waited one second for android.hardware.secure_element.ISecureElement/eSE1 (is service started? Number of threads started in the threadpool: 15. Are binder threads started and available?)
08-25 21:09:24.313   789   789 I servicemanager: Since 'android.hardware.secure_element.ISecureElement/eSE1' could not be found, trying to start it as a lazy AIDL service. (if it's not configured to be a lazy service, it may be stuck starting or still starting).
08-25 21:09:24.309   789 14131 W libc    : Unable to set property "ctl.interface_start" to "aidl/android.hardware.secure_element.ISecureElement/eSE1": error code: 0x20
08-25 21:09:24.316 14131 14131 I servicemanager: Tried to start aidl service android.hardware.secure_element.ISecureElement/eSE1 as a lazy service, but was unable to. Usually this happens when a service is not installed, but if the service is intended to be used as a lazy service, then it may be configured incorrectly.
08-25 21:09:24.336  2074 11988 D C2SoftVpxEnc: bytes generated 1731
08-25 21:09:24.376  1511  1705 I SDM     : DisplayBase::CommitThread: Received idle timeout, panel: cmd, timeout: 70000 us
08-25 21:09:24.419  2074 11988 D C2SoftVpxEnc: bytes generated 1689
08-25 21:09:24.433  1522  5432 E ANDR-PERF-LM: SilkyScrolls: emptyContentDetection() 762: empty Content found
08-25 21:09:24.521  2074 11988 D C2SoftVpxEnc: bytes generated 1686
08-25 21:09:24.629  2074 11988 D C2SoftVpxEnc: bytes generated 1686
08-25 21:09:24.635  2074 11988 D C2SoftVpxEnc: bytes generated 1686
08-25 21:09:24.640  2074 11988 D C2SoftVpxEnc: bytes generated 1694
08-25 21:09:24.643  2074 11988 D BufferPoolAccessor2.0: bufferpool2 0xb400007b6e66a728 : 66(525604 size) total buffers - 1(1724 size) used buffers - 733/3813 (recycle/alloc) - 3091/3812 (fetch/transfer)
08-25 21:09:24.643  2074 11988 D C2SoftVpxEnc: bytes generated 1724
08-25 21:09:24.646  2074 11988 D C2SoftVpxEnc: bytes generated 1729
08-25 21:09:24.649  2074 11988 D C2SoftVpxEnc: bytes generated 1761
08-25 21:09:24.654  2074 11988 D C2SoftVpxEnc: bytes generated 1224
08-25 21:09:24.657  2074 11988 D C2SoftVpxEnc: bytes generated 1820
08-25 21:09:24.674  2074 11988 D C2SoftVpxEnc: bytes generated 1791
08-25 21:09:24.680  2074 11988 D C2SoftVpxEnc: bytes generated 1826
08-25 21:09:24.686  2074 11988 D C2SoftVpxEnc: bytes generated 1819
08-25 21:09:24.689  2074 11988 D C2SoftVpxEnc: bytes generated 1812
08-25 21:09:24.695  2074 11988 D C2SoftVpxEnc: bytes generated 1802
08-25 21:09:24.698  2074 11988 D C2SoftVpxEnc: bytes generated 1819
08-25 21:09:24.714  2074 11988 D C2SoftVpxEnc: bytes generated 1820
08-25 21:09:24.720  2074 11988 D C2SoftVpxEnc: bytes generated 1825
08-25 21:09:24.725  2074 11988 D C2SoftVpxEnc: bytes generated 1818
08-25 21:09:24.729  2074 11988 D C2SoftVpxEnc: bytes generated 1822
08-25 21:09:24.738  2074 11988 D C2SoftVpxEnc: bytes generated 1808
08-25 21:09:24.744  2074 11988 D C2SoftVpxEnc: bytes generated 1813
08-25 21:09:24.759  2074 11988 D C2SoftVpxEnc: bytes generated 1811
08-25 21:09:24.767  2074 11988 D C2SoftVpxEnc: bytes generated 1780
08-25 21:09:24.777  2074 11988 D C2SoftVpxEnc: bytes generated 1775
08-25 21:09:24.780  1366  5210 I vendor.qti.bluetooth@1.1-ibs_handler: ProcessIbsCmd: Received IBS_WAKE_IND: 0xFD
08-25 21:09:24.781  1366  5210 D vendor.qti.bluetooth@1.1-ibs_handler: SerialClockVote: vote for UART CLK ON
08-25 21:09:24.781  1366  5210 D vendor.qti.bluetooth@1.1-wake_lock: Acquire wakelock is acquired 
08-25 21:09:24.781  1366  5210 I vendor.qti.bluetooth@1.1-ibs_handler: ProcessIbsCmd: Writing IBS_WAKE_ACK
08-25 21:09:24.782  3116  5215 I bt_stack: [INFO:btm_ble_gap.cc(3326)] btm_ble_process_adv_pkt_cont Data Complete 4f:30:88:2e:c7:a3
08-25 21:09:24.783  3116  5215 I bt_stack: [INFO:btm_ble_gap.cc(3326)] btm_ble_process_adv_pkt_cont Data Complete 4f:30:88:2e:c7:a3
08-25 21:09:24.783  3116  5215 D bt_btm_ble: bool parse_adv_audio_uuids_from_adv_pkt(const uint8_t *, size_t, uint8_t): tmap_cap_pts: false
08-25 21:09:24.783  3116  3481 D BluetoothAdapterService: getIdentityAddress null retruning 4F:30:88:2E:C7:A3
08-25 21:09:24.785  2074 11988 D C2SoftVpxEnc: bytes generated 3284
08-25 21:09:24.788  2074 11988 D BufferPoolAccessor2.0: bufferpool2 0xb400007b6e66a728 : 66(395709 size) total buffers - 1(2453 size) used buffers - 737/3834 (recycle/alloc) - 3108/3833 (fetch/transfer)
08-25 21:09:24.788  2074 11988 D C2SoftVpxEnc: bytes generated 2453
08-25 21:09:24.793  2074 11988 D C2SoftVpxEnc: bytes generated 1769
08-25 21:09:24.798  2074 11988 D C2SoftVpxEnc: bytes generated 1642
08-25 21:09:24.822  1366  5210 I vendor.qti.bluetooth@1.1-ibs_handler: ProcessIbsCmd: Received IBS_SLEEP_IND: 0xFE
08-25 21:09:24.822  1366  5210 D vendor.qti.bluetooth@1.1-ibs_handler: SerialClockVote: vote for UART CLK OFF
08-25 21:09:24.838  1365  2942 D AHAL: AudioStream: astream_out_standby: 665: enter: stream (0xb400006e822683f0), usecase(1: low-latency-playback)
08-25 21:09:24.838  1365  2942 D AHAL: AudioStream: Standby: 2409: Enter
08-25 21:09:24.838  1365  2942 I PAL: API: pal_stream_stop: 404: Enter. Stream handle :0xb400007082272910K
08-25 21:09:24.838  1365  2942 D AGM: graph: graph_stop: 928 entry graph_handle 0x347534c
08-25 21:09:24.843  1365  2942 D AGM: graph: graph_stop: 976 exit, ret 0
08-25 21:09:24.844  1365  2942 I PAL: ResourceManager: voteSleepMonitor: 2124: Unvoting done for nlpi use case, lpi votes 0, nlpi votes : 0
08-25 21:09:24.844  1365  2942 I PAL: SpeakerProtection: spkrProtSetSpkrStatus: 203: Speaker used last time 2347
08-25 21:09:24.844  1365  2942 D AGM: graph: graph_stop: 928 entry graph_handle 0x147534c
08-25 21:09:24.845  1365  2942 D AGM: graph: graph_stop: 976 exit, ret 0
08-25 21:09:24.845  1365  2942 I AGM: API: agm_session_aif_connect: 625 disconnecting aifid:14 with session id=121
08-25 21:09:24.845  1365  2942 D AGM: graph: graph_stop: 928 entry graph_handle 0x147534c
08-25 21:09:24.845  1365  2942 D AGM: metadata: metadata_print: 79 *************************Metadata*************************
08-25 21:09:24.845  1365  2942 D AGM: metadata: metadata_print: 80 GKV size:1
08-25 21:09:24.845  1365  2942 D AGM: metadata: metadata_print: 83 key:0xa3000000, value:0xa3000009 
08-25 21:09:24.845  1365  2942 D AGM: metadata: metadata_print: 87 
08-25 21:09:24.845  1365  2942 D AGM: metadata: CKV count:1
08-25 21:09:24.845  1365  2942 D AGM: metadata: metadata_print: 90 key:0xbf000000, value:0x2 
08-25 21:09:24.845  1365  2942 D AGM: metadata: metadata_print: 92 
08-25 21:09:24.845  1365  2942 D AGM: metadata: metadata_print: 94 Property ID:134217744
08-25 21:09:24.845  1365  2942 D AGM: metadata: metadata_print: 95 property count:1
08-25 21:09:24.845  1365  2942 D AGM: metadata: metadata_print: 98 Property Values: 
08-25 21:09:24.845  1365  2942 D AGM: metadata: metadata_print: 100 0x2 
08-25 21:09:24.846  1365  2942 D AGM: metadata: metadata_print: 102 
08-25 21:09:24.846  1365  2942 D AGM: metadata: metadata_print: 103 ****************Metadata Done***************************
08-25 21:09:24.846  1365  2942 D AGM: metadata: 
08-25 21:09:24.850  2942  2942 I adsp_sleepmon: Audio: num_sessions=0,num_lpi_sessions=0,timer_pending=1
08-25 21:09:24.847  1365  2942 D AGM: graph: graph_stop: 976 exit, ret 0
08-25 21:09:24.848  1365  2942 I AGM: device: device_set_metadata: 708 Setting device metadata for CODEC_DMA-LPAIF_WSA-TX-0
08-25 21:09:24.848  1365  2942 D AGM: metadata: metadata_print: 79 *************************Metadata*************************
08-25 21:09:24.848  1365  2942 D AGM: metadata: metadata_print: 80 GKV size:0
08-25 21:09:24.848  1365  2942 D AGM: metadata: metadata_print: 87 
08-25 21:09:24.848  1365  2942 D AGM: metadata: CKV count:0
08-25 21:09:24.848  1365  2942 D AGM: metadata: metadata_print: 92 
08-25 21:09:24.848  1365  2942 D AGM: metadata: metadata_print: 94 Property ID:134217744
08-25 21:09:24.848  1365  2942 D AGM: metadata: metadata_print: 95 property count:2
08-25 21:09:24.848  1365  2942 D AGM: metadata: metadata_print: 98 Property Values: 
08-25 21:09:24.848  1365  2942 D AGM: metadata: metadata_print: 100 0x2 
08-25 21:09:24.848  1365  2942 D AGM: metadata: metadata_print: 100 0x5 
08-25 21:09:24.848  1365  2942 D AGM: metadata: metadata_print: 102 
08-25 21:09:24.848  1365  2942 D AGM: metadata: metadata_print: 103 ****************Metadata Done***************************
08-25 21:09:24.848  1365  2942 D AGM: metadata: 
08-25 21:09:24.848  1365  2942 I PAL: ResourceManager: freeFrontEndIds: 7320: stream type 1, freeing 121
08-25 21:09:24.848  1365  2942 D AGM: session: session_close: 1325 enter
08-25 21:09:24.848  1365  2942 D AGM: graph: graph_close: 762 entry handle 0x147534c
08-25 21:09:24.848  1365  2942 D AGM: graph: graph_close: 783 exit, ret 0
08-25 21:09:24.848  1365  2942 D AGM: session: session_close: 1376 exit, ret 0
08-25 21:09:24.848  1365  2942 D audio_route: audio_route_update_path: skip to reset mixer control 'WSA_RX1 Digital Volume' in path 'vi-feedback' because it is still needed by other paths
08-25 21:09:24.848  1365  2942 D audio_route: audio_route_update_path: skip to reset mixer control 'WSA_RX0 Digital Volume' in path 'vi-feedback' because it is still needed by other paths
08-25 21:09:24.849  1365  2942 D AGM: graph: graph_stop: 928 entry graph_handle 0x247534c
08-25 21:09:24.850  1365  2942 D AGM: graph: graph_stop: 976 exit, ret 0
08-25 21:09:24.850  1365  2942 I AGM: API: agm_session_aif_connect: 625 disconnecting aifid:15 with session id=120
08-25 21:09:24.850  1365  2942 D AGM: graph: graph_stop: 928 entry graph_handle 0x247534c
08-25 21:09:24.850  1365  2942 D AGM: metadata: metadata_print: 79 *************************Metadata*************************
08-25 21:09:24.850  1365  2942 D AGM: metadata: metadata_print: 80 GKV size:1
08-25 21:09:24.850  1365  2942 D AGM: metadata: metadata_print: 83 key:0xa3000000, value:0xa300000e 
08-25 21:09:24.850  1365  2942 D AGM: metadata: metadata_print: 87 
08-25 21:09:24.850  1365  2942 D AGM: metadata: CKV count:1
08-25 21:09:24.850  1365  2942 D AGM: metadata: metadata_print: 90 key:0xe3000000, value:0x2 
08-25 21:09:24.850  1365  2942 D AGM: metadata: metadata_print: 92 
08-25 21:09:24.850  1365  2942 D AGM: metadata: metadata_print: 94 Property ID:134217744
08-25 21:09:24.850  1365  2942 D AGM: metadata: metadata_print: 95 property count:1
08-25 21:09:24.850  1365  2942 D AGM: metadata: metadata_print: 98 Property Values: 
08-25 21:09:24.850  1365  2942 D AGM: metadata: metadata_print: 100 0x2 
08-25 21:09:24.850  1365  2942 D AGM: metadata: metadata_print: 102 
08-25 21:09:24.850  1365  2942 D AGM: metadata: metadata_print: 103 ****************Metadata Done***************************
08-25 21:09:24.850  1365  2942 D AGM: metadata: 
08-25 21:09:24.850  1511  1705 I SDM     : DisplayBase::CommitThread: Received idle timeout, panel: cmd, timeout: 70000 us
08-25 21:09:24.851  1365  2942 D AGM: graph: graph_stop: 976 exit, ret 0
08-25 21:09:24.851  1365  2942 I AGM: device: device_set_metadata: 708 Setting device metadata for CODEC_DMA-LPAIF_WSA-TX-2
08-25 21:09:24.851  1365  2942 D AGM: metadata: metadata_print: 79 *************************Metadata*************************
08-25 21:09:24.851  1365  2942 D AGM: metadata: metadata_print: 80 GKV size:0
08-25 21:09:24.851  1365  2942 D AGM: metadata: metadata_print: 87 
08-25 21:09:24.851  1365  2942 D AGM: metadata: CKV count:0
08-25 21:09:24.851  1365  2942 D AGM: metadata: metadata_print: 92 
08-25 21:09:24.851  1365  2942 D AGM: metadata: metadata_print: 94 Property ID:134217744
08-25 21:09:24.851  1365  2942 D AGM: metadata: metadata_print: 95 property count:2
08-25 21:09:24.852  1365  2942 D AGM: metadata: metadata_print: 98 Property Values: 
08-25 21:09:24.852  1365  2942 D AGM: metadata: metadata_print: 100 0x2 
08-25 21:09:24.852  1365  2942 D AGM: metadata: metadata_print: 100 0x5 
08-25 21:09:24.852  1365  2942 D AGM: metadata: metadata_print: 102 
08-25 21:09:24.852  1365  2942 D AGM: metadata: metadata_print: 103 ****************Metadata Done***************************
08-25 21:09:24.852  1365  2942 D AGM: metadata: 
08-25 21:09:24.852  1365  2942 I PAL: ResourceManager: freeFrontEndIds: 7320: stream type 1, freeing 120
08-25 21:09:24.852  1365  2942 D AGM: session: session_close: 1325 enter
08-25 21:09:24.852  1365  2942 D AGM: graph: graph_close: 762 entry handle 0x247534c
08-25 21:09:24.852  1365  2942 D AGM: graph: graph_close: 783 exit, ret 0
08-25 21:09:24.852  1365  2942 D AGM: session: session_close: 1376 exit, ret 0
08-25 21:09:24.852  1365  2942 I PAL: API: pal_stream_stop: 442: Exit. status 0
08-25 21:09:24.852  1365  2942 I PAL: API: pal_stream_close: 285: Enter. Stream handle :0xb400007082272910K
08-25 21:09:24.852  1365  2942 I AGM: API: agm_session_aif_connect: 625 disconnecting aifid:11 with session id=126
08-25 21:09:24.853  1365  2942 D AGM: graph: graph_stop: 928 entry graph_handle 0x347534c
08-25 21:09:24.853  1365  2942 D AGM: metadata: metadata_print: 79 *************************Metadata*************************
08-25 21:09:24.853  1365  2942 D AGM: metadata: metadata_print: 80 GKV size:4
08-25 21:09:24.853  1365  2942 D AGM: metadata: metadata_print: 83 key:0xa1000000, value:0xa100000e 
08-25 21:09:24.853  1365  2942 D AGM: metadata: metadata_print: 83 key:0xab000000, value:0x1 
08-25 21:09:24.853  1365  2942 D AGM: metadata: metadata_print: 83 key:0xa2000000, value:0xa2000001 
08-25 21:09:24.853  1365  2942 D AGM: metadata: metadata_print: 83 key:0xac000000, value:0xac000002 
08-25 21:09:24.853  1365  2942 D AGM: metadata: metadata_print: 87 
08-25 21:09:24.853  1365  2942 D AGM: metadata: CKV count:3
08-25 21:09:24.853  1365  2942 D AGM: metadata: metadata_print: 90 key:0xa4000000, value:0x0 
08-25 21:09:24.853  1365  2942 D AGM: metadata: metadata_print: 90 key:0xd2000000, value:0x0 
08-25 21:09:24.853  1365  2942 D AGM: metadata: metadata_print: 90 key:0xbe000000, value:0x3 
08-25 21:09:24.853  1365  2942 D AGM: metadata: metadata_print: 92 
08-25 21:09:24.853  1365  2942 D AGM: metadata: metadata_print: 94 Property ID:134217744
08-25 21:09:24.853  1365  2942 D AGM: metadata: metadata_print: 95 property count:3
08-25 21:09:24.853  1365  2942 D AGM: metadata: metadata_print: 98 Property Values: 
08-25 21:09:24.853  1365  2942 D AGM: metadata: metadata_print: 100 0x3 
08-25 21:09:24.853  1365  2942 D AGM: metadata: metadata_print: 100 0x2 
08-25 21:09:24.853  1365  2942 D AGM: metadata: metadata_print: 100 0x5 
08-25 21:09:24.853  1365  2942 D AGM: metadata: metadata_print: 102 
08-25 21:09:24.853  1365  2942 D AGM: metadata: metadata_print: 103 ****************Metadata Done***************************
08-25 21:09:24.853  1365  2942 D AGM: metadata: 
08-25 21:09:24.855  1365  2942 D AGM: graph: graph_stop: 976 exit, ret 0
08-25 21:09:24.860  1365  2942 I AGM: device: device_set_metadata: 708 Setting device metadata for CODEC_DMA-LPAIF_WSA-RX-0
08-25 21:09:24.860  1365  2942 D AGM: metadata: metadata_print: 79 *************************Metadata*************************
08-25 21:09:24.860  1365  2942 D AGM: metadata: metadata_print: 80 GKV size:0
08-25 21:09:24.860  1365  2942 D AGM: metadata: metadata_print: 87 
08-25 21:09:24.860  1365  2942 D AGM: metadata: CKV count:0
08-25 21:09:24.860  1365  2942 D AGM: metadata: metadata_print: 92 
08-25 21:09:24.860  1365  2942 D AGM: metadata: metadata_print: 94 Property ID:134217744
08-25 21:09:24.860  1365  2942 D AGM: metadata: metadata_print: 95 property count:2
08-25 21:09:24.860  1365  2942 D AGM: metadata: metadata_print: 98 Property Values: 
08-25 21:09:24.860  1365  2942 D AGM: metadata: metadata_print: 100 0x2 
08-25 21:09:24.860  1365  2942 D AGM: metadata: metadata_print: 100 0x5 
08-25 21:09:24.860  1365  2942 D AGM: metadata: metadata_print: 102 
08-25 21:09:24.860  1365  2942 D AGM: metadata: metadata_print: 103 ****************Metadata Done***************************
08-25 21:09:24.860  1365  2942 D AGM: metadata: 
08-25 21:09:24.860  1365  2942 I AGM: session: session_obj_set_sess_aif_metadata: 1833 Setting metadata for sess_id 126, aif id 11
08-25 21:09:24.860  1365  2942 D AGM: metadata: metadata_print: 79 *************************Metadata*************************
08-25 21:09:24.860  1365  2942 D AGM: metadata: metadata_print: 80 GKV size:0
08-25 21:09:24.860  1365  2942 D AGM: metadata: metadata_print: 87 
08-25 21:09:24.860  1365  2942 D AGM: metadata: CKV count:0
08-25 21:09:24.860  1365  2942 D AGM: metadata: metadata_print: 92 
08-25 21:09:24.860  1365  2942 D AGM: metadata: metadata_print: 94 Property ID:134217744
08-25 21:09:24.860  1365  2942 D AGM: metadata: metadata_print: 95 property count:1
08-25 21:09:24.860  1365  2942 D AGM: metadata: metadata_print: 98 Property Values: 
08-25 21:09:24.860  1365  2942 D AGM: metadata: metadata_print: 100 0x3 
08-25 21:09:24.860  1365  2942 D AGM: metadata: metadata_print: 102 
08-25 21:09:24.860  1365  2942 D AGM: metadata: metadata_print: 103 ****************Metadata Done***************************
08-25 21:09:24.860  1365  2942 D AGM: metadata: 
08-25 21:09:24.860  1365  2942 I AGM: session: session_obj_set_sess_aif_metadata: 1838 Exit
08-25 21:09:24.860  1365  2942 D AGM: session: session_close: 1325 enter
08-25 21:09:24.860  1365  2942 D AGM: graph: graph_close: 762 entry handle 0x347534c
08-25 21:09:24.861  1365  2942 D AGM: graph: graph_close: 783 exit, ret 0
08-25 21:09:24.861  1365  2942 D AGM: session: session_close: 1376 exit, ret 0
08-25 21:09:24.861  1365  2942 I PAL: ResourceManager: freeFrontEndIds: 7320: stream type 1, freeing 126
08-25 21:09:24.861  1365  2942 I PAL: Device: close: 523: Enter. deviceCount 1 for device id 3 (PAL_DEVICE_OUT_SPEAKER)
08-25 21:09:24.861  1365  2942 I PAL: Device: close: 537: Exit. deviceCount 0 for device id 3 (PAL_DEVICE_OUT_SPEAKER), exit status 0
08-25 21:09:24.861  1365  2942 I PAL: ResourceManager: GetConcurrencyInfo: 5484: stream type 1 Tx conc 0, Rx conc 0, concurrency allowed
08-25 21:09:24.861  1365  2942 I PAL: ResourceManager: GetConcurrencyInfo: 5484: stream type 1 Tx conc 0, Rx conc 0, concurrency allowed
08-25 21:09:24.861  1365  2942 I PAL: ResourceManager: GetConcurrencyInfo: 5484: stream type 1 Tx conc 0, Rx conc 0, concurrency allowed
08-25 21:09:24.861  1365  2942 I PAL: ResourceManager: deregisterStream: 3685: stream type 1
08-25 21:09:24.862  1365  2942 I PAL: API: pal_stream_close: 324: Exit. status 0
08-25 21:09:24.862  1365  2942 D AHAL: AudioStream: Standby: 2490: Exit ret: 0
08-25 21:09:24.862  1365  2942 D AHAL: AudioStream: astream_out_standby: 673: Exit ret: 0
08-25 21:09:24.892  2074 11988 D C2SoftVpxEnc: bytes generated 1507
08-25 21:09:24.896  1366  5210 I vendor.qti.bluetooth@1.1-ibs_handler: ProcessIbsCmd: Received IBS_WAKE_IND: 0xFD
08-25 21:09:24.896  1366  5210 D vendor.qti.bluetooth@1.1-ibs_handler: SerialClockVote: vote for UART CLK ON
08-25 21:09:24.896  1366  5210 I vendor.qti.bluetooth@1.1-ibs_handler: ProcessIbsCmd: Writing IBS_WAKE_ACK
08-25 21:09:24.897  3116  5215 I bt_stack: [INFO:btm_ble_gap.cc(3326)] btm_ble_process_adv_pkt_cont Data Complete c0:04:b1:82:c7:10
08-25 21:09:24.937  1366  5210 I vendor.qti.bluetooth@1.1-ibs_handler: ProcessIbsCmd: Received IBS_SLEEP_IND: 0xFE
08-25 21:09:24.937  1366  5210 D vendor.qti.bluetooth@1.1-ibs_handler: SerialClockVote: vote for UART CLK OFF
08-25 21:09:24.997  2074 11988 D C2SoftVpxEnc: bytes generated 1450
08-25 21:09:25.087  1366  3496 D vendor.qti.bluetooth@1.1-wake_lock: Release wakelock is released 
08-25 21:09:25.094  2074 11988 D C2SoftVpxEnc: bytes generated 1398
08-25 21:09:25.126  1542  1542 D vendor.qti.vibrator: Vibrator perform effect 0
08-25 21:09:25.127  1613  2948 D audioserver: FGS Logger Transaction failed
08-25 21:09:25.127  1613  2948 D audioserver: -129
08-25 21:09:25.127  1542 14135 D vendor.qti.vibrator: Starting perform on another thread
08-25 21:09:25.130  1365  2942 D AHAL: AudioStream: out_update_source_metadata_v7: 1189: track count is 1 for usecase(1: low-latency-playback)
08-25 21:09:25.130  1365  2942 D AHAL: AudioStream: out_update_source_metadata_v7: 1231: Source metadata usage:13 content_type:4
08-25 21:09:25.131  1365  2942 D AHAL: AudioStream: SetAggregateSourceMetadata: 4036: Aggregated Source metadata usage:13 content_type:4
08-25 21:09:25.131  1365  6639 D AHAL: AudioStream: AutoPerfLock: 136: (Acquired) perf_lock_handle: 0x131, count: 1
08-25 21:09:25.131  1365  6639 I AHAL: AudioStream: Open: 3112: Enter: OutPrimary usecase(1: low-latency-playback)
08-25 21:09:25.131  1365  6639 D AHAL: AudioStream: Open: 3118: no_of_devices 1
08-25 21:09:25.132  1365  6639 D AHAL: AudioStream: Open: 3186: halInputFormat 1 halOutputFormat 1 palformat 1
08-25 21:09:25.132  1365  6639 D AHAL: AudioStream: Open: 3255: channels 2 samplerate 48000 format id 1, stream type 1  stream bitwidth 16
08-25 21:09:25.132  1365  6639 D AHAL: AudioStream: Open: 3256: msample_rate 0 mchannels 0 mNoOfOutDevices 1
08-25 21:09:25.132  1365  6639 I PAL: API: pal_stream_open: 225: Enter, stream type:1
08-25 21:09:25.132  1365  6639 I PAL: Device: setDeviceAttributes: 398: DeviceAttributes for Device Id 3 updated
08-25 21:09:25.132  1365  6639 I PAL: Device: open: 478: Enter. deviceCount 0 for device id 3 (PAL_DEVICE_OUT_SPEAKER)
08-25 21:09:25.132  1365  6639 I PAL: SessionAlsaUtils: setDeviceMediaConfig: 1074: CODEC_DMA-LPAIF_WSA-RX-0 rate ch fmt data_fmt 48000 2 2 1
08-25 21:09:25.132  1365  6639 D audio_route: Apply path: speaker-vbat-prot
08-25 21:09:25.148  1365  6639 I PAL: Device: open: 513: Exit. deviceCount 1 for device id 3 (PAL_DEVICE_OUT_SPEAKER), exit status: 0
08-25 21:09:25.148  1365  6639 I PAL: ResourceManager: allocateFrontEndIds: 7118: allocateFrontEndIds: front end 126
08-25 21:09:25.148  1365  6639 I PAL: PayloadBuilder: populateStreamKV: 3008: stream type 1
08-25 21:09:25.148  1365  6639 I PAL: PayloadBuilder: getSelectorValues: 2824: Direction: 1
08-25 21:09:25.148  1365  6639 I PAL: PayloadBuilder: getSelectorValues: 2840: Instance: 1
08-25 21:09:25.148  1365  6639 I PAL: PayloadBuilder: findKVs: 2714: key: 0xa1000000 value: 0xa100000e
08-25 21:09:25.148  1365  6639 I PAL: PayloadBuilder: findKVs: 2714: key: 0xab000000 value: 0x1
08-25 21:09:25.149  1365  6639 I PAL: PayloadBuilder: populateDeviceKV: 3132: Enter device id:3
08-25 21:09:25.149  1365  6639 I PAL: PayloadBuilder: findKVs: 2727: key: 0xa2000000 value: 0xa2000001
08-25 21:09:25.149  1365  6639 I PAL: PayloadBuilder: populateDeviceKV: 3160: Exit device id:3, status 0
08-25 21:09:25.149  1365  6639 I PAL: PayloadBuilder: populateDevicePPKV: 3273: Rx device id:3
08-25 21:09:25.149  1365  6639 I PAL: PayloadBuilder: getSelectorValues: 2906: stream type: 1
08-25 21:09:25.149  1365  6639 I PAL: PayloadBuilder: findKVs: 2714: key: 0xa2000000 value: 0xa2000001
08-25 21:09:25.149  1365  6639 I PAL: PayloadBuilder: findKVs: 2714: key: 0xac000000 value: 0xac000002
08-25 21:09:25.149  1365  6639 I PAL: PayloadBuilder: populateDevicePPCkv: 3426: SpeakerProt Status[1], RAS Status[0]
08-25 21:09:25.149  1365  6639 I AGM: device: device_set_metadata: 708 Setting device metadata for CODEC_DMA-LPAIF_WSA-RX-0
08-25 21:09:25.149  1365  6639 D AGM: metadata: metadata_print: 79 *************************Metadata*************************
08-25 21:09:25.149  1365  6639 D AGM: metadata: metadata_print: 80 GKV size:1
08-25 21:09:25.149  1365  6639 D AGM: metadata: metadata_print: 83 key:0xa2000000, value:0xa2000001 
08-25 21:09:25.149  1365  6639 D AGM: metadata: metadata_print: 87 
08-25 21:09:25.149  1365  6639 D AGM: metadata: CKV count:1
08-25 21:09:25.149  1365  6639 D AGM: metadata: metadata_print: 90 key:0xbe000000, value:0x3 
08-25 21:09:25.149  1365  6639 D AGM: metadata: metadata_print: 92 
08-25 21:09:25.149  1365  6639 D AGM: metadata: metadata_print: 94 Property ID:134217744
08-25 21:09:25.149  1365  6639 D AGM: metadata: metadata_print: 95 property count:2
08-25 21:09:25.149  1365  6639 D AGM: metadata: metadata_print: 98 Property Values: 
08-25 21:09:25.149  1365  6639 D AGM: metadata: metadata_print: 100 0x2 
08-25 21:09:25.149  1365  6639 D AGM: metadata: metadata_print: 100 0x5 
08-25 21:09:25.149  1365  6639 D AGM: metadata: metadata_print: 102 
08-25 21:09:25.149  1365  6639 D AGM: metadata: metadata_print: 103 ****************Metadata Done***************************
08-25 21:09:25.149  1365  6639 D AGM: metadata: 
08-25 21:09:25.149  1365  6639 D agm_server_wrapper: Aif id 11 already added to session list of 126
08-25 21:09:25.149  1365  6639 I AGM: session: session_obj_set_sess_aif_metadata: 1833 Setting metadata for sess_id 126, aif id 11
08-25 21:09:25.149  1365  6639 D AGM: metadata: metadata_print: 79 *************************Metadata*************************
08-25 21:09:25.149  1365  6639 D AGM: metadata: metadata_print: 80 GKV size:2
08-25 21:09:25.149  1365  6639 D AGM: metadata: metadata_print: 83 key:0xa2000000, value:0xa2000001 
08-25 21:09:25.149  1365  6639 D AGM: metadata: metadata_print: 83 key:0xac000000, value:0xac000002 
08-25 21:09:25.149  1365  6639 D AGM: metadata: metadata_print: 87 
08-25 21:09:25.149  1365  6639 D AGM: metadata: CKV count:1
08-25 21:09:25.149  1365  6639 D AGM: metadata: metadata_print: 90 key:0xd2000000, value:0x0 
08-25 21:09:25.149  1365  6639 D AGM: metadata: metadata_print: 92 
08-25 21:09:25.149  1365  6639 D AGM: metadata: metadata_print: 94 Property ID:134217744
08-25 21:09:25.149  1365  6639 D AGM: metadata: metadata_print: 95 property count:1
08-25 21:09:25.149  1365  6639 D AGM: metadata: metadata_print: 98 Property Values: 
08-25 21:09:25.150  1365  6639 D AGM: metadata: metadata_print: 100 0x3 
08-25 21:09:25.150  1365  6639 D AGM: metadata: metadata_print: 102 
08-25 21:09:25.150  1365  6639 D AGM: metadata: metadata_print: 103 ****************Metadata Done***************************
08-25 21:09:25.150  1365  6639 D AGM: metadata: 
08-25 21:09:25.150  1365  6639 I AGM: session: session_obj_set_sess_aif_metadata: 1838 Exit
08-25 21:09:25.150  1365  6639 D agm_server_wrapper: Aif id 11 already added to session list of 126
08-25 21:09:25.150  1365  6639 I AGM: API: agm_session_aif_connect: 625 connecting aifid:11 with session id=126
08-25 21:09:25.150  1365  6639 I PAL: ResourceManager: GetConcurrencyInfo: 5484: stream type 1 Tx conc 0, Rx conc 0, concurrency allowed
08-25 21:09:25.150  1365  6639 I PAL: ResourceManager: GetConcurrencyInfo: 5484: stream type 1 Tx conc 0, Rx conc 0, concurrency allowed
08-25 21:09:25.150  1365  6639 I PAL: ResourceManager: GetConcurrencyInfo: 5484: stream type 1 Tx conc 0, Rx conc 0, concurrency allowed
08-25 21:09:25.150  1365  6639 I PAL: API: pal_stream_open: 269: Exit. Value of stream_handle 0xb400007082270d10K, status 0
08-25 21:09:25.150  1365  6639 D AHAL: AudioStream: GetBufferSize: 3057: type 1
08-25 21:09:25.150  1365  6639 D AHAL: AudioStream: Open: 3464: fragment_size_ 768 fragments_ 2
08-25 21:09:25.150  1365  6639 D AHAL: AudioStream: Open: 3494: Exit ret: 0
08-25 21:09:25.150  1365  6639 D AHAL: AudioStream: ~AutoPerfLock: 146: (release) perf_lock_handle: 0x131, count: 1
08-25 21:09:25.150  1365  6639 D AHAL: AudioStream: ~AutoPerfLock: 150: Releasing perf_lock_handle: 0x131
08-25 21:09:25.151  1365  6639 D AHAL: AudioStream: AutoPerfLock: 136: (Acquired) perf_lock_handle: 0x132, count: 1
08-25 21:09:25.151  1365  6639 I PAL: API: pal_stream_start: 340: Enter. Stream handle 0xb400007082270d10K
08-25 21:09:25.151  1365  6639 I PAL: PayloadBuilder: findKVs: 2727: key: 0xa3000000 value: 0xa3000009
08-25 21:09:25.152  1365  6639 I AGM: device: device_set_metadata: 708 Setting device metadata for CODEC_DMA-LPAIF_WSA-TX-0
08-25 21:09:25.152  1365  6639 D AGM: metadata: metadata_print: 79 *************************Metadata*************************
08-25 21:09:25.152  1365  6639 D AGM: metadata: metadata_print: 80 GKV size:1
08-25 21:09:25.152  1365  6639 D AGM: metadata: metadata_print: 83 key:0xa3000000, value:0xa3000009 
08-25 21:09:25.152  1365  6639 D AGM: metadata: metadata_print: 87 
08-25 21:09:25.152  1365  6639 D AGM: metadata: CKV count:1
08-25 21:09:25.152  1365  6639 D AGM: metadata: metadata_print: 90 key:0xbf000000, value:0x2 
08-25 21:09:25.152  1365  6639 D AGM: metadata: metadata_print: 92 
08-25 21:09:25.152  1365  6639 D AGM: metadata: metadata_print: 94 Property ID:134217744
08-25 21:09:25.152  1365  6639 D AGM: metadata: metadata_print: 95 property count:1
08-25 21:09:25.152  1365  6639 D AGM: metadata: metadata_print: 98 Property Values: 
08-25 21:09:25.152  1365  6639 D AGM: metadata: metadata_print: 100 0x2 
08-25 21:09:25.152  1365  6639 D AGM: metadata: metadata_print: 102 
08-25 21:09:25.152  1365  6639 D AGM: metadata: metadata_print: 103 ****************Metadata Done***************************
08-25 21:09:25.152  1365  6639 D AGM: metadata: 
08-25 21:09:25.152  1365  6639 I PAL: SessionAlsaUtils: setDeviceMediaConfig: 1074: CODEC_DMA-LPAIF_WSA-TX-0 rate ch fmt data_fmt 8000 2 10 1
08-25 21:09:25.152  1365  6639 I PAL: ResourceManager: allocateFrontEndIds: 7151: allocateFrontEndIds: front end 121
08-25 21:09:25.152  1365  6639 D agm_server_wrapper: Aif id 14 already added to session list of 121
08-25 21:09:25.152  1365  6639 I AGM: API: agm_session_aif_connect: 625 connecting aifid:14 with session id=121
08-25 21:09:25.152  1365  6639 I PAL: SpeakerProtection: spkrProtProcessingMode: 1704: Normal mode being used
08-25 21:09:25.152  1365  6639 I PAL: Device: updateCustomPayload: 431: customPayloadSize = 40
08-25 21:09:25.152  1365  6639 I PAL: Device: updateCustomPayload: 431: customPayloadSize = 80
08-25 21:09:25.152  1365  6639 I PAL: Device: updateCustomPayload: 431: customPayloadSize = 104
08-25 21:09:25.152  1365  6639 I PAL: Device: updateCustomPayload: 431: customPayloadSize = 144
08-25 21:09:25.154  1365  6639 D agm_client_wrapper: agm_session_open called with handle = 17e711c0 , *handle = 0
08-25 21:09:25.155  2074 11988 D C2SoftVpxEnc: bytes generated 1406
08-25 21:09:25.156  1365  6639 D AGM: graph: graph_open: 549 entry
08-25 21:09:25.156  1365  6639 D AGM: metadata: metadata_print: 79 *************************Metadata*************************
08-25 21:09:25.156  1365  6639 D AGM: metadata: metadata_print: 80 GKV size:1
08-25 21:09:25.156  1365  6639 D AGM: metadata: metadata_print: 83 key:0xa3000000, value:0xa3000009 
08-25 21:09:25.156  1365  6639 D AGM: metadata: metadata_print: 87 
08-25 21:09:25.156  1365  6639 D AGM: metadata: CKV count:1
08-25 21:09:25.156  1365  6639 D AGM: metadata: metadata_print: 90 key:0xbf000000, value:0x2 
08-25 21:09:25.156  1365  6639 D AGM: metadata: metadata_print: 92 
08-25 21:09:25.156  1365  6639 D AGM: metadata: metadata_print: 94 Property ID:134217744
08-25 21:09:25.156  1365  6639 D AGM: metadata: metadata_print: 95 property count:1
08-25 21:09:25.156  1365  6639 D AGM: metadata: metadata_print: 98 Property Values: 
08-25 21:09:25.156  1365  6639 D AGM: metadata: metadata_print: 100 0x2 
08-25 21:09:25.156  1365  6639 D AGM: metadata: metadata_print: 102 
08-25 21:09:25.156  1365  6639 D AGM: metadata: metadata_print: 103 ****************Metadata Done***************************
08-25 21:09:25.156  1365  6639 D AGM: metadata: 
08-25 21:09:25.156  1365  6639 D AGM: graph: print_graph_alias: 2334 GKV Alias 11 | DeviceTX_VI_TX
08-25 21:09:25.157  1365  6639 D AGM: graph: graph_open: 677 miid 4589 mid 7001024 tag c0000005
08-25 21:09:25.157  1365  6639 I GPR:    : vendor/qcom/proprietary/args/gpr/core/src/gpr_drv.c:__gpr_cmd_register_v2:931 GPR Register: Source Port is 8209 heap_index: 0
08-25 21:09:25.159   499  2283 D audioadsprpcd: vendor/qcom/proprietary/adsprpc/src/apps_std_imp.c:381: apps_std_fopen_fd done for ./spv5_module.so.1 with       fopen:28us, read:0us, rpc_alloc:0us,       mmap:0us fd 0x0 error_code 0x2
08-25 21:09:25.159   499  2283 D audioadsprpcd: vendor/qcom/proprietary/adsprpc/src/apps_std_imp.c:381: apps_std_fopen_fd done for ./spv5_module.so.1 with       fopen:4us, read:0us, rpc_alloc:0us,       mmap:0us fd 0x0 error_code 0x2
08-25 21:09:25.159   499  2283 D audioadsprpcd: vendor/qcom/proprietary/adsprpc/src/apps_std_imp.c:381: apps_std_fopen_fd done for /vendor/lib64/rfs/dsp/adsp/./spv5_module.so.1 with       fopen:25us, read:0us, rpc_alloc:0us,       mmap:0us fd 0x0 error_code 0x2
08-25 21:09:25.159   499  2283 D audioadsprpcd: vendor/qcom/proprietary/adsprpc/src/apps_std_imp.c:381: apps_std_fopen_fd done for /vendor/lib64/rfs/dsp/./spv5_module.so.1 with       fopen:6us, read:0us, rpc_alloc:0us,       mmap:0us fd 0x0 error_code 0x2
08-25 21:09:25.159   499  2283 D audioadsprpcd: vendor/qcom/proprietary/adsprpc/src/apps_std_imp.c:381: apps_std_fopen_fd done for /vendor/lib/rfsa/adsp/adsp/./spv5_module.so.1 with       fopen:13us, read:0us, rpc_alloc:0us,       mmap:0us fd 0x0 error_code 0x2
08-25 21:09:25.159   499  2283 D audioadsprpcd: vendor/qcom/proprietary/adsprpc/src/apps_std_imp.c:381: apps_std_fopen_fd done for /vendor/lib/rfsa/adsp/./spv5_module.so.1 with       fopen:6us, read:0us, rpc_alloc:0us,       mmap:0us fd 0x0 error_code 0x2
08-25 21:09:25.159   499  2283 D audioadsprpcd: vendor/qcom/proprietary/adsprpc/src/apps_std_imp.c:381: apps_std_fopen_fd done for /vendor/lib/rfsa/dsp/adsp/./spv5_module.so.1 with       fopen:4us, read:0us, rpc_alloc:0us,       mmap:0us fd 0x0 error_code 0x2
08-25 21:09:25.159   499  2283 D audioadsprpcd: vendor/qcom/proprietary/adsprpc/src/apps_std_imp.c:381: apps_std_fopen_fd done for /vendor/lib/rfsa/dsp/./spv5_module.so.1 with       fopen:3us, read:0us, rpc_alloc:0us,       mmap:0us fd 0x0 error_code 0x2
08-25 21:09:25.160   499  2283 D audioadsprpcd: vendor/qcom/proprietary/adsprpc/src/apps_std_imp.c:381: apps_std_fopen_fd done for /vendor/dsp/adsp/./spv5_module.so.1 with       fopen:30us, read:100us, rpc_alloc:74us,       mmap:535us fd 0xe error_code 0x0
08-25 21:09:25.160   499  2283 I audioadsprpcd: vendor/qcom/proprietary/adsprpc/src/apps_std_imp.c:1132: Successfully opened file /vendor/dsp/adsp/./spv5_module.so.1
08-25 21:09:25.161  2074 11988 D C2SoftVpxEnc: bytes generated 1877
08-25 21:09:25.165   499  2283 D audioadsprpcd: vendor/qcom/proprietary/adsprpc/src/apps_std_imp.c:381: apps_std_fopen_fd done for ./SAPlusCmnModule.so.1 with       fopen:19us, read:0us, rpc_alloc:0us,       mmap:0us fd 0x0 error_code 0x2
08-25 21:09:25.165   499  2283 D audioadsprpcd: vendor/qcom/proprietary/adsprpc/src/apps_std_imp.c:381: apps_std_fopen_fd done for ./SAPlusCmnModule.so.1 with       fopen:3us, read:0us, rpc_alloc:0us,       mmap:0us fd 0x0 error_code 0x2
08-25 21:09:25.165   499  2283 D audioadsprpcd: vendor/qcom/proprietary/adsprpc/src/apps_std_imp.c:381: apps_std_fopen_fd done for /vendor/lib64/rfs/dsp/adsp/./SAPlusCmnModule.so.1 with       fopen:22us, read:0us, rpc_alloc:0us,       mmap:0us fd 0x0 error_code 0x2
08-25 21:09:25.165   499  2283 D audioadsprpcd: vendor/qcom/proprietary/adsprpc/src/apps_std_imp.c:381: apps_std_fopen_fd done for /vendor/lib64/rfs/dsp/./SAPlusCmnModule.so.1 with       fopen:4us, read:0us, rpc_alloc:0us,       mmap:0us fd 0x0 error_code 0x2
08-25 21:09:25.165   499  2283 D audioadsprpcd: vendor/qcom/proprietary/adsprpc/src/apps_std_imp.c:381: apps_std_fopen_fd done for /vendor/lib/rfsa/adsp/adsp/./SAPlusCmnModule.so.1 with       fopen:11us, read:0us, rpc_alloc:0us,       mmap:0us fd 0x0 error_code 0x2
08-25 21:09:25.165   499  2283 D audioadsprpcd: vendor/qcom/proprietary/adsprpc/src/apps_std_imp.c:381: apps_std_fopen_fd done for /vendor/lib/rfsa/adsp/./SAPlusCmnModule.so.1 with       fopen:5us, read:0us, rpc_alloc:0us,       mmap:0us fd 0x0 error_code 0x2
08-25 21:09:25.165   499  2283 D audioadsprpcd: vendor/qcom/proprietary/adsprpc/src/apps_std_imp.c:381: apps_std_fopen_fd done for /vendor/lib/rfsa/dsp/adsp/./SAPlusCmnModule.so.1 with       fopen:4us, read:0us, rpc_alloc:0us,       mmap:0us fd 0x0 error_code 0x2
08-25 21:09:25.165   499  2283 D audioadsprpcd: vendor/qcom/proprietary/adsprpc/src/apps_std_imp.c:381: apps_std_fopen_fd done for /vendor/lib/rfsa/dsp/./SAPlusCmnModule.so.1 with       fopen:3us, read:0us, rpc_alloc:0us,       mmap:0us fd 0x0 error_code 0x2
08-25 21:09:25.165  2609  2731 D AutofillManagerService: Close system dialogs
08-25 21:09:25.165   499  2283 D audioadsprpcd: vendor/qcom/proprietary/adsprpc/src/apps_std_imp.c:381: apps_std_fopen_fd done for /vendor/dsp/adsp/./SAPlusCmnModule.so.1 with       fopen:17us, read:76us, rpc_alloc:52us,       mmap:265us fd 0xe error_code 0x0
08-25 21:09:25.165   499  2283 I audioadsprpcd: vendor/qcom/proprietary/adsprpc/src/apps_std_imp.c:1132: Successfully opened file /vendor/dsp/adsp/./SAPlusCmnModule.so.1
08-25 21:09:25.167   790   790 I hwservicemanager: getTransport: Cannot find entry vendor.qti.hardware.servicetracker@1.2::IServicetracker/default in either framework or device VINTF manifest.
08-25 21:09:25.168  2609  2732 W ActivityTaskManager: servicetracker HIDL not available
08-25 21:09:25.168  2609  2732 E ActivityTaskManager: Unable to get servicetracker HAL instance
08-25 21:09:25.168  2074 11988 D C2SoftVpxEnc: bytes generated 2029
08-25 21:09:25.168   790   790 I hwservicemanager: getTransport: Cannot find entry vendor.qti.hardware.servicetracker@1.2::IServicetracker/default in either framework or device VINTF manifest.
08-25 21:09:25.168  2609  2732 W ActivityTaskManager: servicetracker HIDL not available
08-25 21:09:25.168  2609  2732 E ActivityTaskManager: Unable to get servicetracker HAL instance
08-25 21:09:25.168  3009  3009 I vol.VolumeDialogImpl: mDialog.dismiss() reason: volume_controller from: com.android.systemui.volume.VolumeDialogImpl$7.onDismissRequested:3
08-25 21:09:25.169  2609  2732 E CellBroadcastUtils: getDefaultCellBroadcastReceiverPackageName: no package found
08-25 21:09:25.169  3009  3635 D KeyguardService: setOccluded(false)
08-25 21:09:25.169  3009  3635 D KeyguardViewMediator: setOccluded(false)
08-25 21:09:25.170  3009  3009 D KeyguardViewMediator: handleSetOccluded(false)
08-25 21:09:25.170  2609  2732 I ActivityTaskManager: START u0 {act=android.intent.action.MAIN cat=[android.intent.category.HOME] flg=0x10000100 cmp=com.android.launcher3/.uioverrides.QuickstepLauncher (has extras)} with LAUNCH_SINGLE_TASK from uid 0 (BAL_ALLOW_ALLOWLISTED_UID) result code=3
08-25 21:09:25.170  3009  3042 D WindowManagerShell: onActivityRestartAttempt: ComponentInfo{com.android.launcher3/com.android.launcher3.uioverrides.QuickstepLauncher}
08-25 21:09:25.171  1365  6639 E ACDB    : vendor/qcom/proprietary/args/acdb/src/acdb_command.c:AcdbCmdGetProcSubgraphCalDataPersist:8250 Error[19]: No calibration found
08-25 21:09:25.171  1365  6639 D AGM: graph: graph_open: 709 graph_handle 0x147534c
08-25 21:09:25.171  1365  6639 D AGM: graph: graph_open: 745 exit, ret 0
08-25 21:09:25.171  1365  6639 D AGM: graph: graph_set_config: 1111 entry graph_handle 0x147534c
08-25 21:09:25.171  1365  6639 D AGM: graph: graph_set_config: 1119 exit, graph handle 0x147534c, ret 0
08-25 21:09:25.171  1365  6639 D agm_client_wrapper: agm_session_open Received handle = 0x6e17e711c0 , *handle = b400007082257710
08-25 21:09:25.171  1365  6639 D PLUGIN: pcm: agm_pcm_hw_params: 500 agm_pcm_hw_params: mode: 268435456
08-25 21:09:25.172  1365  6639 I PAL: SpeakerProtection: spkrProtProcessingMode: 1931: Normal mode being used
08-25 21:09:25.172  1365  6639 I PAL: Device: updateCustomPayload: 431: customPayloadSize = 24
08-25 21:09:25.172  1365  6639 D audio_route: Apply path: vi-feedback
08-25 21:09:25.172  1365  6639 D AGM: graph: graph_prepare: 807 entry graph_handle 0x147534c
08-25 21:09:25.172  1365  6639 D AGM: graph_module: configure_hw_ep_media_config: 697 entry mod tag c0000005 miid 4589 mid 7001024
08-25 21:09:25.172  1365  6639 D AGM: graph_module: configure_hw_ep_media_config: 727 rate 8000 bw 32 ch 2, data_fmt 1
08-25 21:09:25.172  1365  6639 D AGM: graph_module: configure_hw_ep_media_config: 737 exit, ret 0
08-25 21:09:25.172  1365  6639 D AGM: graph_module: configure_codec_dma_ep: 314 cdc_dma intf cfg lpaif 2 indx 1 ch_msk 3
08-25 21:09:25.173  2609  2731 D AutofillManagerService: Close system dialogs
08-25 21:09:25.173  1365  6639 D AGM: graph_module: configure_codec_dma_ep: 329 exit, ret 0
08-25 21:09:25.173  2074 11988 D C2SoftVpxEnc: bytes generated 1857
08-25 21:09:25.174  1365  6639 D AGM: graph: graph_prepare: 885 exit, ret 0
08-25 21:09:25.174  3009  3009 I vol.VolumeDialogImpl: mDialog.dismiss() reason: volume_controller from: com.android.systemui.volume.VolumeDialogImpl$7.onDismissRequested:3
08-25 21:09:25.174  1365  6639 D AGM: graph: graph_start: 899 entry graph_handle 0x147534c
08-25 21:09:25.174  3009  3009 D vol.VolumeDialogImpl: dismissH: skipping dismiss because isAnimatingDismiss is true and showingStateInconsistent is false
