--------- beginning of main
08-25 21:08:49.034  1536  1536 I vendor.qti.hardware.servicetrackeraidl-service: destroyService is called for service : com.google.android.gms/.chimera.GmsIntentOperationService
08-25 21:08:49.089 13895 13895 W ServiceManagerCppClient: Waited one second for android.hardware.secure_element.ISecureElement/eSE1 (is service started? Number of threads started in the threadpool: 15. Are binder threads started and available?)
--------- beginning of kernel
08-25 21:08:49.097   789   789 I servicemanager: Since 'android.hardware.secure_element.ISecureElement/eSE1' could not be found, trying to start it as a lazy AIDL service. (if it's not configured to be a lazy service, it may be stuck starting or still starting).
08-25 21:08:49.096   789 13986 W libc    : Unable to set property "ctl.interface_start" to "aidl/android.hardware.secure_element.ISecureElement/eSE1": error code: 0x20
08-25 21:08:49.103 13986 13986 I servicemanager: Tried to start aidl service android.hardware.secure_element.ISecureElement/eSE1 as a lazy service, but was unable to. Usually this happens when a service is not installed, but if the service is intended to be used as a lazy service, then it may be configured incorrectly.
08-25 21:08:50.096 13895 13895 W ServiceManagerCppClient: Waited one second for android.hardware.secure_element.ISecureElement/eSE1 (is service started? Number of threads started in the threadpool: 15. Are binder threads started and available?)
08-25 21:08:50.105   789   789 I servicemanager: Since 'android.hardware.secure_element.ISecureElement/eSE1' could not be found, trying to start it as a lazy AIDL service. (if it's not configured to be a lazy service, it may be stuck starting or still starting).
08-25 21:08:50.105   789 13987 W libc    : Unable to set property "ctl.interface_start" to "aidl/android.hardware.secure_element.ISecureElement/eSE1": error code: 0x20
08-25 21:08:50.111 13987 13987 I servicemanager: Tried to start aidl service android.hardware.secure_element.ISecureElement/eSE1 as a lazy service, but was unable to. Usually this happens when a service is not installed, but if the service is intended to be used as a lazy service, then it may be configured incorrectly.
08-25 21:08:50.688  1536  1536 I vendor.qti.hardware.servicetrackeraidl-service: unbindService is called for service : com.android.permissioncontroller/.permission.service.PermissionControllerServiceImpl and for client system
08-25 21:08:50.690  1536  1536 I vendor.qti.hardware.servicetrackeraidl-service: size of service connections for service: com.android.permissioncontroller/.permission.service.PermissionControllerServiceImplafter removal is 0
08-25 21:08:50.694  1536  1536 I vendor.qti.hardware.servicetrackeraidl-service: size of client connections for client: systemafter removal is 46
08-25 21:08:50.694  1536  1536 I vendor.qti.hardware.servicetrackeraidl-service: destroyService is called for service : com.android.permissioncontroller/.permission.service.PermissionControllerServiceImpl
08-25 21:08:51.100 13895 13895 W ServiceManagerCppClient: Waited one second for android.hardware.secure_element.ISecureElement/eSE1 (is service started? Number of threads started in the threadpool: 15. Are binder threads started and available?)
08-25 21:08:51.108   789   789 I servicemanager: Since 'android.hardware.secure_element.ISecureElement/eSE1' could not be found, trying to start it as a lazy AIDL service. (if it's not configured to be a lazy service, it may be stuck starting or still starting).
08-25 21:08:51.106   789 13988 W libc    : Unable to set property "ctl.interface_start" to "aidl/android.hardware.secure_element.ISecureElement/eSE1": error code: 0x20
08-25 21:08:51.113 13988 13988 I servicemanager: Tried to start aidl service android.hardware.secure_element.ISecureElement/eSE1 as a lazy service, but was unable to. Usually this happens when a service is not installed, but if the service is intended to be used as a lazy service, then it may be configured incorrectly.
--------- beginning of system
08-25 21:08:51.277  2609  2846 D ActivityManager: freezing 4068 com.google.android.googlequicksearchbox:search
08-25 21:08:51.542  2050  2087 D qms     : |QMS|Log::dumper:167 Dump completed, request type: LOGGING_TIMER_EXPIRED, elapsed time = 0 ms
08-25 21:08:51.545  2091  2164 D qsap_qms_1: |QMS|Log::dumper:167 Dump completed, request type: LOGGING_TIMER_EXPIRED, elapsed time = 0 ms
08-25 21:08:51.545  2091  2161 D qsap_qms_1: |QMS|Log::dumper:167 Dump completed, request type: LOGGING_TIMER_EXPIRED, elapsed time = 0 ms
08-25 21:08:51.620  2094  2234 D qsap_qms_2: |QMS|Log::dumper:167 Dump completed, request type: LOGGING_TIMER_EXPIRED, elapsed time = 0 ms
08-25 21:08:51.622  2094  2226 D qsap_qms_2: |QMS|Log::dumper:167 Dump completed, request type: LOGGING_TIMER_EXPIRED, elapsed time = 0 ms
08-25 21:08:52.106 13895 13895 W ServiceManagerCppClient: Waited one second for android.hardware.secure_element.ISecureElement/eSE1 (is service started? Number of threads started in the threadpool: 15. Are binder threads started and available?)
08-25 21:08:52.114   789   789 I servicemanager: Since 'android.hardware.secure_element.ISecureElement/eSE1' could not be found, trying to start it as a lazy AIDL service. (if it's not configured to be a lazy service, it may be stuck starting or still starting).
08-25 21:08:52.112   789 13989 W libc    : Unable to set property "ctl.interface_start" to "aidl/android.hardware.secure_element.ISecureElement/eSE1": error code: 0x20
08-25 21:08:52.119 13989 13989 I servicemanager: Tried to start aidl service android.hardware.secure_element.ISecureElement/eSE1 as a lazy service, but was unable to. Usually this happens when a service is not installed, but if the service is intended to be used as a lazy service, then it may be configured incorrectly.
08-25 21:08:52.359     1     1 I init    : starting service 'vendor.secure_element'...
08-25 21:08:52.375     1     1 I init    : ... started service 'vendor.secure_element' has pid 13990
08-25 21:08:52.404 13990 13990 D GPTEE   : [TEE_client_api.cpp:56 initTEEC] initTEEC
08-25 21:08:52.406 13990 13990 E android.hardware.secure_element-service.qti: eseGetVendorId: Unknown eSE HW
08-25 21:08:52.406 13990 13990 E GPQeSE-HAL: Unknown ese vendor
08-25 21:08:52.406 13990 13990 E GPQeSE-HAL: Failed on initalize eSE TA
08-25 21:08:52.414     1     1 I init    : Service 'vendor.secure_element' (pid 13990) exited with status 1
08-25 21:08:52.414     1     1 I init    : Sending signal 9 to service 'vendor.secure_element' (pid 13990) process group...
08-25 21:08:52.415     1     1 I libprocessgroup: Successfully killed process cgroup uid 1000 pid 13990 in 0ms
08-25 21:08:52.415     1     1 E init    : process with updatable components 'vendor.secure_element' exited 4 times in 4 minutes
08-25 21:08:52.418     1     1 I init    : processing action (sys.init.updatable_crashing=1) from (/system/etc/init/flags_health_check.rc:10)
08-25 21:08:52.418     1     1 I init    : starting service 'exec 453 (/system/bin/flags_health_check UPDATABLE_CRASHING)'...
08-25 21:08:52.424     1     1 I init    : ... started service 'exec 453 (/system/bin/flags_health_check UPDATABLE_CRASHING)' has pid 13991
08-25 21:08:52.424     1     1 I init    : SVC_EXEC service 'exec 453 (/system/bin/flags_health_check UPDATABLE_CRASHING)' pid 13991 (uid 1000 gid 1000+0 context default) started; waiting...
08-25 21:08:52.438 13991 13991 I flags_health_check: ServerConfigurableFlagsReset reset_mode value: 1
08-25 21:08:52.439 13991 13991 I flags_health_check: ServerConfigurableFlagsReset updatable crashing detected, resetting flags.
08-25 21:08:52.436 13991 13991 I flags_health_ch: type=1400 audit(0.0:270833): avc:  denied  { open } for  path="/dev/__properties__/u:object_r:aac_drc_prop:s0" dev="tmpfs" ino=87 scontext=u:r:flags_health_check:s0 tcontext=u:object_r:aac_drc_prop:s0 tclass=file permissive=1
08-25 21:08:52.436 13991 13991 I flags_health_ch: type=1400 audit(0.0:270834): avc:  denied  { getattr } for  path="/dev/__properties__/u:object_r:aac_drc_prop:s0" dev="tmpfs" ino=87 scontext=u:r:flags_health_check:s0 tcontext=u:object_r:aac_drc_prop:s0 tclass=file permissive=1
08-25 21:08:52.436 13991 13991 I flags_health_ch: type=1400 audit(0.0:270835): avc:  denied  { map } for  path="/dev/__properties__/u:object_r:aac_drc_prop:s0" dev="tmpfs" ino=87 scontext=u:r:flags_health_check:s0 tcontext=u:object_r:aac_drc_prop:s0 tclass=file permissive=1
08-25 21:08:52.447 13991 13991 W audit   : audit_lost=268207 audit_rate_limit=5 audit_backlog_limit=64
08-25 21:08:52.447 13991 13991 E audit   : rate limit exceeded
08-25 21:08:52.436 13991 13991 I flags_health_ch: type=1400 audit(0.0:270836): avc:  denied  { open } for  path="/dev/__properties__/u:object_r:ab_update_gki_prop:s0" dev="tmpfs" ino=89 scontext=u:r:flags_health_check:s0 tcontext=u:object_r:ab_update_gki_prop:s0 tclass=file permissive=1
08-25 21:08:52.436 13991 13991 I flags_health_ch: type=1400 audit(0.0:270837): avc:  denied  { getattr } for  path="/dev/__properties__/u:object_r:ab_update_gki_prop:s0" dev="tmpfs" ino=89 scontext=u:r:flags_health_check:s0 tcontext=u:object_r:ab_update_gki_prop:s0 tclass=file permissive=1
08-25 21:08:53.113 13895 13895 W ServiceManagerCppClient: Waited one second for android.hardware.secure_element.ISecureElement/eSE1 (is service started? Number of threads started in the threadpool: 15. Are binder threads started and available?)
08-25 21:08:53.121   789   789 I servicemanager: Since 'android.hardware.secure_element.ISecureElement/eSE1' could not be found, trying to start it as a lazy AIDL service. (if it's not configured to be a lazy service, it may be stuck starting or still starting).
08-25 21:08:53.119   789 13992 W libc    : Unable to set property "ctl.interface_start" to "aidl/android.hardware.secure_element.ISecureElement/eSE1": error code: 0x20
08-25 21:08:53.126 13992 13992 I servicemanager: Tried to start aidl service android.hardware.secure_element.ISecureElement/eSE1 as a lazy service, but was unable to. Usually this happens when a service is not installed, but if the service is intended to be used as a lazy service, then it may be configured incorrectly.
08-25 21:08:54.116 13895 13895 W ServiceManagerCppClient: Waited one second for android.hardware.secure_element.ISecureElement/eSE1 (is service started? Number of threads started in the threadpool: 15. Are binder threads started and available?)
08-25 21:08:54.124   789   789 I servicemanager: Since 'android.hardware.secure_element.ISecureElement/eSE1' could not be found, trying to start it as a lazy AIDL service. (if it's not configured to be a lazy service, it may be stuck starting or still starting).
08-25 21:08:54.122   789 13993 W libc    : Unable to set property "ctl.interface_start" to "aidl/android.hardware.secure_element.ISecureElement/eSE1": error code: 0x20
08-25 21:08:54.129 13993 13993 I servicemanager: Tried to start aidl service android.hardware.secure_element.ISecureElement/eSE1 as a lazy service, but was unable to. Usually this happens when a service is not installed, but if the service is intended to be used as a lazy service, then it may be configured incorrectly.
08-25 21:08:55.120 13895 13895 W ServiceManagerCppClient: Waited one second for android.hardware.secure_element.ISecureElement/eSE1 (is service started? Number of threads started in the threadpool: 15. Are binder threads started and available?)
08-25 21:08:55.128   789   789 I servicemanager: Since 'android.hardware.secure_element.ISecureElement/eSE1' could not be found, trying to start it as a lazy AIDL service. (if it's not configured to be a lazy service, it may be stuck starting or still starting).
08-25 21:08:55.127   789 13996 W libc    : Unable to set property "ctl.interface_start" to "aidl/android.hardware.secure_element.ISecureElement/eSE1": error code: 0x20
08-25 21:08:55.133 13996 13996 I servicemanager: Tried to start aidl service android.hardware.secure_element.ISecureElement/eSE1 as a lazy service, but was unable to. Usually this happens when a service is not installed, but if the service is intended to be used as a lazy service, then it may be configured incorrectly.
08-25 21:08:55.474  1536  1536 I vendor.qti.hardware.servicetrackeraidl-service: unbindService is called for service : com.google.android.gms/.chimera.PersistentDirectBootAwareApiService and for client com.google.android.gms
08-25 21:08:55.476  2609  6485 W ProcessStats: Tracking association SourceState{f6ab9d6 com.google.android.gms.persistent/10107 BFgs #3508} whose proc state 4 is better than process ProcessState{5ceab4f com.google.android.gms/10107 pkg=com.google.android.gms} proc state 8 (50 skipped)
08-25 21:08:55.480  1536  1536 I vendor.qti.hardware.servicetrackeraidl-service: unbindService is called for service : com.google.android.gms/.chimera.GmsBoundBrokerService and for client com.android.vending
08-25 21:08:55.481  1536  1536 I vendor.qti.hardware.servicetrackeraidl-service: size of service connections for service: com.google.android.gms/.chimera.GmsBoundBrokerServiceafter removal is 2
08-25 21:08:55.481  1536  1536 I vendor.qti.hardware.servicetrackeraidl-service: size of client connections for client: com.android.vendingafter removal is 1
08-25 21:08:55.481  4340  4340 D BoundBrokerSvc: onUnbind: Intent { act=com.google.android.gms.safetynet.service.START pkg=com.google.android.gms }
08-25 21:08:55.483  1536  1536 I vendor.qti.hardware.servicetrackeraidl-service: unbindService is called for service : com.google.android.gms/.chimera.PersistentDirectBootAwareApiService and for client com.android.vending
08-25 21:08:55.484  1536  1536 I vendor.qti.hardware.servicetrackeraidl-service: size of service connections for service: com.google.android.gms/.chimera.PersistentDirectBootAwareApiServiceafter removal is 5
08-25 21:08:55.484  1536  1536 I vendor.qti.hardware.servicetrackeraidl-service: size of client connections for client: com.android.vendingafter removal is 0
08-25 21:08:56.125 13895 13895 W ServiceManagerCppClient: Waited one second for android.hardware.secure_element.ISecureElement/eSE1 (is service started? Number of threads started in the threadpool: 15. Are binder threads started and available?)
08-25 21:08:56.132   789   789 I servicemanager: Since 'android.hardware.secure_element.ISecureElement/eSE1' could not be found, trying to start it as a lazy AIDL service. (if it's not configured to be a lazy service, it may be stuck starting or still starting).
08-25 21:08:56.131   789 13998 W libc    : Unable to set property "ctl.interface_start" to "aidl/android.hardware.secure_element.ISecureElement/eSE1": error code: 0x20
08-25 21:08:56.138 13998 13998 I servicemanager: Tried to start aidl service android.hardware.secure_element.ISecureElement/eSE1 as a lazy service, but was unable to. Usually this happens when a service is not installed, but if the service is intended to be used as a lazy service, then it may be configured incorrectly.
08-25 21:08:56.223  1536  1536 I vendor.qti.hardware.servicetrackeraidl-service: unbindService is called for service : com.google.android.gms/.chimera.PersistentDirectBootAwareApiService and for client com.google.android.gms
08-25 21:08:56.243  1536  1536 I vendor.qti.hardware.servicetrackeraidl-service: unbindService is called for service : com.google.android.gms/.icing.service.AppIndexingService and for client com.google.android.gms
08-25 21:08:56.243  1536  1536 I vendor.qti.hardware.servicetrackeraidl-service: size of service connections for service: com.google.android.gms/.icing.service.AppIndexingServiceafter removal is 1
08-25 21:08:56.244  1536  1536 I vendor.qti.hardware.servicetrackeraidl-service: size of client connections for client: com.google.android.gmsafter removal is 5
08-25 21:08:56.244  1536  1536 I vendor.qti.hardware.servicetrackeraidl-service: unbindService is called for service : com.google.android.gms/.chimera.GmsBoundBrokerService and for client com.google.android.gms
08-25 21:08:56.244  1536  1536 I vendor.qti.hardware.servicetrackeraidl-service: size of service connections for service: com.google.android.gms/.chimera.GmsBoundBrokerServiceafter removal is 1
08-25 21:08:56.244  1536  1536 I vendor.qti.hardware.servicetrackeraidl-service: size of client connections for client: com.google.android.gmsafter removal is 4
08-25 21:08:56.250  1536  1536 I vendor.qti.hardware.servicetrackeraidl-service: unbindService is called for service : com.google.android.gms/.chimera.PersistentApiService and for client com.google.android.gms
08-25 21:08:56.250  1536  1536 I vendor.qti.hardware.servicetrackeraidl-service: unbindService is called for service : com.google.android.gms/.icing.service.IndexService and for client com.google.android.gms
08-25 21:08:56.250  1536  1536 I vendor.qti.hardware.servicetrackeraidl-service: size of service connections for service: com.google.android.gms/.icing.service.IndexServiceafter removal is 1
08-25 21:08:56.251  1536  1536 I vendor.qti.hardware.servicetrackeraidl-service: size of client connections for client: com.google.android.gmsafter removal is 3
08-25 21:08:56.318  4340  4340 D BoundBrokerSvc: onUnbind: Intent { act=com.google.android.gms.feedback.internal.IFeedbackService dat=chimera-action:/... cmp=com.google.android.gms/.chimera.GmsBoundBrokerService }
08-25 21:08:56.320  1536  1536 I vendor.qti.hardware.servicetrackeraidl-service: unbindService is called for service : com.google.android.gms/.chimera.GmsBoundBrokerService and for client com.google.android.gms.persistent
08-25 21:08:56.320  1536  1536 I vendor.qti.hardware.servicetrackeraidl-service: size of service connections for service: com.google.android.gms/.chimera.GmsBoundBrokerServiceafter removal is 0
08-25 21:08:56.320  1536  1536 I vendor.qti.hardware.servicetrackeraidl-service: size of client connections for client: com.google.android.gms.persistentafter removal is 6
08-25 21:08:56.321  1536  1536 I vendor.qti.hardware.servicetrackeraidl-service: destroyService is called for service : com.google.android.gms/.chimera.GmsBoundBrokerService
08-25 21:08:56.326  1536  1536 I vendor.qti.hardware.servicetrackeraidl-service: unbindService is called for service : com.google.android.gms/.icing.service.AppIndexingService and for client com.google.android.gms.persistent
08-25 21:08:56.327  1536  1536 I vendor.qti.hardware.servicetrackeraidl-service: size of service connections for service: com.google.android.gms/.icing.service.AppIndexingServiceafter removal is 0
08-25 21:08:56.327  1536  1536 I vendor.qti.hardware.servicetrackeraidl-service: size of client connections for client: com.google.android.gms.persistentafter removal is 5
08-25 21:08:56.327  1536  1536 I vendor.qti.hardware.servicetrackeraidl-service: destroyService is called for service : com.google.android.gms/.icing.service.AppIndexingService
08-25 21:08:56.327  1536  1536 I vendor.qti.hardware.servicetrackeraidl-service: unbindService is called for service : com.google.android.gms/.icing.service.IndexService and for client com.google.android.gms.persistent
08-25 21:08:56.327  1536  1536 I vendor.qti.hardware.servicetrackeraidl-service: size of service connections for service: com.google.android.gms/.icing.service.IndexServiceafter removal is 0
08-25 21:08:56.332  1536  1536 I vendor.qti.hardware.servicetrackeraidl-service: size of client connections for client: com.google.android.gms.persistentafter removal is 4
08-25 21:08:56.332  1536  1536 I vendor.qti.hardware.servicetrackeraidl-service: destroyService is called for service : com.google.android.gms/.icing.service.IndexService
08-25 21:08:57.131 13895 13895 W ServiceManagerCppClient: Waited one second for android.hardware.secure_element.ISecureElement/eSE1 (is service started? Number of threads started in the threadpool: 15. Are binder threads started and available?)
08-25 21:08:57.139   789   789 I servicemanager: Since 'android.hardware.secure_element.ISecureElement/eSE1' could not be found, trying to start it as a lazy AIDL service. (if it's not configured to be a lazy service, it may be stuck starting or still starting).
08-25 21:08:57.137   789 13999 W libc    : Unable to set property "ctl.interface_start" to "aidl/android.hardware.secure_element.ISecureElement/eSE1": error code: 0x20
08-25 21:08:57.144 13999 13999 I servicemanager: Tried to start aidl service android.hardware.secure_element.ISecureElement/eSE1 as a lazy service, but was unable to. Usually this happens when a service is not installed, but if the service is intended to be used as a lazy service, then it may be configured incorrectly.
08-25 21:08:57.375     1     1 I init    : starting service 'vendor.secure_element'...
08-25 21:08:57.391     1     1 I init    : ... started service 'vendor.secure_element' has pid 14000
08-25 21:08:57.405 14000 14000 D GPTEE   : [TEE_client_api.cpp:56 initTEEC] initTEEC
08-25 21:08:57.400 14000 14000 I android.hardwar: type=1400 audit(0.0:271367): avc:  denied  { read } for  name="u:object_r:init_service_status_private_prop:s0" dev="tmpfs" ino=240 scontext=u:r:hal_secure_element_default:s0 tcontext=u:object_r:init_service_status_private_prop:s0 tclass=file permissive=1
08-25 21:08:57.406 14000 14000 E android.hardware.secure_element-service.qti: eseGetVendorId: Unknown eSE HW
08-25 21:08:57.406 14000 14000 E GPQeSE-HAL: Unknown ese vendor
08-25 21:08:57.406 14000 14000 E GPQeSE-HAL: Failed on initalize eSE TA
08-25 21:08:57.400 14000 14000 I android.hardwar: type=1400 audit(0.0:271368): avc:  denied  { open } for  path="/dev/__properties__/u:object_r:init_service_status_private_prop:s0" dev="tmpfs" ino=240 scontext=u:r:hal_secure_element_default:s0 tcontext=u:object_r:init_service_status_private_prop:s0 tclass=file permissive=1
08-25 21:08:57.400 14000 14000 I android.hardwar: type=1400 audit(0.0:271369): avc:  denied  { getattr } for  path="/dev/__properties__/u:object_r:init_service_status_private_prop:s0" dev="tmpfs" ino=240 scontext=u:r:hal_secure_element_default:s0 tcontext=u:object_r:init_service_status_private_prop:s0 tclass=file permissive=1
08-25 21:08:57.400 14000 14000 I android.hardwar: type=1400 audit(0.0:271370): avc:  denied  { map } for  path="/dev/__properties__/u:object_r:init_service_status_private_prop:s0" dev="tmpfs" ino=240 scontext=u:r:hal_secure_element_default:s0 tcontext=u:object_r:init_service_status_private_prop:s0 tclass=file permissive=1
08-25 21:08:57.414     1     1 I init    : Service 'vendor.secure_element' (pid 14000) exited with status 1
08-25 21:08:57.414     1     1 I init    : Sending signal 9 to service 'vendor.secure_element' (pid 14000) process group...
08-25 21:08:57.414     1     1 I libprocessgroup: Successfully killed process cgroup uid 1000 pid 14000 in 0ms
08-25 21:08:57.414     1     1 E init    : process with updatable components 'vendor.secure_element' exited 4 times in 4 minutes
08-25 21:08:57.420     1     1 I init    : processing action (sys.init.updatable_crashing=1) from (/system/etc/init/flags_health_check.rc:10)
08-25 21:08:57.421     1     1 I init    : starting service 'exec 454 (/system/bin/flags_health_check UPDATABLE_CRASHING)'...
08-25 21:08:57.432     1     1 I init    : ... started service 'exec 454 (/system/bin/flags_health_check UPDATABLE_CRASHING)' has pid 14001
08-25 21:08:57.433     1     1 I init    : SVC_EXEC service 'exec 454 (/system/bin/flags_health_check UPDATABLE_CRASHING)' pid 14001 (uid 1000 gid 1000+0 context default) started; waiting...
08-25 21:08:57.437 14001 14001 I flags_health_check: ServerConfigurableFlagsReset reset_mode value: 1
08-25 21:08:57.437 14001 14001 I flags_health_check: ServerConfigurableFlagsReset updatable crashing detected, resetting flags.
08-25 21:08:57.432 14001 14001 I flags_health_ch: type=1400 audit(0.0:271371): avc:  denied  { open } for  path="/dev/__properties__/u:object_r:aac_drc_prop:s0" dev="tmpfs" ino=87 scontext=u:r:flags_health_check:s0 tcontext=u:object_r:aac_drc_prop:s0 tclass=file permissive=1
08-25 21:08:57.443 14001 14001 W audit   : audit_lost=268736 audit_rate_limit=5 audit_backlog_limit=64
08-25 21:08:57.443 14001 14001 E audit   : rate limit exceeded
08-25 21:08:58.134 13895 13895 W ServiceManagerCppClient: Waited one second for android.hardware.secure_element.ISecureElement/eSE1 (is service started? Number of threads started in the threadpool: 15. Are binder threads started and available?)
08-25 21:08:58.143   789   789 I servicemanager: Since 'android.hardware.secure_element.ISecureElement/eSE1' could not be found, trying to start it as a lazy AIDL service. (if it's not configured to be a lazy service, it may be stuck starting or still starting).
08-25 21:08:58.141   789 14002 W libc    : Unable to set property "ctl.interface_start" to "aidl/android.hardware.secure_element.ISecureElement/eSE1": error code: 0x20
08-25 21:08:58.148 14002 14002 I servicemanager: Tried to start aidl service android.hardware.secure_element.ISecureElement/eSE1 as a lazy service, but was unable to. Usually this happens when a service is not installed, but if the service is intended to be used as a lazy service, then it may be configured incorrectly.
08-25 21:08:59.138 13895 13895 W ServiceManagerCppClient: Waited one second for android.hardware.secure_element.ISecureElement/eSE1 (is service started? Number of threads started in the threadpool: 15. Are binder threads started and available?)
08-25 21:08:59.145   789   789 I servicemanager: Since 'android.hardware.secure_element.ISecureElement/eSE1' could not be found, trying to start it as a lazy AIDL service. (if it's not configured to be a lazy service, it may be stuck starting or still starting).
08-25 21:08:59.145   789 14003 W libc    : Unable to set property "ctl.interface_start" to "aidl/android.hardware.secure_element.ISecureElement/eSE1": error code: 0x20
08-25 21:08:59.153 14003 14003 I servicemanager: Tried to start aidl service android.hardware.secure_element.ISecureElement/eSE1 as a lazy service, but was unable to. Usually this happens when a service is not installed, but if the service is intended to be used as a lazy service, then it may be configured incorrectly.
08-25 21:09:00.047  2609  2744 W ActivityManager: Timeout executing service: ServiceRecord{687e2cc u0 com.android.se/.SecureElementService}
08-25 21:09:00.056  2609 14005 D ActivityManager: created ANR temporary file:/data/anr/temp_anr_3572799043198711621.txt
08-25 21:09:00.056  2609 14005 I ActivityManager: Collecting stacks for pid 13895 into temporary file temp_anr_3572799043198711621.txt
08-25 21:09:00.056  2609 14004 D ActivityManager: created ANR temporary file:/data/anr/temp_anr_4104549487201473132.txt
08-25 21:09:00.056  2609 14004 I ActivityManager: Collecting stacks for pid 13895 into temporary file temp_anr_4104549487201473132.txt
08-25 21:09:00.059  2609 14005 I system_server: libdebuggerd_client: started dumping process 13895
08-25 21:09:00.060  2609 14004 I system_server: libdebuggerd_client: started dumping process 13895
08-25 21:09:00.060  1103  1103 I tombstoned: registered intercept for pid 13895 and type kDebuggerdJavaBacktrace
08-25 21:09:00.060 13895 13900 I com.android.se: Thread[6,tid=13900,WaitingInMainSignalCatcherLoop,Thread*=0xb400007c0addb6f0,peer=0x12c403e0,"Signal Catcher"]: reacting to signal 3
08-25 21:09:00.060 13895 13900 I com.android.se: 
08-25 21:09:00.061  1103  1103 W tombstoned: pid 13895 already intercepted, type 2
08-25 21:09:00.061  2609 14004 E system_server: libdebuggerd_client: unexpected registration response: 0
08-25 21:09:00.064  2609 14006 I ActivityManager: dumpStackTraces pids=null
08-25 21:09:00.065  2609 14006 I ActivityManager: Dumping to /data/anr/anr_2025-08-25-21-09-00-064
08-25 21:09:00.070  2609 14004 W ActivityManager: Dumping Java threads failed, initiating native stack dump.
08-25 21:09:00.070  2609 14004 I system_server: libdebuggerd_client: started dumping process 13895
08-25 21:09:00.071  1103  1103 W tombstoned: pid 13895 already intercepted, type 0
08-25 21:09:00.071  2609 14004 E system_server: libdebuggerd_client: unexpected registration response: 0
08-25 21:09:00.071  2609 14004 W ActivityManager: Native stack dump failed!
08-25 21:09:00.085  2609 14006 I ActivityManager: dumpStackTraces nativepids=null
08-25 21:09:00.085  2609 14006 I ActivityManager: dumpStackTraces extraPids=null
08-25 21:09:00.085  2609 14006 I ActivityManager: Done dumping
08-25 21:09:00.087  2609 14006 E ActivityManager: ANR in com.android.se
08-25 21:09:00.087  2609 14006 E ActivityManager: PID: 13895
08-25 21:09:00.087  2609 14006 E ActivityManager: Reason: executing service com.android.se/.SecureElementService
08-25 21:09:00.087  2609 14006 E ActivityManager: ErrorId: fe1eeace-2f4d-4024-8f45-17a9f6ee1aec
08-25 21:09:00.087  2609 14006 E ActivityManager: Frozen: false
08-25 21:09:00.087  2609 14006 E ActivityManager: Load: 0.0 / 0.0 / 0.0
08-25 21:09:00.087  2609 14006 E ActivityManager: ----- Output from /proc/pressure/memory -----
08-25 21:09:00.087  2609 14006 E ActivityManager: some avg10=0.00 avg60=0.00 avg300=0.00 total=415395
08-25 21:09:00.087  2609 14006 E ActivityManager: full avg10=0.00 avg60=0.00 avg300=0.00 total=329841
08-25 21:09:00.087  2609 14006 E ActivityManager: ----- End output from /proc/pressure/memory -----
08-25 21:09:00.087  2609 14006 E ActivityManager: ----- Output from /proc/pressure/cpu -----
08-25 21:09:00.087  2609 14006 E ActivityManager: some avg10=4.22 avg60=5.70 avg300=4.20 total=92213792
08-25 21:09:00.087  2609 14006 E ActivityManager: full avg10=0.00 avg60=0.00 avg300=0.00 total=0
08-25 21:09:00.087  2609 14006 E ActivityManager: ----- End output from /proc/pressure/cpu -----
08-25 21:09:00.087  2609 14006 E ActivityManager: ----- Output from /proc/pressure/io -----
08-25 21:09:00.087  2609 14006 E ActivityManager: some avg10=0.01 avg60=0.02 avg300=0.00 total=1842002
08-25 21:09:00.087  2609 14006 E ActivityManager: full avg10=0.00 avg60=0.00 avg300=0.00 total=967910
08-25 21:09:00.087  2609 14006 E ActivityManager: ----- End output from /proc/pressure/io -----
08-25 21:09:00.087  2609 14006 E ActivityManager: 
08-25 21:09:00.087  2609 14006 E ActivityManager: CPU usage from 20137ms to -1ms ago (2025-08-25 21:08:39.919 to 2025-08-25 21:09:00.057):
08-25 21:09:00.087  2609 14006 E ActivityManager:   8.6% 2609/system_server: 5.9% user + 2.7% kernel / faults: 4658 minor
08-25 21:09:00.087  2609 14006 E ActivityManager:   2.9% 5178/com.android.vending: 2.1% user + 0.7% kernel / faults: 1398 minor 1 major
08-25 21:09:00.087  2609 14006 E ActivityManager:   0.1% 2074/media.swcodec: 0.1% user + 0% kernel
08-25 21:09:00.087  2609 14006 E ActivityManager:   0.1% 4340/com.google.android.gms: 0% user + 0% kernel / faults: 7097 minor 8194 major
08-25 21:09:00.087  2609 14006 E ActivityManager:   1% 5497/adbd: 0.3% user + 0.6% kernel / faults: 1209 minor
08-25 21:09:00.087  2609 14006 E ActivityManager:   0.9% 11883/process-tracker: 0.1% user + 0.7% kernel
08-25 21:09:00.087  2609 14006 E ActivityManager:   0.8% 1/init: 0.1% user + 0.6% kernel / faults: 642 minor
08-25 21:09:00.087  2609 14006 E ActivityManager:   0.5% 787/logd: 0.2% user + 0.3% kernel / faults: 42 minor 2 major
08-25 21:09:00.087  2609 14006 E ActivityManager:   0.2% 3009/com.android.systemui: 0.1% user + 0% kernel / faults: 1423 minor 38 major
08-25 21:09:00.087  2609 14006 E ActivityManager:   0.4% 11951/app_process: 0.1% user + 0.2% kernel
08-25 21:09:00.087  2609 14006 E ActivityManager: 3.9% TOTAL: 1.8% user + 1.5% kernel + 0% iowait + 0.4% irq + 0% softirq
08-25 21:09:00.087  2609 14006 E ActivityManager: CPU usage from 2322277ms to 2322277ms ago (1970-01-01 05:30:00.000 to 1970-01-01 05:30:00.000) with 0% awake:
08-25 21:09:00.087  2609 14006 E ActivityManager: 0% TOTAL: 0% user + 0% kernel
08-25 21:09:00.087  2609 14006 I ActivityManager: Killing 13895:com.android.se/1068 (adj -800): bg anr
08-25 21:09:00.088  2609 14006 D ActivityManager: Completed ANR of com.android.se in 32ms, latency 3ms
08-25 21:09:00.117  2609  3182 I ActivityManager: Process com.android.se (pid 13895) has died: pers PER 
08-25 21:09:00.119  1276  1276 I Zygote  : Process 13895 exited due to signal 9 (Killed)
08-25 21:09:00.119  1536  1536 I vendor.qti.hardware.servicetrackeraidl-service: killProcess is called for pid : 13895
08-25 21:09:00.119  2609  3182 W ActivityManager: Scheduling restart of crashed service com.android.se/.SecureElementService in 0ms for persistent
08-25 21:09:00.119  1536  1536 I vendor.qti.hardware.servicetrackeraidl-service: process with pid 13895 is service
08-25 21:09:00.121  2609  2732 D DisplayManagerService: Drop pending events for gone uid 1068
08-25 21:09:00.121  2609  3182 W ActivityManager: Re-adding persistent process ProcessRecord{bfe46ff 13895:com.android.se/1068}
08-25 21:09:00.124  2609  3182 D CompatibilityChangeReporter: Compat change id reported: 135634846; UID 1068; state: DISABLED
08-25 21:09:00.128  2609  2748 I libprocessgroup: Successfully killed process cgroup uid 1068 pid 13895 in 38ms
08-25 21:09:00.130  2609  2748 I libprocessgroup: Successfully killed process cgroup uid 1068 pid 13895 in 0ms
08-25 21:09:00.131  2609  2832 D CompatibilityChangeReporter: Compat change id reported: 265195908; UID 1068; state: ENABLED
08-25 21:09:00.141  1276  1276 D Zygote  : Forked child process 14008
08-25 21:09:00.142  2609  2745 I ActivityManager: Start proc 14008:com.android.se/1068 for restart com.android.se
08-25 21:09:00.162 14008 14008 I com.android.se: Using CollectorTypeCC GC.
08-25 21:09:00.168 14008 14008 E com.android.se: Not starting debugger since process cannot load the jdwp agent.
08-25 21:09:00.175  2609  6485 D CompatibilityChangeReporter: Compat change id reported: 168419799; UID 1068; state: DISABLED
08-25 21:09:00.175  2609  6485 D CompatibilityChangeReporter: Compat change id reported: 273564678; UID 1068; state: DISABLED
08-25 21:09:00.175  2609  6485 D CompatibilityInfo: mCompatibilityFlags - 0
08-25 21:09:00.175  2609  6485 D CompatibilityInfo: applicationDensity - 480
08-25 21:09:00.175  2609  6485 D CompatibilityInfo: applicationScale - 1.0
08-25 21:09:00.176 14008 14008 D CompatibilityChangeReporter: Compat change id reported: 171979766; UID 1068; state: ENABLED
08-25 21:09:00.176 14008 14008 D CompatibilityChangeReporter: Compat change id reported: 242716250; UID 1068; state: ENABLED
08-25 21:09:00.177 14008 14008 D CompatibilityChangeReporter: Compat change id reported: 3400644; UID 1068; state: ENABLED
08-25 21:09:00.176 14008 14008 I com.android.se: type=1400 audit(0.0:272199): avc:  denied  { open } for  path="/data/user/0/com.android.se/cache/oat_primary/arm64/SecureElement.art" dev="dm-45" ino=21970 scontext=u:r:secure_element:s0:c44,c260,c512,c768 tcontext=u:object_r:system_data_file:s0:c44,c260,c512,c768 tclass=file permissive=1
08-25 21:09:00.179 14008 14008 D nativeloader: Configuring clns-shared-4 for other apk /system/app/SecureElement/SecureElement.apk. target_sdk_version=34, uses_libraries=, library_path=/system/app/SecureElement/lib/arm64:/system/lib64:/system_ext/lib64, permitted_path=/data:/mnt/expand:/data/user/0/com.android.se:/system/app/SecureElement:/system/lib64:/system_ext/lib64
08-25 21:09:00.182 14008 14008 I Perf    : Connecting to perf service.
08-25 21:09:00.185 14008 14008 V GraphicsEnvironment: Currently set values for:
08-25 21:09:00.185 14008 14008 V GraphicsEnvironment:   angle_gl_driver_selection_pkgs=[]
08-25 21:09:00.185 14008 14008 V GraphicsEnvironment:   angle_gl_driver_selection_values=[]
08-25 21:09:00.185 14008 14008 V GraphicsEnvironment: ANGLE GameManagerService for com.android.se: false
08-25 21:09:00.185 14008 14008 V GraphicsEnvironment: com.android.se is not listed in per-application setting
08-25 21:09:00.188 14008 14008 E ANDR-PERF-CLIENT-SYS: death recipent object is fine
08-25 21:09:00.194   789   789 I servicemanager: Found vendor.qti.hardware.perf2.IPerf/default in device VINTF manifest.
08-25 21:09:00.188  2609  6485 I ActivityManager: Flag disabled. Ignoring finishAttachApplication from uid: 1068. pid: 14008
08-25 21:09:00.189 14008 14008 I SecureElementService: main onCreate
08-25 21:09:00.190  2609  6485 D CompatibilityChangeReporter: Compat change id reported: 161145287; UID 1068; state: ENABLED
08-25 21:09:00.190 14008 14008 I SecureElementService: Check if terminal eSE1 is available.
08-25 21:09:00.194   789 14025 W libc    : Unable to set property "ctl.interface_start" to "aidl/android.hardware.secure_element.ISecureElement/eSE1": error code: 0x20
08-25 21:09:00.197   789   789 I servicemanager: Found android.hardware.secure_element.ISecureElement/eSE1 in device VINTF manifest.
08-25 21:09:00.735  2609  2846 D ActivityManager: freezing 3585 com.android.permissioncontroller
08-25 21:09:01.196 14008 14008 W ServiceManagerCppClient: Waited one second for android.hardware.secure_element.ISecureElement/eSE1 (is service started? Number of threads started in the threadpool: 15. Are binder threads started and available?)
08-25 21:09:01.203   789   789 I servicemanager: Since 'android.hardware.secure_element.ISecureElement/eSE1' could not be found, trying to start it as a lazy AIDL service. (if it's not configured to be a lazy service, it may be stuck starting or still starting).
08-25 21:09:01.201   789 14026 W libc    : Unable to set property "ctl.interface_start" to "aidl/android.hardware.secure_element.ISecureElement/eSE1": error code: 0x20
08-25 21:09:01.209 14026 14026 I servicemanager: Tried to start aidl service android.hardware.secure_element.ISecureElement/eSE1 as a lazy service, but was unable to. Usually this happens when a service is not installed, but if the service is intended to be used as a lazy service, then it may be configured incorrectly.
08-25 21:09:02.201 14008 14008 W ServiceManagerCppClient: Waited one second for android.hardware.secure_element.ISecureElement/eSE1 (is service started? Number of threads started in the threadpool: 15. Are binder threads started and available?)
08-25 21:09:02.208   789   789 I servicemanager: Since 'android.hardware.secure_element.ISecureElement/eSE1' could not be found, trying to start it as a lazy AIDL service. (if it's not configured to be a lazy service, it may be stuck starting or still starting).
08-25 21:09:02.207   789 14027 W libc    : Unable to set property "ctl.interface_start" to "aidl/android.hardware.secure_element.ISecureElement/eSE1": error code: 0x20
08-25 21:09:02.214 14027 14027 I servicemanager: Tried to start aidl service android.hardware.secure_element.ISecureElement/eSE1 as a lazy service, but was unable to. Usually this happens when a service is not installed, but if the service is intended to be used as a lazy service, then it may be configured incorrectly.
08-25 21:09:02.391     1     1 I init    : starting service 'vendor.secure_element'...
08-25 21:09:02.409     1     1 I init    : ... started service 'vendor.secure_element' has pid 14028
08-25 21:09:02.426 14028 14028 D GPTEE   : [TEE_client_api.cpp:56 initTEEC] initTEEC
08-25 21:09:02.427 14028 14028 E android.hardware.secure_element-service.qti: eseGetVendorId: Unknown eSE HW
08-25 21:09:02.427 14028 14028 E GPQeSE-HAL: Unknown ese vendor
08-25 21:09:02.427 14028 14028 E GPQeSE-HAL: Failed on initalize eSE TA
08-25 21:09:02.435     1     1 I init    : Service 'vendor.secure_element' (pid 14028) exited with status 1
08-25 21:09:02.435     1     1 I init    : Sending signal 9 to service 'vendor.secure_element' (pid 14028) process group...
08-25 21:09:02.435     1     1 I libprocessgroup: Successfully killed process cgroup uid 1000 pid 14028 in 0ms
08-25 21:09:02.436     1     1 E init    : process with updatable components 'vendor.secure_element' exited 4 times in 4 minutes
08-25 21:09:02.439     1     1 I init    : processing action (sys.init.updatable_crashing=1) from (/system/etc/init/flags_health_check.rc:10)
08-25 21:09:02.440     1     1 I init    : starting service 'exec 455 (/system/bin/flags_health_check UPDATABLE_CRASHING)'...
08-25 21:09:02.447     1     1 I init    : ... started service 'exec 455 (/system/bin/flags_health_check UPDATABLE_CRASHING)' has pid 14029
08-25 21:09:02.447     1     1 I init    : SVC_EXEC service 'exec 455 (/system/bin/flags_health_check UPDATABLE_CRASHING)' pid 14029 (uid 1000 gid 1000+0 context default) started; waiting...
08-25 21:09:02.450 14029 14029 I flags_health_check: ServerConfigurableFlagsReset reset_mode value: 1
08-25 21:09:02.451 14029 14029 I flags_health_check: ServerConfigurableFlagsReset updatable crashing detected, resetting flags.
08-25 21:09:02.448 14029 14029 I flags_health_ch: type=1400 audit(0.0:272200): avc:  denied  { open } for  path="/dev/__properties__/u:object_r:aac_drc_prop:s0" dev="tmpfs" ino=87 scontext=u:r:flags_health_check:s0 tcontext=u:object_r:aac_drc_prop:s0 tclass=file permissive=1
08-25 21:09:02.448 14029 14029 I flags_health_ch: type=1400 audit(0.0:272201): avc:  denied  { getattr } for  path="/dev/__properties__/u:object_r:aac_drc_prop:s0" dev="tmpfs" ino=87 scontext=u:r:flags_health_check:s0 tcontext=u:object_r:aac_drc_prop:s0 tclass=file permissive=1
08-25 21:09:02.448 14029 14029 I flags_health_ch: type=1400 audit(0.0:272202): avc:  denied  { map } for  path="/dev/__properties__/u:object_r:aac_drc_prop:s0" dev="tmpfs" ino=87 scontext=u:r:flags_health_check:s0 tcontext=u:object_r:aac_drc_prop:s0 tclass=file permissive=1
08-25 21:09:02.448 14029 14029 I flags_health_ch: type=1400 audit(0.0:272203): avc:  denied  { open } for  path="/dev/__properties__/u:object_r:ab_update_gki_prop:s0" dev="tmpfs" ino=89 scontext=u:r:flags_health_check:s0 tcontext=u:object_r:ab_update_gki_prop:s0 tclass=file permissive=1
08-25 21:09:02.448 14029 14029 I flags_health_ch: type=1400 audit(0.0:272204): avc:  denied  { getattr } for  path="/dev/__properties__/u:object_r:ab_update_gki_prop:s0" dev="tmpfs" ino=89 scontext=u:r:flags_health_check:s0 tcontext=u:object_r:ab_update_gki_prop:s0 tclass=file permissive=1
08-25 21:09:02.448 14029 14029 I flags_health_ch: type=1400 audit(0.0:272205): avc:  denied  { map } for  path="/dev/__properties__/u:object_r:ab_update_gki_prop:s0" dev="tmpfs" ino=89 scontext=u:r:flags_health_check:s0 tcontext=u:object_r:ab_update_gki_prop:s0 tclass=file permissive=1
08-25 21:09:02.448 14029 14029 I flags_health_ch: type=1400 audit(0.0:272206): avc:  denied  { open } for  path="/dev/__properties__/u:object_r:adaptive_haptics_prop:s0" dev="tmpfs" ino=90 scontext=u:r:flags_health_check:s0 tcontext=u:object_r:adaptive_haptics_prop:s0 tclass=file permissive=1
08-25 21:09:02.448 14029 14029 I flags_health_ch: type=1400 audit(0.0:272207): avc:  denied  { getattr } for  path="/dev/__properties__/u:object_r:adaptive_haptics_prop:s0" dev="tmpfs" ino=90 scontext=u:r:flags_health_check:s0 tcontext=u:object_r:adaptive_haptics_prop:s0 tclass=file permissive=1
08-25 21:09:02.448 14029 14029 I flags_health_ch: type=1400 audit(0.0:272208): avc:  denied  { map } for  path="/dev/__properties__/u:object_r:adaptive_haptics_prop:s0" dev="tmpfs" ino=90 scontext=u:r:flags_health_check:s0 tcontext=u:object_r:adaptive_haptics_prop:s0 tclass=file permissive=1
08-25 21:09:02.457 14029 14029 W audit   : audit_lost=269563 audit_rate_limit=5 audit_backlog_limit=64
08-25 21:09:02.457 14029 14029 E audit   : rate limit exceeded
08-25 21:09:03.206 14008 14008 W ServiceManagerCppClient: Waited one second for android.hardware.secure_element.ISecureElement/eSE1 (is service started? Number of threads started in the threadpool: 15. Are binder threads started and available?)
08-25 21:09:03.215   789   789 I servicemanager: Since 'android.hardware.secure_element.ISecureElement/eSE1' could not be found, trying to start it as a lazy AIDL service. (if it's not configured to be a lazy service, it may be stuck starting or still starting).
08-25 21:09:03.214   789 14030 W libc    : Unable to set property "ctl.interface_start" to "aidl/android.hardware.secure_element.ISecureElement/eSE1": error code: 0x20
08-25 21:09:03.221 14030 14030 I servicemanager: Tried to start aidl service android.hardware.secure_element.ISecureElement/eSE1 as a lazy service, but was unable to. Usually this happens when a service is not installed, but if the service is intended to be used as a lazy service, then it may be configured incorrectly.
08-25 21:09:03.710  5497  5497 W adbd    : timeout expired while flushing socket, closing
08-25 21:09:04.211 14008 14008 W ServiceManagerCppClient: Waited one second for android.hardware.secure_element.ISecureElement/eSE1 (is service started? Number of threads started in the threadpool: 15. Are binder threads started and available?)
08-25 21:09:04.219   789   789 I servicemanager: Since 'android.hardware.secure_element.ISecureElement/eSE1' could not be found, trying to start it as a lazy AIDL service. (if it's not configured to be a lazy service, it may be stuck starting or still starting).
08-25 21:09:04.221   789 14031 W libc    : Unable to set property "ctl.interface_start" to "aidl/android.hardware.secure_element.ISecureElement/eSE1": error code: 0x20
08-25 21:09:04.228 14031 14031 I servicemanager: Tried to start aidl service android.hardware.secure_element.ISecureElement/eSE1 as a lazy service, but was unable to. Usually this happens when a service is not installed, but if the service is intended to be used as a lazy service, then it may be configured incorrectly.
08-25 21:09:05.219 14008 14008 W ServiceManagerCppClient: Waited one second for android.hardware.secure_element.ISecureElement/eSE1 (is service started? Number of threads started in the threadpool: 15. Are binder threads started and available?)
08-25 21:09:05.226   789   789 I servicemanager: Since 'android.hardware.secure_element.ISecureElement/eSE1' could not be found, trying to start it as a lazy AIDL service. (if it's not configured to be a lazy service, it may be stuck starting or still starting).
08-25 21:09:05.225   789 14033 W libc    : Unable to set property "ctl.interface_start" to "aidl/android.hardware.secure_element.ISecureElement/eSE1": error code: 0x20
08-25 21:09:05.231 14033 14033 I servicemanager: Tried to start aidl service android.hardware.secure_element.ISecureElement/eSE1 as a lazy service, but was unable to. Usually this happens when a service is not installed, but if the service is intended to be used as a lazy service, then it may be configured incorrectly.
08-25 21:09:05.778   799   799 I logd    : logdr: UID=0 GID=0 PID=14034 b tail=0 logMask=99 pid=0 start=0ns deadline=0ns
08-25 21:09:06.225 14008 14008 W ServiceManagerCppClient: Waited one second for android.hardware.secure_element.ISecureElement/eSE1 (is service started? Number of threads started in the threadpool: 15. Are binder threads started and available?)
08-25 21:09:06.233   789   789 I servicemanager: Since 'android.hardware.secure_element.ISecureElement/eSE1' could not be found, trying to start it as a lazy AIDL service. (if it's not configured to be a lazy service, it may be stuck starting or still starting).
08-25 21:09:06.231   789 14037 W libc    : Unable to set property "ctl.interface_start" to "aidl/android.hardware.secure_element.ISecureElement/eSE1": error code: 0x20
08-25 21:09:06.238 14037 14037 I servicemanager: Tried to start aidl service android.hardware.secure_element.ISecureElement/eSE1 as a lazy service, but was unable to. Usually this happens when a service is not installed, but if the service is intended to be used as a lazy service, then it may be configured incorrectly.
08-25 21:09:06.360  2609  2846 D ActivityManager: freezing 4340 com.google.android.gms
08-25 21:09:07.229 14008 14008 W ServiceManagerCppClient: Waited one second for android.hardware.secure_element.ISecureElement/eSE1 (is service started? Number of threads started in the threadpool: 15. Are binder threads started and available?)
08-25 21:09:07.237   789   789 I servicemanager: Since 'android.hardware.secure_element.ISecureElement/eSE1' could not be found, trying to start it as a lazy AIDL service. (if it's not configured to be a lazy service, it may be stuck starting or still starting).
08-25 21:09:07.239   789 14038 W libc    : Unable to set property "ctl.interface_start" to "aidl/android.hardware.secure_element.ISecureElement/eSE1": error code: 0x20
08-25 21:09:07.246 14038 14038 I servicemanager: Tried to start aidl service android.hardware.secure_element.ISecureElement/eSE1 as a lazy service, but was unable to. Usually this happens when a service is not installed, but if the service is intended to be used as a lazy service, then it may be configured incorrectly.
08-25 21:09:07.407     1     1 I init    : starting service 'vendor.secure_element'...
08-25 21:09:07.424     1     1 I init    : ... started service 'vendor.secure_element' has pid 14039
08-25 21:09:07.444 14039 14039 D GPTEE   : [TEE_client_api.cpp:56 initTEEC] initTEEC
08-25 21:09:07.446 14039 14039 E android.hardware.secure_element-service.qti: eseGetVendorId: Unknown eSE HW
08-25 21:09:07.446 14039 14039 E GPQeSE-HAL: Unknown ese vendor
08-25 21:09:07.446 14039 14039 E GPQeSE-HAL: Failed on initalize eSE TA
08-25 21:09:07.454     1     1 I init    : Service 'vendor.secure_element' (pid 14039) exited with status 1
08-25 21:09:07.455     1     1 I init    : Sending signal 9 to service 'vendor.secure_element' (pid 14039) process group...
08-25 21:09:07.455     1     1 I libprocessgroup: Successfully killed process cgroup uid 1000 pid 14039 in 0ms
08-25 21:09:07.455     1     1 E init    : process with updatable components 'vendor.secure_element' exited 4 times in 4 minutes
08-25 21:09:07.458     1     1 I init    : processing action (sys.init.updatable_crashing=1) from (/system/etc/init/flags_health_check.rc:10)
08-25 21:09:07.459     1     1 I init    : starting service 'exec 456 (/system/bin/flags_health_check UPDATABLE_CRASHING)'...
