08-25 21:09:25.174  3396  3468 D QuickstepModelDelegate: notifyAppTargetEvent action=1 launchLocation=workspace/1/[-1,-1]/[1,1]
08-25 21:09:25.175  1542 14135 D vendor.qti.vibrator: Notifying perform complete
08-25 21:09:25.175  1365  6639 D AGM: graph: graph_start: 912 exit, ret 0
08-25 21:09:25.175  1542  1542 D vendor.qti.vibrator: QTI Vibrator off
08-25 21:09:25.176  1365  6639 I PAL: PayloadBuilder: findKVs: 2727: key: 0xa3000000 value: 0xa300000e
08-25 21:09:25.176  1365  6639 I AGM: device: device_set_metadata: 708 Setting device metadata for CODEC_DMA-LPAIF_WSA-TX-2
08-25 21:09:25.176  1365  6639 D AGM: metadata: metadata_print: 79 *************************Metadata*************************
08-25 21:09:25.176  1365  6639 D AGM: metadata: metadata_print: 80 GKV size:1
08-25 21:09:25.176  1365  6639 D AGM: metadata: metadata_print: 83 key:0xa3000000, value:0xa300000e 
08-25 21:09:25.176  1365  6639 D AGM: metadata: metadata_print: 87 
08-25 21:09:25.176  1365  6639 D AGM: metadata: CKV count:1
08-25 21:09:25.176  1365  6639 D AGM: metadata: metadata_print: 90 key:0xe3000000, value:0x2 
08-25 21:09:25.176  1365  6639 D AGM: metadata: metadata_print: 92 
08-25 21:09:25.176  1365  6639 D AGM: metadata: metadata_print: 94 Property ID:134217744
08-25 21:09:25.176  1365  6639 D AGM: metadata: metadata_print: 95 property count:1
08-25 21:09:25.176  1365  6639 D AGM: metadata: metadata_print: 98 Property Values: 
08-25 21:09:25.176  1365  6639 D AGM: metadata: metadata_print: 100 0x2 
08-25 21:09:25.176  1365  6639 D AGM: metadata: metadata_print: 102 
08-25 21:09:25.176  1365  6639 D AGM: metadata: metadata_print: 103 ****************Metadata Done***************************
08-25 21:09:25.176  1365  6639 D AGM: metadata: 
08-25 21:09:25.176  1365  6639 I PAL: SessionAlsaUtils: setDeviceMediaConfig: 1074: CODEC_DMA-LPAIF_WSA-TX-2 rate ch fmt data_fmt 24000 2 10 1
08-25 21:09:25.176  1365  6639 I PAL: ResourceManager: allocateFrontEndIds: 7151: allocateFrontEndIds: front end 120
08-25 21:09:25.176  1365  6639 D agm_server_wrapper: Aif id 15 already added to session list of 120
08-25 21:09:25.176  1365  6639 I AGM: API: agm_session_aif_connect: 625 connecting aifid:15 with session id=120
08-25 21:09:25.176  1365  6639 I PAL: Device: updateCustomPayload: 431: customPayloadSize = 72
08-25 21:09:25.177  2074 11988 D C2SoftVpxEnc: bytes generated 1829
08-25 21:09:25.177  1365  6639 D agm_client_wrapper: agm_session_open called with handle = 17e711c0 , *handle = 0
08-25 21:09:25.177  1365  6639 D AGM: device: device_open: 358 Unsupported PCM rate 24000 changing to default rate 48000
08-25 21:09:25.179  1365  6639 D AGM: graph: graph_open: 549 entry
08-25 21:09:25.179  1365  6639 D AGM: metadata: metadata_print: 79 *************************Metadata*************************
08-25 21:09:25.179  1365  6639 D AGM: metadata: metadata_print: 80 GKV size:1
08-25 21:09:25.179  1365  6639 D AGM: metadata: metadata_print: 83 key:0xa3000000, value:0xa300000e 
08-25 21:09:25.179  1365  6639 D AGM: metadata: metadata_print: 87 
08-25 21:09:25.179  1365  6639 D AGM: metadata: CKV count:1
08-25 21:09:25.179  1365  6639 D AGM: metadata: metadata_print: 90 key:0xe3000000, value:0x2 
08-25 21:09:25.179  1365  6639 D AGM: metadata: metadata_print: 92 
08-25 21:09:25.179  1365  6639 D AGM: metadata: metadata_print: 94 Property ID:134217744
08-25 21:09:25.179  1365  6639 D AGM: metadata: metadata_print: 95 property count:1
08-25 21:09:25.179  1365  6639 D AGM: metadata: metadata_print: 98 Property Values: 
08-25 21:09:25.179  1365  6639 D AGM: metadata: metadata_print: 100 0x2 
08-25 21:09:25.179  1365  6639 D AGM: metadata: metadata_print: 102 
08-25 21:09:25.179  1365  6639 D AGM: metadata: metadata_print: 103 ****************Metadata Done***************************
08-25 21:09:25.179  1365  6639 D AGM: metadata: 
08-25 21:09:25.179  1365  6639 D AGM: graph: print_graph_alias: 2334 GKV Alias 74 | DeviceTX_CPS_TX
08-25 21:09:25.179  1365  6639 D AGM: graph: graph_open: 677 miid 407f mid 7001024 tag c0000005
08-25 21:09:25.179  1365  6639 I GPR:    : vendor/qcom/proprietary/args/gpr/core/src/gpr_drv.c:__gpr_cmd_register_v2:931 GPR Register: Source Port is 8210 heap_index: 0
08-25 21:09:25.180   499  2283 D audioadsprpcd: vendor/qcom/proprietary/adsprpc/src/apps_std_imp.c:381: apps_std_fopen_fd done for ./cps_module.so.1 with       fopen:7us, read:0us, rpc_alloc:0us,       mmap:0us fd 0x0 error_code 0x2
08-25 21:09:25.180   499  2283 D audioadsprpcd: vendor/qcom/proprietary/adsprpc/src/apps_std_imp.c:381: apps_std_fopen_fd done for ./cps_module.so.1 with       fopen:1us, read:0us, rpc_alloc:0us,       mmap:0us fd 0x0 error_code 0x2
08-25 21:09:25.180   499  2283 D audioadsprpcd: vendor/qcom/proprietary/adsprpc/src/apps_std_imp.c:381: apps_std_fopen_fd done for /vendor/lib64/rfs/dsp/adsp/./cps_module.so.1 with       fopen:9us, read:0us, rpc_alloc:0us,       mmap:0us fd 0x0 error_code 0x2
08-25 21:09:25.180   499  2283 D audioadsprpcd: vendor/qcom/proprietary/adsprpc/src/apps_std_imp.c:381: apps_std_fopen_fd done for /vendor/lib64/rfs/dsp/./cps_module.so.1 with       fopen:2us, read:0us, rpc_alloc:0us,       mmap:0us fd 0x0 error_code 0x2
08-25 21:09:25.180   499  2283 D audioadsprpcd: vendor/qcom/proprietary/adsprpc/src/apps_std_imp.c:381: apps_std_fopen_fd done for /vendor/lib/rfsa/adsp/adsp/./cps_module.so.1 with       fopen:5us, read:0us, rpc_alloc:0us,       mmap:0us fd 0x0 error_code 0x2
08-25 21:09:25.180   499  2283 D audioadsprpcd: vendor/qcom/proprietary/adsprpc/src/apps_std_imp.c:381: apps_std_fopen_fd done for /vendor/lib/rfsa/adsp/./cps_module.so.1 with       fopen:2us, read:0us, rpc_alloc:0us,       mmap:0us fd 0x0 error_code 0x2
08-25 21:09:25.180   499  2283 D audioadsprpcd: vendor/qcom/proprietary/adsprpc/src/apps_std_imp.c:381: apps_std_fopen_fd done for /vendor/lib/rfsa/dsp/adsp/./cps_module.so.1 with       fopen:2us, read:0us, rpc_alloc:0us,       mmap:0us fd 0x0 error_code 0x2
08-25 21:09:25.180   499  2283 D audioadsprpcd: vendor/qcom/proprietary/adsprpc/src/apps_std_imp.c:381: apps_std_fopen_fd done for /vendor/lib/rfsa/dsp/./cps_module.so.1 with       fopen:2us, read:0us, rpc_alloc:0us,       mmap:0us fd 0x0 error_code 0x2
08-25 21:09:25.181   499  2283 D audioadsprpcd: vendor/qcom/proprietary/adsprpc/src/apps_std_imp.c:381: apps_std_fopen_fd done for /vendor/dsp/adsp/./cps_module.so.1 with       fopen:11us, read:64us, rpc_alloc:29us,       mmap:917us fd 0xe error_code 0x0
08-25 21:09:25.181   499  2283 I audioadsprpcd: vendor/qcom/proprietary/adsprpc/src/apps_std_imp.c:1132: Successfully opened file /vendor/dsp/adsp/./cps_module.so.1
08-25 21:09:25.185  2074 11988 D C2SoftVpxEnc: bytes generated 1577
08-25 21:09:25.187  1365  6639 E ACDB    : vendor/qcom/proprietary/args/acdb/src/acdb_command.c:AcdbCmdGetProcSubgraphCalDataPersist:8250 Error[19]: No calibration found
08-25 21:09:25.187  1365  6639 D AGM: graph: graph_open: 709 graph_handle 0x247534c
08-25 21:09:25.187  1365  6639 D AGM: graph: graph_open: 745 exit, ret 0
08-25 21:09:25.187  1365  6639 D agm_client_wrapper: agm_session_open Received handle = 0x6e17e711c0 , *handle = b400007082257390
08-25 21:09:25.187  1365  6639 D PLUGIN: pcm: agm_pcm_hw_params: 500 agm_pcm_hw_params: mode: 268435456
08-25 21:09:25.187  1365  6639 D audio_route: Apply path: cps-feedback
08-25 21:09:25.188  1365  6639 D AGM: graph: graph_prepare: 807 entry graph_handle 0x247534c
08-25 21:09:25.188  1365  6639 D AGM: graph_module: configure_hw_ep_media_config: 697 entry mod tag c0000005 miid 407f mid 7001024
08-25 21:09:25.188  1365  6639 D AGM: graph_module: configure_hw_ep_media_config: 727 rate 24000 bw 32 ch 2, data_fmt 1
08-25 21:09:25.188  1365  6639 D AGM: graph_module: configure_hw_ep_media_config: 737 exit, ret 0
08-25 21:09:25.188  1365  6639 D AGM: graph_module: configure_codec_dma_ep: 314 cdc_dma intf cfg lpaif 2 indx 3 ch_msk 3
08-25 21:09:25.188  1365  6639 D AGM: graph_module: configure_codec_dma_ep: 329 exit, ret 0
08-25 21:09:25.189  1365  6639 D AGM: graph: graph_prepare: 885 exit, ret 0
08-25 21:09:25.189  1365  6639 D AGM: graph: graph_start: 899 entry graph_handle 0x247534c
08-25 21:09:25.190  1365  6639 D AGM: graph: graph_start: 912 exit, ret 0
08-25 21:09:25.190  1365  6639 I PAL: SessionAlsaUtils: setDeviceMediaConfig: 1074: CODEC_DMA-LPAIF_WSA-RX-0 rate ch fmt data_fmt 48000 2 2 1
08-25 21:09:25.190  1365  6639 I PAL: ResourceManager: voteSleepMonitor: 2124: Voting done for nlpi use case, lpi votes 0, nlpi votes : 1
08-25 21:09:25.197  6639  6639 I adsp_sleepmon: Audio: num_sessions=1,num_lpi_sessions=0,timer_pending=0
08-25 21:09:25.190  2074 11988 D C2SoftVpxEnc: bytes generated 1602
08-25 21:09:25.191  1365  6639 D agm_client_wrapper: agm_session_open called with handle = 17e71c30 , *handle = 0
08-25 21:09:25.193  1365  6639 D AGM: graph: graph_open: 549 entry
08-25 21:09:25.193  1365  6639 D AGM: metadata: metadata_print: 79 *************************Metadata*************************
08-25 21:09:25.193  1365  6639 D AGM: metadata: metadata_print: 80 GKV size:4
08-25 21:09:25.193  1365  6639 D AGM: metadata: metadata_print: 83 key:0xa1000000, value:0xa100000e 
08-25 21:09:25.193  1365  6639 D AGM: metadata: metadata_print: 83 key:0xab000000, value:0x1 
08-25 21:09:25.193  1365  6639 D AGM: metadata: metadata_print: 83 key:0xa2000000, value:0xa2000001 
08-25 21:09:25.193  1365  6639 D AGM: metadata: metadata_print: 83 key:0xac000000, value:0xac000002 
08-25 21:09:25.193  1365  6639 D AGM: metadata: metadata_print: 87 
08-25 21:09:25.193  1365  6639 D AGM: metadata: CKV count:3
08-25 21:09:25.193  1365  6639 D AGM: metadata: metadata_print: 90 key:0xa4000000, value:0xf 
08-25 21:09:25.193  1365  6639 D AGM: metadata: metadata_print: 90 key:0xd2000000, value:0x0 
08-25 21:09:25.193  1365  6639 D AGM: metadata: metadata_print: 90 key:0xbe000000, value:0x3 
08-25 21:09:25.193  1365  6639 D AGM: metadata: metadata_print: 92 
08-25 21:09:25.193  1365  6639 D AGM: metadata: metadata_print: 94 Property ID:134217744
08-25 21:09:25.193  1365  6639 D AGM: metadata: metadata_print: 95 property count:4
08-25 21:09:25.193  1365  6639 D AGM: metadata: metadata_print: 98 Property Values: 
08-25 21:09:25.193  1365  6639 D AGM: metadata: metadata_print: 100 0x1 
08-25 21:09:25.193  1365  6639 D AGM: metadata: metadata_print: 100 0x3 
08-25 21:09:25.193  1365  6639 D AGM: metadata: metadata_print: 100 0x2 
08-25 21:09:25.193  1365  6639 D AGM: metadata: metadata_print: 100 0x5 
08-25 21:09:25.193  1365  6639 D AGM: metadata: metadata_print: 102 
08-25 21:09:25.193  1365  6639 D AGM: metadata: metadata_print: 103 ****************Metadata Done***************************
08-25 21:09:25.193  1365  6639 D AGM: metadata: 
08-25 21:09:25.193  1365  6639 D AGM: graph: print_graph_alias: 2334 GKV Alias 429 | StreamRX_PCM_LL_Playback_DeviceRX_Speaker_Instance_Instance_1_DevicePP_Rx_Audio_MBDRC
08-25 21:09:25.193  1365  6639 D AGM: graph: graph_open: 629 miid 40bd mid 7001000 tag c0000002
08-25 21:09:25.193  1365  6639 D AGM: graph: graph_open: 677 miid 4023 mid 7001023 tag c0000004
08-25 21:09:25.193  1365  6639 D AGM: graph: graph_open: 629 miid 40c4 mid 7001019 tag c0000006
08-25 21:09:25.193  1365  6639 D AGM: graph: graph_open: 629 miid 40bf mid 7001005 tag c000000e
08-25 21:09:25.193  1365  6639 D AGM: graph: graph_open: 629 miid 40c0 mid 7001003 tag c0000010
08-25 21:09:25.193  1365  6639 D AGM: graph: graph_open: 629 miid 4165 mid 7001032 tag c0000013
08-25 21:09:25.194  1365  6639 I GPR:    : vendor/qcom/proprietary/args/gpr/core/src/gpr_drv.c:__gpr_cmd_register_v2:931 GPR Register: Source Port is 8211 heap_index: 0
08-25 21:09:25.195   499  2283 D audioadsprpcd: vendor/qcom/proprietary/adsprpc/src/apps_std_imp.c:381: apps_std_fopen_fd done for ./CFCM.so.1 with       fopen:13us, read:0us, rpc_alloc:0us,       mmap:0us fd 0x0 error_code 0x2
08-25 21:09:25.195   499  2283 D audioadsprpcd: vendor/qcom/proprietary/adsprpc/src/apps_std_imp.c:381: apps_std_fopen_fd done for ./CFCM.so.1 with       fopen:4us, read:0us, rpc_alloc:0us,       mmap:0us fd 0x0 error_code 0x2
08-25 21:09:25.195   499  2283 D audioadsprpcd: vendor/qcom/proprietary/adsprpc/src/apps_std_imp.c:381: apps_std_fopen_fd done for /vendor/lib64/rfs/dsp/adsp/./CFCM.so.1 with       fopen:13us, read:0us, rpc_alloc:0us,       mmap:0us fd 0x0 error_code 0x2
08-25 21:09:25.195   499  2283 D audioadsprpcd: vendor/qcom/proprietary/adsprpc/src/apps_std_imp.c:381: apps_std_fopen_fd done for /vendor/lib64/rfs/dsp/./CFCM.so.1 with       fopen:4us, read:0us, rpc_alloc:0us,       mmap:0us fd 0x0 error_code 0x2
08-25 21:09:25.195   499  2283 D audioadsprpcd: vendor/qcom/proprietary/adsprpc/src/apps_std_imp.c:381: apps_std_fopen_fd done for /vendor/lib/rfsa/adsp/adsp/./CFCM.so.1 with       fopen:8us, read:0us, rpc_alloc:0us,       mmap:0us fd 0x0 error_code 0x2
08-25 21:09:25.195   499  2283 D audioadsprpcd: vendor/qcom/proprietary/adsprpc/src/apps_std_imp.c:381: apps_std_fopen_fd done for /vendor/lib/rfsa/adsp/./CFCM.so.1 with       fopen:4us, read:0us, rpc_alloc:0us,       mmap:0us fd 0x0 error_code 0x2
08-25 21:09:25.195   499  2283 D audioadsprpcd: vendor/qcom/proprietary/adsprpc/src/apps_std_imp.c:381: apps_std_fopen_fd done for /vendor/lib/rfsa/dsp/adsp/./CFCM.so.1 with       fopen:4us, read:0us, rpc_alloc:0us,       mmap:0us fd 0x0 error_code 0x2
08-25 21:09:25.195   499  2283 D audioadsprpcd: vendor/qcom/proprietary/adsprpc/src/apps_std_imp.c:381: apps_std_fopen_fd done for /vendor/lib/rfsa/dsp/./CFCM.so.1 with       fopen:2us, read:0us, rpc_alloc:0us,       mmap:0us fd 0x0 error_code 0x2
08-25 21:09:25.196   499  2283 D audioadsprpcd: vendor/qcom/proprietary/adsprpc/src/apps_std_imp.c:381: apps_std_fopen_fd done for /vendor/dsp/adsp/./CFCM.so.1 with       fopen:14us, read:12us, rpc_alloc:47us,       mmap:329us fd 0xe error_code 0x0
08-25 21:09:25.196   499  2283 I audioadsprpcd: vendor/qcom/proprietary/adsprpc/src/apps_std_imp.c:1132: Successfully opened file /vendor/dsp/adsp/./CFCM.so.1
08-25 21:09:25.198  2074 11988 D C2SoftVpxEnc: bytes generated 1730
08-25 21:09:25.199  1365  6639 E ACDB    : vendor/qcom/proprietary/args/acdb/src/acdb_command.c:AcdbCmdGetProcSubgraphCalDataPersist:8250 Error[19]: No calibration found
08-25 21:09:25.199  1365  6639 E ACDB    : vendor/qcom/proprietary/args/acdb/src/acdb_command.c:AcdbCmdGetProcSubgraphCalDataPersist:8250 Error[19]: No calibration found
08-25 21:09:25.200  1365  6639 E ACDB    : vendor/qcom/proprietary/args/acdb/src/acdb_command.c:AcdbCmdGetProcSubgraphCalDataPersist:8250 Error[19]: No calibration found
08-25 21:09:25.200  1365  6639 E ACDB    : vendor/qcom/proprietary/args/acdb/src/acdb_command.c:AcdbCmdGetProcSubgraphCalDataPersist:8250 Error[19]: No calibration found
08-25 21:09:25.200  1365  6639 D AGM: graph: graph_open: 709 graph_handle 0x347534c
08-25 21:09:25.200  1365  6639 D AGM: graph: graph_open: 745 exit, ret 0
08-25 21:09:25.200  1365  6639 D AGM: graph: graph_set_config: 1111 entry graph_handle 0x347534c
08-25 21:09:25.200  1365  6639 D AGM: graph: graph_set_config: 1119 exit, graph handle 0x347534c, ret 0
08-25 21:09:25.200  1365  6639 D agm_client_wrapper: agm_session_open Received handle = 0x6e17e71c30 , *handle = b400007082259bd0
08-25 21:09:25.200  1365  6639 D PLUGIN: pcm: agm_pcm_hw_params: 500 agm_pcm_hw_params: mode: 0
08-25 21:09:25.200  1365  6639 I PAL: Session: updateCustomPayload: 617: customPayloadSize = 32
08-25 21:09:25.200  1365  6639 D AGM: graph: graph_set_config: 1111 entry graph_handle 0x347534c
08-25 21:09:25.201  1365  6639 D AGM: graph: graph_set_config: 1119 exit, graph handle 0x347534c, ret 0
08-25 21:09:25.201  1365  6639 I PAL: Session: updateCustomPayload: 617: customPayloadSize = 40
08-25 21:09:25.201  1365  6639 D AGM: graph: graph_set_config: 1111 entry graph_handle 0x347534c
08-25 21:09:25.201  1365  6639 D AGM: graph: graph_set_config: 1119 exit, graph handle 0x347534c, ret 0
08-25 21:09:25.202  1365  6639 E ACDB    : vendor/qcom/proprietary/args/acdb/src/acdb_command.c:AcdbCmdGetProcSubgraphCalDataPersist:8250 Error[19]: No calibration found
08-25 21:09:25.202  1365  6639 E ACDB    : vendor/qcom/proprietary/args/acdb/src/acdb_command.c:AcdbCmdGetProcSubgraphCalDataPersist:8250 Error[19]: No calibration found
08-25 21:09:25.202  1365  6639 E ACDB    : vendor/qcom/proprietary/args/acdb/src/acdb_command.c:AcdbCmdGetProcSubgraphCalDataPersist:8250 Error[19]: No calibration found
08-25 21:09:25.202  1365  6639 E ACDB    : vendor/qcom/proprietary/args/acdb/src/acdb_command.c:AcdbCmdGetProcSubgraphCalDataPersist:8250 Error[19]: No calibration found
08-25 21:09:25.202  1365  6639 D audio_route: Apply path: PM_QOS_Vote
08-25 21:09:25.202  1365  6639 D AGM: graph: graph_prepare: 807 entry graph_handle 0x347534c
08-25 21:09:25.202  1365  6639 D AGM: graph_module: configure_pcm_shared_mem_ep: 1761 entry mod tag c0000002 miid 40bd mid 7001000
08-25 21:09:25.202  1365  6639 D AGM: graph_module: configure_pcm_shared_mem_ep: 1837 exit, ret 0
08-25 21:09:25.202  1365  6639 D AGM: graph_module: configure_hw_ep_media_config: 697 entry mod tag c0000004 miid 4023 mid 7001023
08-25 21:09:25.202  1365  6639 D AGM: graph_module: configure_hw_ep_media_config: 727 rate 48000 bw 16 ch 2, data_fmt 1
08-25 21:09:25.202  1365  6639 D AGM: graph_module: configure_hw_ep_media_config: 737 exit, ret 0
08-25 21:09:25.203  1365  6639 D AGM: graph_module: configure_codec_dma_ep: 314 cdc_dma intf cfg lpaif 2 indx 1 ch_msk 3
08-25 21:09:25.203  1365  6639 D AGM: graph_module: configure_codec_dma_ep: 329 exit, ret 0
08-25 21:09:25.203  1365  6639 D AGM: graph_module: configure_output_media_format: 820 entry mod tag c000000e miid 40bf mid 7001005
08-25 21:09:25.203  1365  6639 D AGM: graph_module: configure_output_media_format: 951 exit, ret 0
08-25 21:09:25.203  1365  6639 D AGM: graph_module: configure_output_media_format: 820 entry mod tag c0000010 miid 40c0 mid 7001003
08-25 21:09:25.203  1365  6639 D AGM: graph_module: configure_output_media_format: 951 exit, ret 0
08-25 21:09:25.203  1365  6639 D AGM: graph_module: configure_spr: 1965 SPR module IID 4165
08-25 21:09:25.203  1365  6639 D AGM: graph_module: configure_spr: 1988 HW EP module IID 4023
08-25 21:09:25.203  1365  6639 D AGM: graph: configure_buffer_params: 200 Enter
08-25 21:09:25.204  1365  6639 D AGM: graph: configure_buffer_params: 263 Playback sess buf_sz 768 num_bufs 2
08-25 21:09:25.204  1365  6639 E AGM: graph: configure_buffer_params: 296 Unsupported buffer mode : 0, Default to Blocking
08-25 21:09:25.204  1365  6639 D AGM: graph: configure_buffer_params: 316 exit, ret 0
08-25 21:09:25.206  1365  6639 D AGM: graph: graph_prepare: 885 exit, ret 0
08-25 21:09:25.206  1365  6639 D AGM: graph: graph_start: 899 entry graph_handle 0x347534c
08-25 21:09:25.207  2074 11988 D C2SoftVpxEnc: bytes generated 12194
08-25 21:09:25.208  1365  6639 D AGM: graph: graph_start: 912 exit, ret 0
08-25 21:09:25.217  2428  2428 E swr-mgr wsa_swr_ctrl: swr_mstr_interrupt: SWR CMD Ignored, fifo status 0x40000004
08-25 21:09:25.216  2074 11988 D C2SoftVpxEnc: bytes generated 11962
08-25 21:09:25.221  2428  2428 E swr-mgr wsa_swr_ctrl: swr_mstr_interrupt: SWR CMD Ignored, fifo status 0x4000000a
08-25 21:09:25.225  2428  2428 E swr-mgr wsa_swr_ctrl: swr_mstr_interrupt: SWR CMD Ignored, fifo status 0x40000006
08-25 21:09:25.225  2074 11988 D C2SoftVpxEnc: bytes generated 12259
08-25 21:09:25.229  2428  2428 E swr-mgr wsa_swr_ctrl: swr_mstr_interrupt: SWR CMD Ignored, fifo status 0x4000000a
08-25 21:09:25.231  2074 11988 D BufferPoolAccessor2.0: bufferpool2 0xb400007b6e66a728 : 66(226974 size) total buffers - 1(15583 size) used buffers - 737/3851 (recycle/alloc) - 3125/3850 (fetch/transfer)
08-25 21:09:25.231  2074 11988 D C2SoftVpxEnc: bytes generated 15583
08-25 21:09:25.240  2074 11988 D C2SoftVpxEnc: bytes generated 12359
08-25 21:09:25.249     0     0 E         : [    C1] qcom,gpr 3000000.remoteproc-adsp:glink-edge.adsp_apps.-1.-1: gpr_callback: Acquire wakelock in case of module event with timeout 200
08-25 21:09:25.243  1365  2713 I PAL: ResourceManager: mixerEventWaitThreadLoop: 5221: Event Received PCM121 event
08-25 21:09:25.246  1365  6639 I PAL: API: pal_stream_start: 388: Exit. status 0
08-25 21:09:25.246  1365  6639 I AHAL: AudioStream: configurePalOutputStream: 3705: notify GEF client of device config
08-25 21:09:25.246  1365  6639 D generic_effect_ar: gef_device_config_cb: stream type=6 sample_rate=48000 device=2
08-25 21:09:25.246  1365  6639 D AHAL: AudioStream: ~AutoPerfLock: 146: (release) perf_lock_handle: 0x132, count: 1
08-25 21:09:25.246  1365  6639 D AHAL: AudioStream: ~AutoPerfLock: 150: Releasing perf_lock_handle: 0x132
08-25 21:09:25.249  2074 11988 D C2SoftVpxEnc: bytes generated 13525
08-25 21:09:25.257  2074 11988 D C2SoftVpxEnc: bytes generated 13910
08-25 21:09:25.265  2074 11988 D C2SoftVpxEnc: bytes generated 8687
08-25 21:09:25.270  2074 11988 D C2SoftVpxEnc: bytes generated 9202
08-25 21:09:25.275  2074 11988 D C2SoftVpxEnc: bytes generated 9975
08-25 21:09:25.280  2074 11988 D C2SoftVpxEnc: bytes generated 8766
08-25 21:09:25.285  2074 11988 D C2SoftVpxEnc: bytes generated 10999
08-25 21:09:25.289  2074 11988 D C2SoftVpxEnc: bytes generated 8759
08-25 21:09:25.298  2074 11988 D C2SoftVpxEnc: bytes generated 15138
08-25 21:09:25.308 14070 14070 W ServiceManagerCppClient: Waited one second for android.hardware.secure_element.ISecureElement/eSE1 (is service started? Number of threads started in the threadpool: 15. Are binder threads started and available?)
08-25 21:09:25.310   789 14137 W libc    : Unable to set property "ctl.interface_start" to "aidl/android.hardware.secure_element.ISecureElement/eSE1": error code: 0x20
08-25 21:09:25.315   789   789 I servicemanager: Since 'android.hardware.secure_element.ISecureElement/eSE1' could not be found, trying to start it as a lazy AIDL service. (if it's not configured to be a lazy service, it may be stuck starting or still starting).
08-25 21:09:25.317 14137 14137 I servicemanager: Tried to start aidl service android.hardware.secure_element.ISecureElement/eSE1 as a lazy service, but was unable to. Usually this happens when a service is not installed, but if the service is intended to be used as a lazy service, then it may be configured incorrectly.
08-25 21:09:25.314  2074 11988 D C2SoftVpxEnc: bytes generated 10532
08-25 21:09:25.318  2074 11988 D C2SoftVpxEnc: bytes generated 6954
08-25 21:09:25.326  2074 11988 D C2SoftVpxEnc: bytes generated 10417
08-25 21:09:25.334  2074 11988 D C2SoftVpxEnc: bytes generated 8743
08-25 21:09:25.339  2074 11988 D C2SoftVpxEnc: bytes generated 9756
08-25 21:09:25.348  2074 11988 D C2SoftVpxEnc: bytes generated 15167
08-25 21:09:25.352  2074 11988 D BufferPoolAccessor2.0: bufferpool2 0xb400007b6e66a728 : 66(315557 size) total buffers - 1(10412 size) used buffers - 737/3868 (recycle/alloc) - 3142/3867 (fetch/transfer)
08-25 21:09:25.352  2074 11988 D C2SoftVpxEnc: bytes generated 10412
08-25 21:09:25.356  2074 11988 D C2SoftVpxEnc: bytes generated 11705
08-25 21:09:25.360  2074 11988 D C2SoftVpxEnc: bytes generated 8379
08-25 21:09:25.365  2074 11988 D C2SoftVpxEnc: bytes generated 10671
08-25 21:09:25.368  3857  4422 I BistoHotwordHelper: (REDACTED) getHotwordActive::active query: %s, watch: %s, devices connected: %s
08-25 21:09:25.370  2074 11988 D C2SoftVpxEnc: bytes generated 11031
08-25 21:09:25.375  2074 11988 D C2SoftVpxEnc: bytes generated 10489
08-25 21:09:25.390  2074 11988 D C2SoftVpxEnc: bytes generated 7794
08-25 21:09:25.396  2074 11988 D C2SoftVpxEnc: bytes generated 16016
08-25 21:09:25.404  2074 11988 D C2SoftVpxEnc: bytes generated 10906
08-25 21:09:25.411  2074 11988 D C2SoftVpxEnc: bytes generated 5310
08-25 21:09:25.419  2074 11988 D C2SoftVpxEnc: bytes generated 13837
08-25 21:09:25.433     0     0 E         : [    C1] qcom,gpr 3000000.remoteproc-adsp:glink-edge.adsp_apps.-1.-1: gpr_callback: Acquire wakelock in case of module event with timeout 200
08-25 21:09:25.427  1365  2713 I PAL: ResourceManager: mixerEventWaitThreadLoop: 5221: Event Received PCM121 event
08-25 21:09:25.428  2074 11988 D C2SoftVpxEnc: bytes generated 12755
08-25 21:09:25.434     0     0 E         : [    C1] qcom,gpr 3000000.remoteproc-adsp:glink-edge.adsp_apps.-1.-1: gpr_callback: Acquire wakelock in case of module event with timeout 200
08-25 21:09:25.428  1365  2713 I PAL: ResourceManager: mixerEventWaitThreadLoop: 5221: Event Received PCM121 event
08-25 21:09:25.430  1613  2729 D audioserver: FGS Logger Transaction failed
08-25 21:09:25.430  1613  2729 D audioserver: -129
08-25 21:09:25.432  2074 11988 D C2SoftVpxEnc: bytes generated 5349
08-25 21:09:25.439  2074 11988 D C2SoftVpxEnc: bytes generated 8069
08-25 21:09:25.444  2074 11988 D C2SoftVpxEnc: bytes generated 8051
08-25 21:09:25.451  2074 11988 D C2SoftVpxEnc: bytes generated 6597
08-25 21:09:25.460  2074 11988 D C2SoftVpxEnc: bytes generated 13220
08-25 21:09:25.469     0     0 E         : [    C1] qcom,gpr 3000000.remoteproc-adsp:glink-edge.adsp_apps.-1.-1: gpr_callback: Acquire wakelock in case of module event with timeout 200
08-25 21:09:25.463  1365  2713 I PAL: ResourceManager: mixerEventWaitThreadLoop: 5221: Event Received PCM121 event
08-25 21:09:25.464  1365  2942 D AHAL: AudioStream: out_update_source_metadata_v7: 1189: track count is 0 for usecase(1: low-latency-playback)
08-25 21:09:25.464  1365  2713 I PAL: ResourceManager: mixerEventWaitThreadLoop: 5221: Event Received PCM121 event
08-25 21:09:25.470     0     0 E         : [    C1] qcom,gpr 3000000.remoteproc-adsp:glink-edge.adsp_apps.-1.-1: gpr_callback: Acquire wakelock in case of module event with timeout 200
08-25 21:09:25.468  2074 11988 D BufferPoolAccessor2.0: bufferpool2 0xb400007b6e66a728 : 66(457516 size) total buffers - 1(11721 size) used buffers - 737/3885 (recycle/alloc) - 3159/3884 (fetch/transfer)
08-25 21:09:25.468  2074 11988 D C2SoftVpxEnc: bytes generated 11721
08-25 21:09:25.473  2074 11988 D C2SoftVpxEnc: bytes generated 5966
08-25 21:09:25.480  2074 11988 D C2SoftVpxEnc: bytes generated 11711
08-25 21:09:25.485  2074 11988 D C2SoftVpxEnc: bytes generated 7851
08-25 21:09:25.494  2074 11988 D C2SoftVpxEnc: bytes generated 12351
08-25 21:09:25.499  2074 11988 D C2SoftVpxEnc: bytes generated 11870
08-25 21:09:25.505  2074 11988 D C2SoftVpxEnc: bytes generated 7910
08-25 21:09:25.509  2074 11988 D C2SoftVpxEnc: bytes generated 8726
08-25 21:09:25.526  2074 11988 D C2SoftVpxEnc: bytes generated 9423
08-25 21:09:25.527  1366  5210 I vendor.qti.bluetooth@1.1-ibs_handler: ProcessIbsCmd: Received IBS_WAKE_IND: 0xFD
08-25 21:09:25.528  1366  5210 D vendor.qti.bluetooth@1.1-ibs_handler: SerialClockVote: vote for UART CLK ON
08-25 21:09:25.528  1366  5210 D vendor.qti.bluetooth@1.1-wake_lock: Acquire wakelock is acquired 
08-25 21:09:25.528  1366  5210 I vendor.qti.bluetooth@1.1-ibs_handler: ProcessIbsCmd: Writing IBS_WAKE_ACK
08-25 21:09:25.529  3116  5215 I bt_stack: [INFO:btm_ble_gap.cc(3326)] btm_ble_process_adv_pkt_cont Data Complete 4f:30:88:2e:c7:a3
08-25 21:09:25.530  2074 11988 D C2SoftVpxEnc: bytes generated 7944
08-25 21:09:25.533  3116  5215 I bt_stack: [INFO:btm_ble_gap.cc(3326)] btm_ble_process_adv_pkt_cont Data Complete 4f:30:88:2e:c7:a3
08-25 21:09:25.533  3116  5215 D bt_btm_ble: bool parse_adv_audio_uuids_from_adv_pkt(const uint8_t *, size_t, uint8_t): tmap_cap_pts: false
08-25 21:09:25.534  3116  3481 D BluetoothAdapterService: getIdentityAddress null retruning 4F:30:88:2E:C7:A3
08-25 21:09:25.536  2074 11988 D C2SoftVpxEnc: bytes generated 17798
08-25 21:09:25.540  2074 11988 D C2SoftVpxEnc: bytes generated 10302
08-25 21:09:25.544  2074 11988 D C2SoftVpxEnc: bytes generated 14571
08-25 21:09:25.551  2074 11988 D C2SoftVpxEnc: bytes generated 15733
08-25 21:09:25.554  2074 11988 D C2SoftVpxEnc: bytes generated 5703
08-25 21:09:25.566  2074 11988 D C2SoftVpxEnc: bytes generated 9573
08-25 21:09:25.569  1366  5210 I vendor.qti.bluetooth@1.1-ibs_handler: ProcessIbsCmd: Received IBS_SLEEP_IND: 0xFE
08-25 21:09:25.569  1366  5210 D vendor.qti.bluetooth@1.1-ibs_handler: SerialClockVote: vote for UART CLK OFF
08-25 21:09:25.571  2074 11988 D C2SoftVpxEnc: bytes generated 5748
08-25 21:09:25.581  2074 11988 D BufferPoolAccessor2.0: bufferpool2 0xb400007b6e66a728 : 66(597210 size) total buffers - 1(8569 size) used buffers - 737/3902 (recycle/alloc) - 3176/3901 (fetch/transfer)
08-25 21:09:25.581  2074 11988 D C2SoftVpxEnc: bytes generated 8569
08-25 21:09:25.586  2074 11988 D C2SoftVpxEnc: bytes generated 8421
08-25 21:09:25.590  2074 11988 D C2SoftVpxEnc: bytes generated 4562
08-25 21:09:25.594  2074 11988 D C2SoftVpxEnc: bytes generated 5768
08-25 21:09:25.606  2074 11988 D C2SoftVpxEnc: bytes generated 4915
08-25 21:09:25.613  2074 11988 D C2SoftVpxEnc: bytes generated 6873
08-25 21:09:25.622  2074 11988 D C2SoftVpxEnc: bytes generated 11312
08-25 21:09:25.629  2074 11988 D C2SoftVpxEnc: bytes generated 11466
08-25 21:09:25.631  1366  5210 I vendor.qti.bluetooth@1.1-ibs_handler: ProcessIbsCmd: Received IBS_WAKE_IND: 0xFD
08-25 21:09:25.632  1366  5210 D vendor.qti.bluetooth@1.1-ibs_handler: SerialClockVote: vote for UART CLK ON
08-25 21:09:25.632  1366  5210 I vendor.qti.bluetooth@1.1-ibs_handler: ProcessIbsCmd: Writing IBS_WAKE_ACK
08-25 21:09:25.633  2074 11988 D C2SoftVpxEnc: bytes generated 5999
08-25 21:09:25.633  3116  5215 I bt_stack: [INFO:btm_ble_gap.cc(3326)] btm_ble_process_adv_pkt_cont Data Complete 42:e2:3e:80:c9:d2
08-25 21:09:25.637  2074 11988 D C2SoftVpxEnc: bytes generated 10977
08-25 21:09:25.642  2609  2734 W AccessibilityWindowsPopulator: Windows change within in 2 frames continuously over 500 ms and notify windows changed immediately
08-25 21:09:25.644  2074 11988 D C2SoftVpxEnc: bytes generated 5204
08-25 21:09:25.647  2074 11988 D C2SoftVpxEnc: bytes generated 3556
08-25 21:09:25.663  2074 11988 D C2SoftVpxEnc: bytes generated 7984
08-25 21:09:25.670  2074 11988 D C2SoftVpxEnc: bytes generated 7598
08-25 21:09:25.672  1366  5210 I vendor.qti.bluetooth@1.1-ibs_handler: ProcessIbsCmd: Received IBS_SLEEP_IND: 0xFE
08-25 21:09:25.672  1366  5210 D vendor.qti.bluetooth@1.1-ibs_handler: SerialClockVote: vote for UART CLK OFF
08-25 21:09:25.674  2074 11988 D C2SoftVpxEnc: bytes generated 3964
08-25 21:09:25.677  2074 11988 D C2SoftVpxEnc: bytes generated 6190
08-25 21:09:25.686  2074 11988 D C2SoftVpxEnc: bytes generated 1507
08-25 21:09:25.690  2074 11988 D BufferPoolAccessor2.0: bufferpool2 0xb400007b6e66a728 : 66(612824 size) total buffers - 1(5462 size) used buffers - 737/3919 (recycle/alloc) - 3193/3918 (fetch/transfer)
08-25 21:09:25.690  2074 11988 D C2SoftVpxEnc: bytes generated 5462
08-25 21:09:25.709  2074 11988 D C2SoftVpxEnc: bytes generated 12592
08-25 21:09:25.713  2074 11988 D C2SoftVpxEnc: bytes generated 1082
08-25 21:09:25.716  2074 11988 D C2SoftVpxEnc: bytes generated 6777
08-25 21:09:25.719  2074 11988 D C2SoftVpxEnc: bytes generated 1002
08-25 21:09:25.729  2074 11988 D C2SoftVpxEnc: bytes generated 5822
08-25 21:09:25.734  2074 11988 D C2SoftVpxEnc: bytes generated 3685
08-25 21:09:25.741  2074 11988 D C2SoftVpxEnc: bytes generated 975
08-25 21:09:25.745  2074 11988 D C2SoftVpxEnc: bytes generated 7493
08-25 21:09:25.758  2074 11988 D C2SoftVpxEnc: bytes generated 2198
08-25 21:09:25.763  2074 11988 D C2SoftVpxEnc: bytes generated 961
08-25 21:09:25.766  2074 11988 D C2SoftVpxEnc: bytes generated 1670
08-25 21:09:25.776  2074 11988 D C2SoftVpxEnc: bytes generated 947
08-25 21:09:25.779  2074 11988 D C2SoftVpxEnc: bytes generated 976
08-25 21:09:25.792  2074 11988 D C2SoftVpxEnc: bytes generated 6611
08-25 21:09:25.795  2074 11988 D C2SoftVpxEnc: bytes generated 2479
08-25 21:09:25.823  1366  3496 D vendor.qti.bluetooth@1.1-wake_lock: Release wakelock is released 
08-25 21:09:25.856  1511  1705 I SDM     : DisplayBase::CommitThread: Received idle timeout, panel: cmd, timeout: 70000 us
08-25 21:09:25.893  2074 11988 D C2SoftVpxEnc: bytes generated 1745
08-25 21:09:25.998  2074 11988 D BufferPoolAccessor2.0: bufferpool2 0xb400007b6e66a728 : 66(493900 size) total buffers - 1(1562 size) used buffers - 737/3936 (recycle/alloc) - 3210/3935 (fetch/transfer)
08-25 21:09:25.999  2074 11988 D C2SoftVpxEnc: bytes generated 1562
08-25 21:09:26.099  2074 11988 D C2SoftVpxEnc: bytes generated 1530
08-25 21:09:26.105  2074 11988 D C2SoftVpxEnc: bytes generated 1525
08-25 21:09:26.110  2074 11988 D C2SoftVpxEnc: bytes generated 1549
08-25 21:09:26.112  1542  1542 D vendor.qti.vibrator: Vibrator perform effect 0
08-25 21:09:26.112  1542 14140 D vendor.qti.vibrator: Starting perform on another thread
08-25 21:09:26.113  1613  2948 D audioserver: FGS Logger Transaction failed
08-25 21:09:26.113  1613  2948 D audioserver: -129
08-25 21:09:26.115  2074 11988 D C2SoftVpxEnc: bytes generated 1570
08-25 21:09:26.116  1365  2942 D AHAL: AudioStream: out_update_source_metadata_v7: 1189: track count is 1 for usecase(1: low-latency-playback)
08-25 21:09:26.116  1365  2942 D AHAL: AudioStream: out_update_source_metadata_v7: 1231: Source metadata usage:13 content_type:4
08-25 21:09:26.116  1365  2942 D AHAL: AudioStream: SetAggregateSourceMetadata: 4036: Aggregated Source metadata usage:13 content_type:4
08-25 21:09:26.118  2074 11988 D C2SoftVpxEnc: bytes generated 1598
08-25 21:09:26.131  2074 11988 D C2SoftVpxEnc: bytes generated 1614
08-25 21:09:26.134  2074 11988 D C2SoftVpxEnc: bytes generated 1627
08-25 21:09:26.140  2074 11988 D C2SoftVpxEnc: bytes generated 1630
08-25 21:09:26.143  2074 11988 D C2SoftVpxEnc: bytes generated 1474
08-25 21:09:26.160  1542 14140 D vendor.qti.vibrator: Notifying perform complete
08-25 21:09:26.160  1542  1542 D vendor.qti.vibrator: QTI Vibrator off
08-25 21:09:26.161  2074 11988 D C2SoftVpxEnc: bytes generated 2177
08-25 21:09:26.166  2074 11988 D C2SoftVpxEnc: bytes generated 2116
08-25 21:09:26.174  2074 11988 D C2SoftVpxEnc: bytes generated 2041
08-25 21:09:26.180  2074 11988 D C2SoftVpxEnc: bytes generated 2706
08-25 21:09:26.183  2074 11988 D C2SoftVpxEnc: bytes generated 2206
08-25 21:09:26.187  2074 11988 D C2SoftVpxEnc: bytes generated 1777
08-25 21:09:26.200  2074 11988 D C2SoftVpxEnc: bytes generated 1725
08-25 21:09:26.205  2074 11988 D BufferPoolAccessor2.0: bufferpool2 0xb400007b6e66a728 : 66(355081 size) total buffers - 1(1809 size) used buffers - 737/3953 (recycle/alloc) - 3227/3952 (fetch/transfer)
08-25 21:09:26.205  2074 11988 D C2SoftVpxEnc: bytes generated 1809
08-25 21:09:26.212  2609  2731 D AutofillManagerService: Close system dialogs
08-25 21:09:26.212  2074 11988 D C2SoftVpxEnc: bytes generated 1806
08-25 21:09:26.216  3009  3009 I vol.VolumeDialogImpl: mDialog.dismiss() reason: volume_controller from: com.android.systemui.volume.VolumeDialogImpl$7.onDismissRequested:3
08-25 21:09:26.217  2074 11988 D C2SoftVpxEnc: bytes generated 1796
08-25 21:09:26.224  2074 11988 D C2SoftVpxEnc: bytes generated 1694
08-25 21:09:26.228  2074 11988 D C2SoftVpxEnc: bytes generated 1472
08-25 21:09:26.238  2074 11988 D C2SoftVpxEnc: bytes generated 1652
08-25 21:09:26.242  2074 11988 D C2SoftVpxEnc: bytes generated 1730
08-25 21:09:26.259  2074 11988 D C2SoftVpxEnc: bytes generated 28575
08-25 21:09:26.264  1366  5210 I vendor.qti.bluetooth@1.1-ibs_handler: ProcessIbsCmd: Received IBS_WAKE_IND: 0xFD
08-25 21:09:26.264  1366  5210 D vendor.qti.bluetooth@1.1-ibs_handler: SerialClockVote: vote for UART CLK ON
08-25 21:09:26.264  1366  5210 D vendor.qti.bluetooth@1.1-wake_lock: Acquire wakelock is acquired 
08-25 21:09:26.264  1366  5210 I vendor.qti.bluetooth@1.1-ibs_handler: ProcessIbsCmd: Writing IBS_WAKE_ACK
08-25 21:09:26.265  3116  5215 I bt_stack: [INFO:btm_ble_gap.cc(3326)] btm_ble_process_adv_pkt_cont Data Complete 4f:30:88:2e:c7:a3
08-25 21:09:26.265  2074 11988 D C2SoftVpxEnc: bytes generated 26068
08-25 21:09:26.265  3116  5215 I bt_stack: [INFO:btm_ble_gap.cc(3326)] btm_ble_process_adv_pkt_cont Data Complete 4f:30:88:2e:c7:a3
08-25 21:09:26.265  3116  5215 D bt_btm_ble: bool parse_adv_audio_uuids_from_adv_pkt(const uint8_t *, size_t, uint8_t): tmap_cap_pts: false
08-25 21:09:26.266  3116  5215 I bt_stack: [INFO:btm_ble_gap.cc(3326)] btm_ble_process_adv_pkt_cont Data Complete cf:ee:b2:38:cb:84
08-25 21:09:26.266  3116  5215 I bt_stack: [INFO:btm_ble_gap.cc(3326)] btm_ble_process_adv_pkt_cont Data Complete cf:ee:b2:38:cb:84
08-25 21:09:26.266  3116  5215 D bt_btm_ble: bool parse_adv_audio_uuids_from_adv_pkt(const uint8_t *, size_t, uint8_t): tmap_cap_pts: false
08-25 21:09:26.268  3116  3481 D BluetoothAdapterService: getIdentityAddress null retruning 4F:30:88:2E:C7:A3
08-25 21:09:26.270  3116  3481 D BluetoothAdapterService: getIdentityAddress null retruning CF:EE:B2:38:CB:84
08-25 21:09:26.270  2074 11988 D C2SoftVpxEnc: bytes generated 23332
08-25 21:09:26.275  2074 11988 D C2SoftVpxEnc: bytes generated 19210
08-25 21:09:26.295     0     0 E         : [    C1] qcom,gpr 3000000.remoteproc-adsp:glink-edge.adsp_apps.-1.-1: gpr_callback: Acquire wakelock in case of module event with timeout 200
08-25 21:09:26.290  1365  2713 I PAL: ResourceManager: mixerEventWaitThreadLoop: 5221: Event Received PCM121 event
08-25 21:09:26.290  1365  2713 I PAL: ResourceManager: mixerEventWaitThreadLoop: 5221: Event Received PCM121 event
08-25 21:09:26.296     0     0 E         : [    C1] qcom,gpr 3000000.remoteproc-adsp:glink-edge.adsp_apps.-1.-1: gpr_callback: Acquire wakelock in case of module event with timeout 200
08-25 21:09:26.297  2074 11988 D C2SoftVpxEnc: bytes generated 22619
08-25 21:09:26.302  2074 11988 D C2SoftVpxEnc: bytes generated 18883
08-25 21:09:26.305  1366  5210 I vendor.qti.bluetooth@1.1-ibs_handler: ProcessIbsCmd: Received IBS_SLEEP_IND: 0xFE
08-25 21:09:26.305  1366  5210 D vendor.qti.bluetooth@1.1-ibs_handler: SerialClockVote: vote for UART CLK OFF
08-25 21:09:26.307  2074 11988 D C2SoftVpxEnc: bytes generated 15776
08-25 21:09:26.309  1613  2729 D audioserver: FGS Logger Transaction failed
08-25 21:09:26.309  1613  2729 D audioserver: -129
08-25 21:09:26.309 14070 14070 W ServiceManagerCppClient: Waited one second for android.hardware.secure_element.ISecureElement/eSE1 (is service started? Number of threads started in the threadpool: 15. Are binder threads started and available?)
08-25 21:09:26.317   789   789 I servicemanager: Since 'android.hardware.secure_element.ISecureElement/eSE1' could not be found, trying to start it as a lazy AIDL service. (if it's not configured to be a lazy service, it may be stuck starting or still starting).
08-25 21:09:26.313  2074 11988 D C2SoftVpxEnc: bytes generated 19095
08-25 21:09:26.313   789 14149 W libc    : Unable to set property "ctl.interface_start" to "aidl/android.hardware.secure_element.ISecureElement/eSE1": error code: 0x20
08-25 21:09:26.320 14149 14149 I servicemanager: Tried to start aidl service android.hardware.secure_element.ISecureElement/eSE1 as a lazy service, but was unable to. Usually this happens when a service is not installed, but if the service is intended to be used as a lazy service, then it may be configured incorrectly.
08-25 21:09:26.317  2074 11988 D C2SoftVpxEnc: bytes generated 12081
08-25 21:09:26.322  2074 11988 D C2SoftVpxEnc: bytes generated 12420
08-25 21:09:26.331     0     0 E         : [    C1] qcom,gpr 3000000.remoteproc-adsp:glink-edge.adsp_apps.-1.-1: gpr_callback: Acquire wakelock in case of module event with timeout 200
08-25 21:09:26.326  1365  2713 I PAL: ResourceManager: mixerEventWaitThreadLoop: 5221: Event Received PCM121 event
08-25 21:09:26.326  2074 11988 D BufferPoolAccessor2.0: bufferpool2 0xb400007b6e66a728 : 66(407112 size) total buffers - 1(10877 size) used buffers - 737/3970 (recycle/alloc) - 3244/3969 (fetch/transfer)
08-25 21:09:26.332     0     0 E         : [    C1] qcom,gpr 3000000.remoteproc-adsp:glink-edge.adsp_apps.-1.-1: gpr_callback: Acquire wakelock in case of module event with timeout 200
08-25 21:09:26.326  2074 11988 D C2SoftVpxEnc: bytes generated 10877
08-25 21:09:26.330  2074 11988 D C2SoftVpxEnc: bytes generated 10020
08-25 21:09:26.333  1365  2713 I PAL: ResourceManager: mixerEventWaitThreadLoop: 5221: Event Received PCM121 event
08-25 21:09:26.338  1365  2942 D AHAL: AudioStream: out_update_source_metadata_v7: 1189: track count is 0 for usecase(1: low-latency-playback)
08-25 21:09:26.342  2074 11988 D C2SoftVpxEnc: bytes generated 8183
08-25 21:09:26.347  2074 11988 D C2SoftVpxEnc: bytes generated 10886
08-25 21:09:26.353  2074 11988 D C2SoftVpxEnc: bytes generated 7635
08-25 21:09:26.357  2074 11988 D C2SoftVpxEnc: bytes generated 7107
08-25 21:09:26.361  1366  5210 I vendor.qti.bluetooth@1.1-ibs_handler: ProcessIbsCmd: Received IBS_WAKE_IND: 0xFD
08-25 21:09:26.361  1366  5210 D vendor.qti.bluetooth@1.1-ibs_handler: SerialClockVote: vote for UART CLK ON
08-25 21:09:26.361  1366  5210 I vendor.qti.bluetooth@1.1-ibs_handler: ProcessIbsCmd: Writing IBS_WAKE_ACK
08-25 21:09:26.363  3116  5215 I bt_stack: [INFO:btm_ble_gap.cc(3326)] btm_ble_process_adv_pkt_cont Data Complete 4f:30:88:2e:c7:a3
08-25 21:09:26.363  2074 11988 D C2SoftVpxEnc: bytes generated 6813
08-25 21:09:26.368  2074 11988 D C2SoftVpxEnc: bytes generated 6354
08-25 21:09:26.369  3116  5215 I bt_stack: [INFO:btm_ble_gap.cc(3326)] btm_ble_process_adv_pkt_cont Data Complete c0:04:b1:82:c7:10
08-25 21:09:26.369  3116  5215 I bt_stack: [INFO:btm_ble_gap.cc(3326)] btm_ble_process_adv_pkt_cont Data Complete c0:04:b1:82:c7:10
08-25 21:09:26.369  3116  5215 D bt_btm_ble: bool parse_adv_audio_uuids_from_adv_pkt(const uint8_t *, size_t, uint8_t): tmap_cap_pts: false
08-25 21:09:26.371  3116  3481 D BluetoothRemoteDevices:  getMappingAddr null
08-25 21:09:26.371  3116  3481 D BluetoothAdapterService: getIdentityAddress null retruning C0:04:B1:82:C7:10
08-25 21:09:26.373  2074 11988 D C2SoftVpxEnc: bytes generated 7969
08-25 21:09:26.392  2074 11988 D C2SoftVpxEnc: bytes generated 7818
08-25 21:09:26.402  2074 11988 D C2SoftVpxEnc: bytes generated 22585
08-25 21:09:26.408  1366  5210 I vendor.qti.bluetooth@1.1-ibs_handler: ProcessIbsCmd: Received IBS_SLEEP_IND: 0xFE
08-25 21:09:26.408  1366  5210 D vendor.qti.bluetooth@1.1-ibs_handler: SerialClockVote: vote for UART CLK OFF
08-25 21:09:26.410  2074 11988 D C2SoftVpxEnc: bytes generated 15563
08-25 21:09:26.414  2074 11988 D C2SoftVpxEnc: bytes generated 12385
08-25 21:09:26.417  2074 11988 D C2SoftVpxEnc: bytes generated 6117
08-25 21:09:26.422  2074 11988 D C2SoftVpxEnc: bytes generated 12842
08-25 21:09:26.428  2074 11988 D C2SoftVpxEnc: bytes generated 19936
08-25 21:09:26.433  2074 11988 D C2SoftVpxEnc: bytes generated 21347
08-25 21:09:26.438  2074 11988 D BufferPoolAccessor2.0: bufferpool2 0xb400007b6e66a728 : 66(501281 size) total buffers - 1(23058 size) used buffers - 737/3987 (recycle/alloc) - 3261/3986 (fetch/transfer)
08-25 21:09:26.438  2074 11988 D C2SoftVpxEnc: bytes generated 23058
08-25 21:09:26.446  2074 11988 D C2SoftVpxEnc: bytes generated 22138
08-25 21:09:26.452  2074 11988 D C2SoftVpxEnc: bytes generated 23364
08-25 21:09:26.462  2074 11988 D C2SoftVpxEnc: bytes generated 24136
08-25 21:09:26.468  2074 11988 D C2SoftVpxEnc: bytes generated 24134
08-25 21:09:26.475  2074 11988 D C2SoftVpxEnc: bytes generated 21354
08-25 21:09:26.480  2074 11988 D C2SoftVpxEnc: bytes generated 20517
08-25 21:09:26.489  2074 11988 D C2SoftVpxEnc: bytes generated 18177
08-25 21:09:26.493  2074 11988 D C2SoftVpxEnc: bytes generated 15755
08-25 21:09:26.502  2074 11988 D C2SoftVpxEnc: bytes generated 5823
08-25 21:09:26.504  2074 11988 D C2SoftVpxEnc: bytes generated 1534
08-25 21:09:26.516  2074 11988 D C2SoftVpxEnc: bytes generated 1055
08-25 21:09:26.520  2074 11988 D C2SoftVpxEnc: bytes generated 876
08-25 21:09:26.526  2074 11988 D C2SoftVpxEnc: bytes generated 871
08-25 21:09:26.529  2074 11988 D C2SoftVpxEnc: bytes generated 9364
08-25 21:09:26.544  2074 11988 D C2SoftVpxEnc: bytes generated 2774
08-25 21:09:26.551  2074 11988 D C2SoftVpxEnc: bytes generated 830
08-25 21:09:26.555  2074 11988 D BufferPoolAccessor2.0: bufferpool2 0xb400007b6e66a728 : 66(647657 size) total buffers - 1(1632 size) used buffers - 737/4004 (recycle/alloc) - 3278/4003 (fetch/transfer)
08-25 21:09:26.555  2074 11988 D C2SoftVpxEnc: bytes generated 1632
08-25 21:09:26.558  2074 11988 D C2SoftVpxEnc: bytes generated 723
08-25 21:09:26.559  1366  3496 D vendor.qti.bluetooth@1.1-wake_lock: Release wakelock is released 
08-25 21:09:26.566  2074 11988 D C2SoftVpxEnc: bytes generated 1293
08-25 21:09:26.569  2074 11988 D C2SoftVpxEnc: bytes generated 1146
08-25 21:09:26.587  2074 11988 D C2SoftVpxEnc: bytes generated 1124
08-25 21:09:26.593  2074 11988 D C2SoftVpxEnc: bytes generated 1120
08-25 21:09:26.596  2074 11988 D C2SoftVpxEnc: bytes generated 1237
08-25 21:09:26.600  2074 11988 D C2SoftVpxEnc: bytes generated 1115
08-25 21:09:26.609  2074 11988 D C2SoftVpxEnc: bytes generated 1103
08-25 21:09:26.615  2074 11988 D C2SoftVpxEnc: bytes generated 1106
08-25 21:09:26.623  2074 11988 D C2SoftVpxEnc: bytes generated 1102
08-25 21:09:26.628  2074 11988 D C2SoftVpxEnc: bytes generated 1102
08-25 21:09:26.641  2074 11988 D C2SoftVpxEnc: bytes generated 1103
08-25 21:09:26.649  2074 11988 D C2SoftVpxEnc: bytes generated 1183
08-25 21:09:26.652  2074 11988 D C2SoftVpxEnc: bytes generated 1108
08-25 21:09:26.656  2074 11988 D C2SoftVpxEnc: bytes generated 1106
08-25 21:09:26.664  2074 11988 D C2SoftVpxEnc: bytes generated 1107
08-25 21:09:26.670  2074 11988 D C2SoftVpxEnc: bytes generated 1106
08-25 21:09:26.684  2074 11988 D C2SoftVpxEnc: bytes generated 1107
08-25 21:09:26.689  2074 11988 D C2SoftVpxEnc: bytes generated 1103
08-25 21:09:26.693  2074 11988 D C2SoftVpxEnc: bytes generated 1104
08-25 21:09:26.697  2074 11988 D C2SoftVpxEnc: bytes generated 1103
08-25 21:09:26.758  1511  1705 I SDM     : DisplayBase::CommitThread: Received idle timeout, panel: cmd, timeout: 70000 us
08-25 21:09:26.803  2074 11988 D C2SoftVpxEnc: bytes generated 1104
08-25 21:09:26.903  2074 11988 D C2SoftVpxEnc: bytes generated 1102
08-25 21:09:26.985  1366  5210 I vendor.qti.bluetooth@1.1-ibs_handler: ProcessIbsCmd: Received IBS_WAKE_IND: 0xFD
08-25 21:09:26.985  1366  5210 D vendor.qti.bluetooth@1.1-ibs_handler: SerialClockVote: vote for UART CLK ON
08-25 21:09:26.985  1366  5210 D vendor.qti.bluetooth@1.1-wake_lock: Acquire wakelock is acquired 
08-25 21:09:26.985  1366  5210 I vendor.qti.bluetooth@1.1-ibs_handler: ProcessIbsCmd: Writing IBS_WAKE_ACK
08-25 21:09:26.987  3116  5215 I bt_stack: [INFO:btm_ble_gap.cc(3326)] btm_ble_process_adv_pkt_cont Data Complete 4f:30:88:2e:c7:a3
08-25 21:09:26.987  3116  5215 I bt_stack: [INFO:btm_ble_gap.cc(3326)] btm_ble_process_adv_pkt_cont Data Complete 4f:30:88:2e:c7:a3
08-25 21:09:26.987  3116  5215 D bt_btm_ble: bool parse_adv_audio_uuids_from_adv_pkt(const uint8_t *, size_t, uint8_t): tmap_cap_pts: false
08-25 21:09:26.989  3116  3481 D BluetoothAdapterService: getIdentityAddress null retruning 4F:30:88:2E:C7:A3
08-25 21:09:27.007  1613  2948 D audioserver: FGS Logger Transaction failed
08-25 21:09:27.007  1613  2948 D audioserver: -129
08-25 21:09:27.009  1365  2942 D AHAL: AudioStream: out_update_source_metadata_v7: 1189: track count is 1 for usecase(1: low-latency-playback)
08-25 21:09:27.009  1365  2942 D AHAL: AudioStream: out_update_source_metadata_v7: 1231: Source metadata usage:13 content_type:4
08-25 21:09:27.009  1365  2942 D AHAL: AudioStream: SetAggregateSourceMetadata: 4036: Aggregated Source metadata usage:13 content_type:4
08-25 21:09:27.009  2074 11988 D C2SoftVpxEnc: bytes generated 1104
08-25 21:09:27.012  2609  3576 D CompatibilityChangeReporter: Compat change id reported: 265464455; UID 10223; state: DISABLED
08-25 21:09:27.013  2609  3576 D CompatibilityChangeReporter: Compat change id reported: 265452344; UID 10223; state: DISABLED
08-25 21:09:27.013  2609  3576 D CompatibilityChangeReporter: Compat change id reported: 266124927; UID 10223; state: DISABLED
08-25 21:09:27.013  2609  3576 D CompatibilityChangeReporter: Compat change id reported: 265451093; UID 10223; state: DISABLED
08-25 21:09:27.013  2609  3576 D CompatibilityChangeReporter: Compat change id reported: 265456536; UID 10223; state: DISABLED
08-25 21:09:27.014  2609  3576 D CompatibilityChangeReporter: Compat change id reported: 255940284; UID 10223; state: DISABLED
08-25 21:09:27.014  2609  3576 D CompatibilityChangeReporter: Compat change id reported: 236283604; UID 10223; state: DISABLED
08-25 21:09:27.014  2609  3576 D CompatibilityChangeReporter: Compat change id reported: 263959004; UID 10223; state: DISABLED
08-25 21:09:27.014  2609  3576 D CompatibilityChangeReporter: Compat change id reported: 264304459; UID 10223; state: DISABLED
08-25 21:09:27.014  2609  3576 D CompatibilityChangeReporter: Compat change id reported: 264301586; UID 10223; state: DISABLED
08-25 21:09:27.014  2609  3576 D CompatibilityChangeReporter: Compat change id reported: 254631730; UID 10223; state: DISABLED
08-25 21:09:27.014  2609  3576 D CompatibilityChangeReporter: Compat change id reported: 273509367; UID 10223; state: DISABLED
08-25 21:09:27.014  2609  3576 D CompatibilityChangeReporter: Compat change id reported: 263259275; UID 10223; state: DISABLED
08-25 21:09:27.015  2609  3576 D CompatibilityChangeReporter: Compat change id reported: 174042980; UID 10223; state: DISABLED
08-25 21:09:27.015  2609  3576 D CompatibilityChangeReporter: Compat change id reported: 174042936; UID 10223; state: DISABLED
08-25 21:09:27.015  2609  3576 D CompatibilityChangeReporter: Compat change id reported: 181136395; UID 10223; state: DISABLED
08-25 21:09:27.018   790   790 I hwservicemanager: getTransport: Cannot find entry vendor.qti.hardware.servicetracker@1.2::IServicetracker/default in either framework or device VINTF manifest.
08-25 21:09:27.018  2609  3576 W ActivityTaskManager: servicetracker HIDL not available
